[0.013s] Invoking command in '/home/ali-suleiman/first_slam_project/build/turtlebot3_gazebo': CMAKE_PREFIX_PATH=${CMAKE_PREFIX_PATH}:/opt/ros/jazzy DEBUGINFOD_URLS=https://debuginfod.ubuntu.com /usr/bin/cmake /home/ali-suleiman/first_slam_project/src/turtlebot3_gazebo -DCMAKE_INSTALL_PREFIX=/home/ali-suleiman/first_slam_project/install/turtlebot3_gazebo
[0.088s] -- The C compiler identification is GNU 13.3.0
[0.164s] -- The CXX compiler identification is GNU 13.3.0
[0.184s] -- Detecting C compiler ABI info
[0.303s] -- Detecting C compiler ABI info - done
[0.316s] -- Check for working C compiler: /usr/bin/cc - skipped
[0.317s] -- Detecting C compile features
[0.317s] -- Detecting C compile features - done
[0.331s] -- Detecting CXX compiler ABI info
[0.465s] -- Detecting CXX compiler ABI info - done
[0.478s] -- Check for working CXX compiler: /usr/bin/c++ - skipped
[0.478s] -- Detecting CXX compile features
[0.479s] -- Detecting CXX compile features - done
[0.489s] -- Found ament_cmake: 2.5.4 (/opt/ros/jazzy/share/ament_cmake/cmake)
[0.712s] -- Found Python3: /usr/bin/python3 (found version "3.12.3") found components: Interpreter 
[0.913s] -- Found ros_gz_sim: 1.0.16 (/opt/ros/jazzy/share/ros_gz_sim/cmake)
[1.005s] -- Found rosidl_generator_c: 4.6.6 (/opt/ros/jazzy/share/rosidl_generator_c/cmake)
[1.033s] -- Found rosidl_generator_cpp: 4.6.6 (/opt/ros/jazzy/share/rosidl_generator_cpp/cmake)
[1.065s] -- Using all available rosidl_typesupport_c: rosidl_typesupport_fastrtps_c;rosidl_typesupport_introspection_c
[1.103s] -- Using all available rosidl_typesupport_cpp: rosidl_typesupport_fastrtps_cpp;rosidl_typesupport_introspection_cpp
[1.250s] -- Found rmw_implementation_cmake: 7.3.2 (/opt/ros/jazzy/share/rmw_implementation_cmake/cmake)
[1.257s] -- Found rmw_cyclonedds_cpp: 2.2.3 (/opt/ros/jazzy/share/rmw_cyclonedds_cpp/cmake)
[1.315s] -- Using RMW implementation 'rmw_cyclonedds_cpp' as default
[1.737s] -- Found nav_msgs: 5.3.6 (/opt/ros/jazzy/share/nav_msgs/cmake)
[1.781s] -- Found sensor_msgs: 5.3.6 (/opt/ros/jazzy/share/sensor_msgs/cmake)
[1.823s] -- Found gz_math_vendor: 0.0.8 (/opt/ros/jazzy/share/gz_math_vendor/cmake)
[1.838s] -- Looking for gz-math7 -- found version 7.5.2
[1.849s] -- Searching for dependencies of gz-math7
[1.852s] -- Looking for gz-utils2 -- found version 2.2.1
[1.852s] -- Searching for dependencies of gz-utils2
[1.859s] -- Found gz_sim_vendor: 0.0.9 (/opt/ros/jazzy/share/gz_sim_vendor/cmake)
[1.956s] -- Looking for gz-sim8 -- found version 8.10.0
[1.956s] -- Searching for dependencies of gz-sim8
[1.959s] -- Looking for sdformat14 -- found version 14.8.0
[1.960s] -- Searching for dependencies of sdformat14
[1.968s] -- Checking for module 'tinyxml2'
[1.987s] --   Found tinyxml2, version 10.0.0
[2.031s] -- Looking for gz-math7 -- found version 7.5.2
[2.032s] -- Looking for gz-utils2 -- found version 2.2.1
[2.032s] -- Searching for dependencies of gz-utils2
[2.033s] -- Searching for <gz-utils2> component [cli]
[2.037s] -- Looking for gz-utils2-cli -- found version 2.2.1
[2.037s] -- Searching for dependencies of gz-utils2-cli
[2.042s] -- Looking for gz-plugin2 -- found version 2.0.4
[2.042s] -- Searching for dependencies of gz-plugin2
[2.042s] -- Looking for gz-utils2 -- found version 2.2.1
[2.043s] -- Searching for <gz-plugin2> component [loader]
[2.047s] -- Looking for gz-plugin2-loader -- found version 2.0.4
[2.047s] -- Searching for dependencies of gz-plugin2-loader
[2.048s] -- Searching for <gz-plugin2> component [register]
[2.051s] -- Looking for gz-plugin2-register -- found version 2.0.4
[2.052s] -- Searching for dependencies of gz-plugin2-register
[2.055s] -- Looking for gz-transport13 -- found version 13.5.0
[2.056s] -- Searching for dependencies of gz-transport13
[2.229s] -- Found Protobuf: /usr/lib/x86_64-linux-gnu/libprotobuf.so (found version "3.21.12") 
[2.252s] -- Config-file not installed for ZeroMQ -- checking for pkg-config
[2.258s] -- Checking for module 'libzmq >= 4'
[2.278s] --   Found libzmq, version 4.3.5
[2.334s] -- Found ZeroMQ: TRUE (Required is at least version "4") 
[2.343s] -- Checking for module 'uuid'
[2.364s] --   Found uuid, version 2.39.3
[2.434s] -- Found UUID: TRUE  
[2.436s] -- Looking for gz-utils2 -- found version 2.2.1
[2.439s] -- Looking for gz-msgs10 -- found version 10.3.2
[2.440s] -- Searching for dependencies of gz-msgs10
[2.486s] -- Looking for gz-utils2 -- found version 2.2.1
[2.487s] -- Looking for gz-math7 -- found version 7.5.2
[2.502s] -- Searching for <gz-transport13> component [log]
[2.505s] -- Looking for gz-transport13-log -- found version 13.5.0
[2.505s] -- Searching for dependencies of gz-transport13-log
[2.506s] -- Searching for <gz-transport13> component [parameters]
[2.511s] -- Looking for gz-transport13-parameters -- found version 13.5.0
[2.511s] -- Searching for dependencies of gz-transport13-parameters
[2.513s] -- Looking for gz-msgs10 -- found version 10.3.2
[2.517s] -- Looking for gz-common5 -- found version 5.7.1
[2.517s] -- Searching for dependencies of gz-common5
[2.517s] -- Looking for gz-utils2 -- found version 2.2.1
[2.519s] -- Looking for dlfcn.h - found
[2.522s] -- Looking for libdl - found
[2.524s] -- Found DL: TRUE  
[2.535s] -- Searching for <gz-common5> component [av]
[2.539s] -- Looking for gz-common5-av -- found version 5.7.1
[2.539s] -- Searching for dependencies of gz-common5-av
[2.547s] -- Checking for module 'libswscale'
[2.569s] --   Found libswscale, version 7.5.100
[2.620s] -- Found SWSCALE: TRUE  
[2.630s] -- Checking for module 'libavdevice >= 56.4.100'
[2.655s] --   Found libavdevice, version 60.3.100
[2.723s] -- Found AVDEVICE: TRUE (Required is at least version "56.4.100") 
[2.738s] -- Checking for module 'libavformat'
[2.763s] --   Found libavformat, version 60.16.100
[2.820s] -- Found AVFORMAT: TRUE  
[2.827s] -- Checking for module 'libavcodec'
[2.851s] --   Found libavcodec, version 60.31.102
[2.903s] -- Found AVCODEC: TRUE  
[2.910s] -- Checking for module 'libavutil'
[2.936s] --   Found libavutil, version 58.29.100
[2.984s] -- Found AVUTIL: TRUE  
[2.985s] -- Searching for <gz-common5> component [events]
[2.989s] -- Looking for gz-common5-events -- found version 5.7.1
[2.989s] -- Searching for dependencies of gz-common5-events
[2.990s] -- Looking for gz-math7 -- found version 7.5.2
[2.991s] -- Searching for <gz-common5> component [graphics]
[2.996s] -- Looking for gz-common5-graphics -- found version 5.7.1
[2.997s] -- Searching for dependencies of gz-common5-graphics
[2.997s] -- Looking for gz-math7 -- found version 7.5.2
[3.007s] -- Found GzAssimp: TRUE (found version "5.3.0") 
[3.008s] -- Searching for <gz-common5> component [io]
[3.012s] -- Looking for gz-common5-io -- found version 5.7.1
[3.012s] -- Searching for dependencies of gz-common5-io
[3.014s] -- Searching for <gz-common5> component [profiler]
[3.019s] -- Looking for gz-common5-profiler -- found version 5.7.1
[3.019s] -- Searching for dependencies of gz-common5-profiler
[3.023s] -- Looking for gz-fuel_tools9 -- found version 9.1.1
[3.023s] -- Searching for dependencies of gz-fuel_tools9
[3.168s] -- Found CURL: /usr/lib/x86_64-linux-gnu/libcurl.so (found version "8.5.0")  
[3.184s] -- Checking for module 'jsoncpp'
[3.207s] --   Found jsoncpp, version 1.9.5
[3.257s] -- Found JSONCPP: TRUE  
[3.285s] -- Checking for module 'yaml-0.1'
[3.309s] --   Found yaml-0.1, version 0.2.5
[3.360s] -- Found YAML: TRUE  
[3.368s] -- Checking for module 'libzip'
[3.392s] --   Found libzip, version 1.7.3
[3.441s] -- Found ZIP: TRUE  
[3.442s] -- Looking for gz-utils2 -- found version 2.2.1
[3.443s] -- Looking for gz-common5 -- found version 5.7.1
[3.443s] -- Searching for dependencies of gz-common5
[3.444s] -- Looking for gz-utils2 -- found version 2.2.1
[3.444s] -- Looking for dlfcn.h - found
[3.444s] -- Looking for libdl - found
[3.455s] -- Searching for <gz-common5> component [testing]
[3.459s] -- Looking for gz-common5-testing -- found version 5.7.1
[3.459s] -- Searching for dependencies of gz-common5-testing
[3.461s] -- Looking for gz-math7 -- found version 7.5.2
[3.462s] -- Looking for gz-msgs10 -- found version 10.3.2
[3.466s] -- Looking for gz-gui8 -- found version 8.4.0
[3.466s] -- Searching for dependencies of gz-gui8
[3.507s] -- Looking for gz-utils2 -- found version 2.2.1
[3.507s] -- Looking for gz-math7 -- found version 7.5.2
[3.508s] -- Looking for gz-common5 -- found version 5.7.1
[3.509s] -- Looking for gz-plugin2 -- found version 2.0.4
[3.510s] -- Looking for gz-transport13 -- found version 13.5.0
[3.513s] -- Looking for gz-rendering8 -- found version 8.2.2
[3.513s] -- Searching for dependencies of gz-rendering8
[3.514s] -- Looking for gz-math7 -- found version 7.5.2
[3.514s] -- Searching for dependencies of gz-math7
[3.514s] -- Looking for gz-utils2 -- found version 2.2.1
[3.515s] -- Searching for <gz-math7> component [eigen3]
[3.519s] -- Looking for gz-math7-eigen3 -- found version 7.5.2
[3.519s] -- Searching for dependencies of gz-math7-eigen3
[3.535s] -- Looking for gz-common5 -- found version 5.7.1
[3.536s] -- Searching for dependencies of gz-common5
[3.536s] -- Looking for gz-utils2 -- found version 2.2.1
[3.536s] -- Looking for dlfcn.h - found
[3.536s] -- Looking for libdl - found
[3.548s] -- Searching for <gz-common5> component [graphics]
[3.548s] -- Searching for <gz-common5> component [events]
[3.548s] -- Searching for <gz-common5> component [geospatial]
[3.551s] -- Looking for gz-common5-geospatial -- found version 5.7.1
[3.551s] -- Searching for dependencies of gz-common5-geospatial
[3.552s] -- Looking for gz-math7 -- found version 7.5.2
[3.553s] -- Looking for gz-common5 -- found version 5.7.1
[3.554s] -- Looking for gz-plugin2 -- found version 2.0.4
[3.554s] -- Searching for dependencies of gz-plugin2
[3.555s] -- Looking for gz-utils2 -- found version 2.2.1
[3.555s] -- Searching for <gz-plugin2> component [all]
[3.559s] -- Looking for all libraries of gz-plugin2 -- found version 2.0.4
[3.559s] -- Looking for gz-plugin2 -- found version 2.0.4
[3.561s] -- Looking for gz-utils2 -- found version 2.2.1
[3.585s] -- Found OpenGL: /usr/lib/x86_64-linux-gnu/libOpenGL.so  found components: OpenGL 
[3.587s] -- Looking for gz-msgs10 -- found version 10.3.2
[3.634s] -- Looking for gz-physics7 -- found version 7.6.0
[3.634s] -- Searching for dependencies of gz-physics7
[3.634s] -- Looking for gz-common5 -- found version 5.7.1
[3.635s] -- Looking for gz-math7 -- found version 7.5.2
[3.636s] -- Looking for gz-plugin2 -- found version 2.0.4
[3.636s] -- Looking for gz-utils2 -- found version 2.2.1
[3.638s] -- Searching for <gz-physics7> component [heightmap]
[3.641s] -- Looking for gz-physics7-heightmap -- found version 7.6.0
[3.641s] -- Searching for dependencies of gz-physics7-heightmap
[3.642s] -- Looking for gz-common5 -- found version 5.7.1
[3.642s] -- Searching for <gz-physics7> component [mesh]
[3.645s] -- Looking for gz-physics7-mesh -- found version 7.6.0
[3.645s] -- Searching for dependencies of gz-physics7-mesh
[3.646s] -- Looking for gz-common5 -- found version 5.7.1
[3.647s] -- Searching for <gz-physics7> component [sdf]
[3.649s] -- Looking for gz-physics7-sdf -- found version 7.6.0
[3.650s] -- Searching for dependencies of gz-physics7-sdf
[3.650s] -- Looking for sdformat14 -- found version 14.8.0
[3.654s] -- Looking for gz-sensors8 -- found version 8.2.2
[3.654s] -- Searching for dependencies of gz-sensors8
[3.686s] -- Looking for gz-math7 -- found version 7.5.2
[3.687s] -- Looking for gz-common5 -- found version 5.7.1
[3.687s] -- Looking for gz-transport13 -- found version 13.5.0
[3.688s] -- Looking for gz-rendering8 -- found version 8.2.2
[3.689s] -- Looking for gz-msgs10 -- found version 10.3.2
[3.689s] -- Looking for sdformat14 -- found version 14.8.0
[3.690s] -- Searching for <gz-sensors8> component [air_pressure]
[3.693s] -- Looking for gz-sensors8-air_pressure -- found version 8.2.2
[3.693s] -- Searching for dependencies of gz-sensors8-air_pressure
[3.694s] -- Searching for <gz-sensors8> component [air_speed]
[3.697s] -- Looking for gz-sensors8-air_speed -- found version 8.2.2
[3.698s] -- Searching for dependencies of gz-sensors8-air_speed
[3.701s] -- Searching for <gz-sensors8> component [altimeter]
[3.704s] -- Looking for gz-sensors8-altimeter -- found version 8.2.2
[3.704s] -- Searching for dependencies of gz-sensors8-altimeter
[3.705s] -- Searching for <gz-sensors8> component [imu]
[3.707s] -- Looking for gz-sensors8-imu -- found version 8.2.2
[3.707s] -- Searching for dependencies of gz-sensors8-imu
[3.708s] -- Searching for <gz-sensors8> component [force_torque]
[3.711s] -- Looking for gz-sensors8-force_torque -- found version 8.2.2
[3.711s] -- Searching for dependencies of gz-sensors8-force_torque
[3.712s] -- Searching for <gz-sensors8> component [logical_camera]
[3.715s] -- Looking for gz-sensors8-logical_camera -- found version 8.2.2
[3.715s] -- Searching for dependencies of gz-sensors8-logical_camera
[3.716s] -- Searching for <gz-sensors8> component [magnetometer]
[3.719s] -- Looking for gz-sensors8-magnetometer -- found version 8.2.2
[3.719s] -- Searching for dependencies of gz-sensors8-magnetometer
[3.720s] -- Searching for <gz-sensors8> component [navsat]
[3.722s] -- Looking for gz-sensors8-navsat -- found version 8.2.2
[3.723s] -- Searching for dependencies of gz-sensors8-navsat
[3.724s] -- Searching for <gz-sensors8> component [dvl]
[3.726s] -- Looking for gz-sensors8-dvl -- found version 8.2.2
[3.727s] -- Searching for dependencies of gz-sensors8-dvl
[3.727s] -- Looking for gz-sensors8 -- found version 8.2.2
[3.727s] -- Searching for dependencies of gz-sensors8
[3.759s] -- Looking for gz-math7 -- found version 7.5.2
[3.760s] -- Looking for gz-common5 -- found version 5.7.1
[3.760s] -- Looking for gz-transport13 -- found version 13.5.0
[3.761s] -- Looking for gz-rendering8 -- found version 8.2.2
[3.762s] -- Looking for gz-msgs10 -- found version 10.3.2
[3.762s] -- Looking for sdformat14 -- found version 14.8.0
[3.763s] -- Searching for <gz-sensors8> component [rendering]
[3.765s] -- Looking for gz-sensors8-rendering -- found version 8.2.2
[3.765s] -- Searching for dependencies of gz-sensors8-rendering
[3.768s] -- Searching for <gz-sensors8> component [rendering]
[3.768s] -- Searching for <gz-sensors8> component [lidar]
[3.770s] -- Looking for gz-sensors8-lidar -- found version 8.2.2
[3.770s] -- Searching for dependencies of gz-sensors8-lidar
[3.771s] -- Looking for gz-sensors8 -- found version 8.2.2
[3.772s] -- Searching for <gz-sensors8> component [gpu_lidar]
[3.775s] -- Looking for gz-sensors8-gpu_lidar -- found version 8.2.2
[3.775s] -- Searching for dependencies of gz-sensors8-gpu_lidar
[3.776s] -- Looking for gz-sensors8 -- found version 8.2.2
[3.777s] -- Searching for <gz-sensors8> component [camera]
[3.779s] -- Looking for gz-sensors8-camera -- found version 8.2.2
[3.780s] -- Searching for dependencies of gz-sensors8-camera
[3.780s] -- Looking for gz-sensors8 -- found version 8.2.2
[3.781s] -- Searching for <gz-sensors8> component [boundingbox_camera]
[3.784s] -- Looking for gz-sensors8-boundingbox_camera -- found version 8.2.2
[3.784s] -- Searching for dependencies of gz-sensors8-boundingbox_camera
[3.785s] -- Searching for <gz-sensors8> component [segmentation_camera]
[3.788s] -- Looking for gz-sensors8-segmentation_camera -- found version 8.2.2
[3.788s] -- Searching for dependencies of gz-sensors8-segmentation_camera
[3.789s] -- Searching for <gz-sensors8> component [depth_camera]
[3.791s] -- Looking for gz-sensors8-depth_camera -- found version 8.2.2
[3.791s] -- Searching for dependencies of gz-sensors8-depth_camera
[3.792s] -- Looking for gz-sensors8 -- found version 8.2.2
[3.793s] -- Searching for <gz-sensors8> component [rgbd_camera]
[3.796s] -- Looking for gz-sensors8-rgbd_camera -- found version 8.2.2
[3.796s] -- Searching for dependencies of gz-sensors8-rgbd_camera
[3.797s] -- Looking for gz-sensors8 -- found version 8.2.2
[3.799s] -- Searching for <gz-sensors8> component [thermal_camera]
[3.802s] -- Looking for gz-sensors8-thermal_camera -- found version 8.2.2
[3.802s] -- Searching for dependencies of gz-sensors8-thermal_camera
[3.802s] -- Looking for gz-sensors8 -- found version 8.2.2
[3.803s] -- Searching for <gz-sensors8> component [wide_angle_camera]
[3.806s] -- Looking for gz-sensors8-wide_angle_camera -- found version 8.2.2
[3.806s] -- Searching for dependencies of gz-sensors8-wide_angle_camera
[3.808s] -- Looking for gz-rendering8 -- found version 8.2.2
[3.808s] -- Looking for gz-math7 -- found version 7.5.2
[3.809s] -- Looking for gz-utils2 -- found version 2.2.1
[3.847s] -- Looking for gz-plugin2 -- found version 2.0.4
[3.992s] -- Configuring done (4.0s)
[4.045s] -- Generating done (0.0s)
[4.057s] -- Build files have been written to: /home/ali-suleiman/first_slam_project/build/turtlebot3_gazebo
[4.080s] Invoked command in '/home/ali-suleiman/first_slam_project/build/turtlebot3_gazebo' returned '0': CMAKE_PREFIX_PATH=${CMAKE_PREFIX_PATH}:/opt/ros/jazzy DEBUGINFOD_URLS=https://debuginfod.ubuntu.com /usr/bin/cmake /home/ali-suleiman/first_slam_project/src/turtlebot3_gazebo -DCMAKE_INSTALL_PREFIX=/home/ali-suleiman/first_slam_project/install/turtlebot3_gazebo
[4.082s] Invoking command in '/home/ali-suleiman/first_slam_project/build/turtlebot3_gazebo': CMAKE_PREFIX_PATH=${CMAKE_PREFIX_PATH}:/opt/ros/jazzy DEBUGINFOD_URLS=https://debuginfod.ubuntu.com /usr/bin/cmake --build /home/ali-suleiman/first_slam_project/build/turtlebot3_gazebo -- -j12 -l12
[4.158s] [ 50%] [32mBuilding CXX object CMakeFiles/obstacles.dir/src/obstacles.cpp.o[0m
[4.158s] [ 50%] [32mBuilding CXX object CMakeFiles/obstacle1.dir/src/obstacle1.cpp.o[0m
[4.159s] [ 50%] [32mBuilding CXX object CMakeFiles/obstacle2.dir/src/obstacle2.cpp.o[0m
[4.159s] [ 50%] [32mBuilding CXX object CMakeFiles/turtlebot3_drive.dir/src/turtlebot3_drive.cpp.o[0m
[7.505s] [ 62%] [32m[1mLinking CXX shared library libobstacle1.so[0m
[7.541s] [ 75%] [32m[1mLinking CXX shared library libobstacle2.so[0m
[7.870s] [ 75%] Built target obstacle2
[7.912s] [ 75%] Built target obstacle1
[8.273s] [ 87%] [32m[1mLinking CXX shared library libobstacles.so[0m
[8.574s] [ 87%] Built target obstacles
[19.638s] [100%] [32m[1mLinking CXX executable turtlebot3_drive[0m
[20.207s] [100%] Built target turtlebot3_drive
[20.223s] Invoked command in '/home/ali-suleiman/first_slam_project/build/turtlebot3_gazebo' returned '0': CMAKE_PREFIX_PATH=${CMAKE_PREFIX_PATH}:/opt/ros/jazzy DEBUGINFOD_URLS=https://debuginfod.ubuntu.com /usr/bin/cmake --build /home/ali-suleiman/first_slam_project/build/turtlebot3_gazebo -- -j12 -l12
[20.224s] Invoking command in '/home/ali-suleiman/first_slam_project/build/turtlebot3_gazebo': CMAKE_PREFIX_PATH=${CMAKE_PREFIX_PATH}:/opt/ros/jazzy DEBUGINFOD_URLS=https://debuginfod.ubuntu.com /usr/bin/cmake --install /home/ali-suleiman/first_slam_project/build/turtlebot3_gazebo
[20.235s] -- Install configuration: ""
[20.235s] -- Installing: /home/ali-suleiman/first_slam_project/install/turtlebot3_gazebo/lib/turtlebot3_gazebo/turtlebot3_drive
[20.242s] -- Set non-toolchain portion of runtime path of "/home/ali-suleiman/first_slam_project/install/turtlebot3_gazebo/lib/turtlebot3_gazebo/turtlebot3_drive" to ""
[20.242s] -- Installing: /home/ali-suleiman/first_slam_project/install/turtlebot3_gazebo/lib/turtlebot3_gazebo/libobstacles.so
[20.243s] -- Set non-toolchain portion of runtime path of "/home/ali-suleiman/first_slam_project/install/turtlebot3_gazebo/lib/turtlebot3_gazebo/libobstacles.so" to ""
[20.243s] -- Installing: /home/ali-suleiman/first_slam_project/install/turtlebot3_gazebo/lib/turtlebot3_gazebo/libobstacle1.so
[20.244s] -- Set non-toolchain portion of runtime path of "/home/ali-suleiman/first_slam_project/install/turtlebot3_gazebo/lib/turtlebot3_gazebo/libobstacle1.so" to ""
[20.244s] -- Installing: /home/ali-suleiman/first_slam_project/install/turtlebot3_gazebo/lib/turtlebot3_gazebo/libobstacle2.so
[20.244s] -- Set non-toolchain portion of runtime path of "/home/ali-suleiman/first_slam_project/install/turtlebot3_gazebo/lib/turtlebot3_gazebo/libobstacle2.so" to ""
[20.245s] -- Installing: /home/ali-suleiman/first_slam_project/install/turtlebot3_gazebo/share/turtlebot3_gazebo//launch
[20.245s] -- Installing: /home/ali-suleiman/first_slam_project/install/turtlebot3_gazebo/share/turtlebot3_gazebo//launch/turtlebot3_dqn_stage4.launch.py
[20.245s] -- Installing: /home/ali-suleiman/first_slam_project/install/turtlebot3_gazebo/share/turtlebot3_gazebo//launch/turtlebot3_house.launch.py
[20.245s] -- Installing: /home/ali-suleiman/first_slam_project/install/turtlebot3_gazebo/share/turtlebot3_gazebo//launch/turtlebot3_world.launch.py
[20.245s] -- Installing: /home/ali-suleiman/first_slam_project/install/turtlebot3_gazebo/share/turtlebot3_gazebo//launch/turtlebot3_my_world.launch.py
[20.245s] -- Installing: /home/ali-suleiman/first_slam_project/install/turtlebot3_gazebo/share/turtlebot3_gazebo//launch/robot_state_publisher.launch.py
[20.245s] -- Installing: /home/ali-suleiman/first_slam_project/install/turtlebot3_gazebo/share/turtlebot3_gazebo//launch/turtlebot3_dqn_stage2.launch.py
[20.246s] -- Installing: /home/ali-suleiman/first_slam_project/install/turtlebot3_gazebo/share/turtlebot3_gazebo//launch/turtlebot3_dqn_stage3.launch.py
[20.246s] -- Installing: /home/ali-suleiman/first_slam_project/install/turtlebot3_gazebo/share/turtlebot3_gazebo//launch/empty_world.launch.py
[20.246s] -- Installing: /home/ali-suleiman/first_slam_project/install/turtlebot3_gazebo/share/turtlebot3_gazebo//launch/turtlebot3_dqn_stage1.launch.py
[20.246s] -- Installing: /home/ali-suleiman/first_slam_project/install/turtlebot3_gazebo/share/turtlebot3_gazebo//launch/spawn_turtlebot3.launch.py
[20.246s] -- Installing: /home/ali-suleiman/first_slam_project/install/turtlebot3_gazebo/share/turtlebot3_gazebo//models
[20.246s] -- Installing: /home/ali-suleiman/first_slam_project/install/turtlebot3_gazebo/share/turtlebot3_gazebo//models/turtlebot3_house
[20.246s] -- Installing: /home/ali-suleiman/first_slam_project/install/turtlebot3_gazebo/share/turtlebot3_gazebo//models/turtlebot3_house/first_2015_trash_can
[20.247s] -- Installing: /home/ali-suleiman/first_slam_project/install/turtlebot3_gazebo/share/turtlebot3_gazebo//models/turtlebot3_house/first_2015_trash_can/meshes
[20.247s] -- Installing: /home/ali-suleiman/first_slam_project/install/turtlebot3_gazebo/share/turtlebot3_gazebo//models/turtlebot3_house/first_2015_trash_can/meshes/trash_can.dae
[20.248s] -- Installing: /home/ali-suleiman/first_slam_project/install/turtlebot3_gazebo/share/turtlebot3_gazebo//models/turtlebot3_house/first_2015_trash_can/model.config
[20.248s] -- Installing: /home/ali-suleiman/first_slam_project/install/turtlebot3_gazebo/share/turtlebot3_gazebo//models/turtlebot3_house/first_2015_trash_can/model.sdf
[20.248s] -- Installing: /home/ali-suleiman/first_slam_project/install/turtlebot3_gazebo/share/turtlebot3_gazebo//models/turtlebot3_house/model.config
[20.248s] -- Installing: /home/ali-suleiman/first_slam_project/install/turtlebot3_gazebo/share/turtlebot3_gazebo//models/turtlebot3_house/cafe_table
[20.249s] -- Installing: /home/ali-suleiman/first_slam_project/install/turtlebot3_gazebo/share/turtlebot3_gazebo//models/turtlebot3_house/cafe_table/meshes
[20.249s] -- Installing: /home/ali-suleiman/first_slam_project/install/turtlebot3_gazebo/share/turtlebot3_gazebo//models/turtlebot3_house/cafe_table/meshes/cafe_table.dae
[20.249s] -- Installing: /home/ali-suleiman/first_slam_project/install/turtlebot3_gazebo/share/turtlebot3_gazebo//models/turtlebot3_house/cafe_table/model.config
[20.249s] -- Installing: /home/ali-suleiman/first_slam_project/install/turtlebot3_gazebo/share/turtlebot3_gazebo//models/turtlebot3_house/cafe_table/materials
[20.249s] -- Installing: /home/ali-suleiman/first_slam_project/install/turtlebot3_gazebo/share/turtlebot3_gazebo//models/turtlebot3_house/cafe_table/materials/textures
[20.250s] -- Installing: /home/ali-suleiman/first_slam_project/install/turtlebot3_gazebo/share/turtlebot3_gazebo//models/turtlebot3_house/cafe_table/materials/textures/Wood_Floor_Dark.jpg
[20.250s] -- Installing: /home/ali-suleiman/first_slam_project/install/turtlebot3_gazebo/share/turtlebot3_gazebo//models/turtlebot3_house/cafe_table/materials/textures/Maple.jpg
[20.250s] -- Installing: /home/ali-suleiman/first_slam_project/install/turtlebot3_gazebo/share/turtlebot3_gazebo//models/turtlebot3_house/cafe_table/model-1_4.sdf
[20.250s] -- Installing: /home/ali-suleiman/first_slam_project/install/turtlebot3_gazebo/share/turtlebot3_gazebo//models/turtlebot3_house/cafe_table/model.sdf
[20.250s] -- Installing: /home/ali-suleiman/first_slam_project/install/turtlebot3_gazebo/share/turtlebot3_gazebo//models/turtlebot3_house/mailbox
[20.250s] -- Installing: /home/ali-suleiman/first_slam_project/install/turtlebot3_gazebo/share/turtlebot3_gazebo//models/turtlebot3_house/mailbox/meshes
[20.251s] -- Installing: /home/ali-suleiman/first_slam_project/install/turtlebot3_gazebo/share/turtlebot3_gazebo//models/turtlebot3_house/mailbox/meshes/mailbox.dae
[20.251s] -- Installing: /home/ali-suleiman/first_slam_project/install/turtlebot3_gazebo/share/turtlebot3_gazebo//models/turtlebot3_house/mailbox/model.config
[20.251s] -- Installing: /home/ali-suleiman/first_slam_project/install/turtlebot3_gazebo/share/turtlebot3_gazebo//models/turtlebot3_house/mailbox/materials
[20.251s] -- Installing: /home/ali-suleiman/first_slam_project/install/turtlebot3_gazebo/share/turtlebot3_gazebo//models/turtlebot3_house/mailbox/materials/scripts
[20.251s] -- Installing: /home/ali-suleiman/first_slam_project/install/turtlebot3_gazebo/share/turtlebot3_gazebo//models/turtlebot3_house/mailbox/materials/scripts/mailbox.material
[20.251s] -- Installing: /home/ali-suleiman/first_slam_project/install/turtlebot3_gazebo/share/turtlebot3_gazebo//models/turtlebot3_house/mailbox/materials/textures
[20.251s] -- Installing: /home/ali-suleiman/first_slam_project/install/turtlebot3_gazebo/share/turtlebot3_gazebo//models/turtlebot3_house/mailbox/materials/textures/Mailbox_Diffuse.png
[20.252s] -- Installing: /home/ali-suleiman/first_slam_project/install/turtlebot3_gazebo/share/turtlebot3_gazebo//models/turtlebot3_house/mailbox/materials/textures/Mailbox_Diffuse.tga.orig
[20.252s] -- Installing: /home/ali-suleiman/first_slam_project/install/turtlebot3_gazebo/share/turtlebot3_gazebo//models/turtlebot3_house/mailbox/materials/textures/Mailbox_Spec.png
[20.252s] -- Installing: /home/ali-suleiman/first_slam_project/install/turtlebot3_gazebo/share/turtlebot3_gazebo//models/turtlebot3_house/mailbox/model-1_3.sdf
[20.252s] -- Installing: /home/ali-suleiman/first_slam_project/install/turtlebot3_gazebo/share/turtlebot3_gazebo//models/turtlebot3_house/mailbox/model-1_4.sdf
[20.253s] -- Installing: /home/ali-suleiman/first_slam_project/install/turtlebot3_gazebo/share/turtlebot3_gazebo//models/turtlebot3_house/mailbox/model.sdf
[20.253s] -- Installing: /home/ali-suleiman/first_slam_project/install/turtlebot3_gazebo/share/turtlebot3_gazebo//models/turtlebot3_house/textures
[20.253s] -- Installing: /home/ali-suleiman/first_slam_project/install/turtlebot3_gazebo/share/turtlebot3_gazebo//models/turtlebot3_house/textures/bricks.png
[20.255s] -- Installing: /home/ali-suleiman/first_slam_project/install/turtlebot3_gazebo/share/turtlebot3_gazebo//models/turtlebot3_house/textures/wood.png
[20.255s] -- Installing: /home/ali-suleiman/first_slam_project/install/turtlebot3_gazebo/share/turtlebot3_gazebo//models/turtlebot3_house/model.sdf
[20.255s] -- Installing: /home/ali-suleiman/first_slam_project/install/turtlebot3_gazebo/share/turtlebot3_gazebo//models/turtlebot3_house/table_marble
[20.256s] -- Installing: /home/ali-suleiman/first_slam_project/install/turtlebot3_gazebo/share/turtlebot3_gazebo//models/turtlebot3_house/table_marble/meshes
[20.256s] -- Installing: /home/ali-suleiman/first_slam_project/install/turtlebot3_gazebo/share/turtlebot3_gazebo//models/turtlebot3_house/table_marble/meshes/table_lightmap.dae
[20.256s] -- Installing: /home/ali-suleiman/first_slam_project/install/turtlebot3_gazebo/share/turtlebot3_gazebo//models/turtlebot3_house/table_marble/model.config
[20.256s] -- Installing: /home/ali-suleiman/first_slam_project/install/turtlebot3_gazebo/share/turtlebot3_gazebo//models/turtlebot3_house/table_marble/materials
[20.256s] -- Installing: /home/ali-suleiman/first_slam_project/install/turtlebot3_gazebo/share/turtlebot3_gazebo//models/turtlebot3_house/table_marble/materials/scripts
[20.256s] -- Installing: /home/ali-suleiman/first_slam_project/install/turtlebot3_gazebo/share/turtlebot3_gazebo//models/turtlebot3_house/table_marble/materials/scripts/table_lightmap.material
[20.257s] -- Installing: /home/ali-suleiman/first_slam_project/install/turtlebot3_gazebo/share/turtlebot3_gazebo//models/turtlebot3_house/table_marble/materials/textures
[20.257s] -- Installing: /home/ali-suleiman/first_slam_project/install/turtlebot3_gazebo/share/turtlebot3_gazebo//models/turtlebot3_house/table_marble/materials/textures/table_lightmap.png
[20.257s] -- Installing: /home/ali-suleiman/first_slam_project/install/turtlebot3_gazebo/share/turtlebot3_gazebo//models/turtlebot3_house/table_marble/materials/textures/marble.png
[20.257s] -- Installing: /home/ali-suleiman/first_slam_project/install/turtlebot3_gazebo/share/turtlebot3_gazebo//models/turtlebot3_house/table_marble/model-1_4.sdf
[20.257s] -- Installing: /home/ali-suleiman/first_slam_project/install/turtlebot3_gazebo/share/turtlebot3_gazebo//models/turtlebot3_house/table_marble/model.sdf
[20.257s] -- Installing: /home/ali-suleiman/first_slam_project/install/turtlebot3_gazebo/share/turtlebot3_gazebo//models/turtlebot3_burger
[20.257s] -- Installing: /home/ali-suleiman/first_slam_project/install/turtlebot3_gazebo/share/turtlebot3_gazebo//models/turtlebot3_burger/model.config
[20.258s] -- Installing: /home/ali-suleiman/first_slam_project/install/turtlebot3_gazebo/share/turtlebot3_gazebo//models/turtlebot3_burger/model-1_4.sdf
[20.258s] -- Installing: /home/ali-suleiman/first_slam_project/install/turtlebot3_gazebo/share/turtlebot3_gazebo//models/turtlebot3_burger/model.sdf
[20.258s] -- Installing: /home/ali-suleiman/first_slam_project/install/turtlebot3_gazebo/share/turtlebot3_gazebo//models/turtlebot3_waffle
[20.258s] -- Installing: /home/ali-suleiman/first_slam_project/install/turtlebot3_gazebo/share/turtlebot3_gazebo//models/turtlebot3_waffle/model.config
[20.258s] -- Installing: /home/ali-suleiman/first_slam_project/install/turtlebot3_gazebo/share/turtlebot3_gazebo//models/turtlebot3_waffle/model-1_4.sdf
[20.258s] -- Installing: /home/ali-suleiman/first_slam_project/install/turtlebot3_gazebo/share/turtlebot3_gazebo//models/turtlebot3_waffle/model.sdf
[20.258s] -- Installing: /home/ali-suleiman/first_slam_project/install/turtlebot3_gazebo/share/turtlebot3_gazebo//models/turtlebot3_common
[20.259s] -- Installing: /home/ali-suleiman/first_slam_project/install/turtlebot3_gazebo/share/turtlebot3_gazebo//models/turtlebot3_common/meshes
[20.259s] -- Installing: /home/ali-suleiman/first_slam_project/install/turtlebot3_gazebo/share/turtlebot3_gazebo//models/turtlebot3_common/meshes/burger_base.dae
[20.259s] -- Installing: /home/ali-suleiman/first_slam_project/install/turtlebot3_gazebo/share/turtlebot3_gazebo//models/turtlebot3_common/meshes/waffle_pi_base.dae
[20.259s] -- Installing: /home/ali-suleiman/first_slam_project/install/turtlebot3_gazebo/share/turtlebot3_gazebo//models/turtlebot3_common/meshes/sensors
[20.259s] -- Installing: /home/ali-suleiman/first_slam_project/install/turtlebot3_gazebo/share/turtlebot3_gazebo//models/turtlebot3_common/meshes/sensors/r200.dae
[20.259s] -- Installing: /home/ali-suleiman/first_slam_project/install/turtlebot3_gazebo/share/turtlebot3_gazebo//models/turtlebot3_common/meshes/sensors/astra.dae
[20.267s] -- Installing: /home/ali-suleiman/first_slam_project/install/turtlebot3_gazebo/share/turtlebot3_gazebo//models/turtlebot3_common/meshes/sensors/lds.stl
[20.267s] -- Installing: /home/ali-suleiman/first_slam_project/install/turtlebot3_gazebo/share/turtlebot3_gazebo//models/turtlebot3_common/meshes/sensors/r200.jpg
[20.268s] -- Installing: /home/ali-suleiman/first_slam_project/install/turtlebot3_gazebo/share/turtlebot3_gazebo//models/turtlebot3_common/meshes/sensors/astra.jpg
[20.268s] -- Installing: /home/ali-suleiman/first_slam_project/install/turtlebot3_gazebo/share/turtlebot3_gazebo//models/turtlebot3_common/meshes/r200.dae
[20.268s] -- Installing: /home/ali-suleiman/first_slam_project/install/turtlebot3_gazebo/share/turtlebot3_gazebo//models/turtlebot3_common/meshes/wheels
[20.268s] -- Installing: /home/ali-suleiman/first_slam_project/install/turtlebot3_gazebo/share/turtlebot3_gazebo//models/turtlebot3_common/meshes/wheels/left_tire.stl
[20.269s] -- Installing: /home/ali-suleiman/first_slam_project/install/turtlebot3_gazebo/share/turtlebot3_gazebo//models/turtlebot3_common/meshes/wheels/right_tire.stl
[20.270s] -- Installing: /home/ali-suleiman/first_slam_project/install/turtlebot3_gazebo/share/turtlebot3_gazebo//models/turtlebot3_common/meshes/lds.dae
[20.270s] -- Installing: /home/ali-suleiman/first_slam_project/install/turtlebot3_gazebo/share/turtlebot3_gazebo//models/turtlebot3_common/meshes/waffle_base.dae
[20.270s] -- Installing: /home/ali-suleiman/first_slam_project/install/turtlebot3_gazebo/share/turtlebot3_gazebo//models/turtlebot3_common/meshes/tire.dae
[20.270s] -- Installing: /home/ali-suleiman/first_slam_project/install/turtlebot3_gazebo/share/turtlebot3_gazebo//models/turtlebot3_common/meshes/bases
[20.270s] -- Installing: /home/ali-suleiman/first_slam_project/install/turtlebot3_gazebo/share/turtlebot3_gazebo//models/turtlebot3_common/meshes/bases/waffle_base.stl
[20.285s] -- Installing: /home/ali-suleiman/first_slam_project/install/turtlebot3_gazebo/share/turtlebot3_gazebo//models/turtlebot3_common/meshes/bases/waffle_pi_base.stl
[20.292s] -- Installing: /home/ali-suleiman/first_slam_project/install/turtlebot3_gazebo/share/turtlebot3_gazebo//models/turtlebot3_common/meshes/bases/burger_base.stl
[20.296s] -- Installing: /home/ali-suleiman/first_slam_project/install/turtlebot3_gazebo/share/turtlebot3_gazebo//models/turtlebot3_common/model.config
[20.296s] -- Installing: /home/ali-suleiman/first_slam_project/install/turtlebot3_gazebo/share/turtlebot3_gazebo//models/turtlebot3_burger_cam
[20.296s] -- Installing: /home/ali-suleiman/first_slam_project/install/turtlebot3_gazebo/share/turtlebot3_gazebo//models/turtlebot3_burger_cam/model.config
[20.296s] -- Installing: /home/ali-suleiman/first_slam_project/install/turtlebot3_gazebo/share/turtlebot3_gazebo//models/turtlebot3_burger_cam/model-1_4.sdf
[20.296s] -- Installing: /home/ali-suleiman/first_slam_project/install/turtlebot3_gazebo/share/turtlebot3_gazebo//models/turtlebot3_burger_cam/model.sdf
[20.296s] -- Installing: /home/ali-suleiman/first_slam_project/install/turtlebot3_gazebo/share/turtlebot3_gazebo//models/turtlebot3_waffle_pi
[20.297s] -- Installing: /home/ali-suleiman/first_slam_project/install/turtlebot3_gazebo/share/turtlebot3_gazebo//models/turtlebot3_waffle_pi/model.config
[20.297s] -- Installing: /home/ali-suleiman/first_slam_project/install/turtlebot3_gazebo/share/turtlebot3_gazebo//models/turtlebot3_waffle_pi/model-1_4_.sdf
[20.297s] -- Installing: /home/ali-suleiman/first_slam_project/install/turtlebot3_gazebo/share/turtlebot3_gazebo//models/turtlebot3_waffle_pi/model.sdf
[20.297s] -- Installing: /home/ali-suleiman/first_slam_project/install/turtlebot3_gazebo/share/turtlebot3_gazebo//models/turtlebot3_world
[20.297s] -- Installing: /home/ali-suleiman/first_slam_project/install/turtlebot3_gazebo/share/turtlebot3_gazebo//models/turtlebot3_world/meshes
[20.297s] -- Installing: /home/ali-suleiman/first_slam_project/install/turtlebot3_gazebo/share/turtlebot3_gazebo//models/turtlebot3_world/meshes/hexagon.dae
[20.297s] -- Installing: /home/ali-suleiman/first_slam_project/install/turtlebot3_gazebo/share/turtlebot3_gazebo//models/turtlebot3_world/meshes/wall.dae
[20.297s] -- Installing: /home/ali-suleiman/first_slam_project/install/turtlebot3_gazebo/share/turtlebot3_gazebo//models/turtlebot3_world/model.config
[20.298s] -- Installing: /home/ali-suleiman/first_slam_project/install/turtlebot3_gazebo/share/turtlebot3_gazebo//models/turtlebot3_world/model-1_4.sdf
[20.298s] -- Installing: /home/ali-suleiman/first_slam_project/install/turtlebot3_gazebo/share/turtlebot3_gazebo//models/turtlebot3_world/model.sdf
[20.298s] -- Installing: /home/ali-suleiman/first_slam_project/install/turtlebot3_gazebo/share/turtlebot3_gazebo//models/turtlebot3_dqn_world
[20.298s] -- Installing: /home/ali-suleiman/first_slam_project/install/turtlebot3_gazebo/share/turtlebot3_gazebo//models/turtlebot3_dqn_world/obstacles
[20.298s] -- Installing: /home/ali-suleiman/first_slam_project/install/turtlebot3_gazebo/share/turtlebot3_gazebo//models/turtlebot3_dqn_world/obstacles/model.config
[20.298s] -- Installing: /home/ali-suleiman/first_slam_project/install/turtlebot3_gazebo/share/turtlebot3_gazebo//models/turtlebot3_dqn_world/obstacles/model.sdf
[20.298s] -- Installing: /home/ali-suleiman/first_slam_project/install/turtlebot3_gazebo/share/turtlebot3_gazebo//models/turtlebot3_dqn_world/model.config
[20.298s] -- Installing: /home/ali-suleiman/first_slam_project/install/turtlebot3_gazebo/share/turtlebot3_gazebo//models/turtlebot3_dqn_world/inner_walls
[20.299s] -- Installing: /home/ali-suleiman/first_slam_project/install/turtlebot3_gazebo/share/turtlebot3_gazebo//models/turtlebot3_dqn_world/inner_walls/model.config
[20.299s] -- Installing: /home/ali-suleiman/first_slam_project/install/turtlebot3_gazebo/share/turtlebot3_gazebo//models/turtlebot3_dqn_world/inner_walls/textures
[20.299s] -- Installing: /home/ali-suleiman/first_slam_project/install/turtlebot3_gazebo/share/turtlebot3_gazebo//models/turtlebot3_dqn_world/inner_walls/textures/wood.png
[20.299s] -- Installing: /home/ali-suleiman/first_slam_project/install/turtlebot3_gazebo/share/turtlebot3_gazebo//models/turtlebot3_dqn_world/inner_walls/model.sdf
[20.299s] -- Installing: /home/ali-suleiman/first_slam_project/install/turtlebot3_gazebo/share/turtlebot3_gazebo//models/turtlebot3_dqn_world/obstacle2
[20.299s] -- Installing: /home/ali-suleiman/first_slam_project/install/turtlebot3_gazebo/share/turtlebot3_gazebo//models/turtlebot3_dqn_world/obstacle2/model.config
[20.299s] -- Installing: /home/ali-suleiman/first_slam_project/install/turtlebot3_gazebo/share/turtlebot3_gazebo//models/turtlebot3_dqn_world/obstacle2/model.sdf
[20.299s] -- Installing: /home/ali-suleiman/first_slam_project/install/turtlebot3_gazebo/share/turtlebot3_gazebo//models/turtlebot3_dqn_world/textures
[20.300s] -- Installing: /home/ali-suleiman/first_slam_project/install/turtlebot3_gazebo/share/turtlebot3_gazebo//models/turtlebot3_dqn_world/textures/wood.png
[20.300s] -- Installing: /home/ali-suleiman/first_slam_project/install/turtlebot3_gazebo/share/turtlebot3_gazebo//models/turtlebot3_dqn_world/model.sdf
[20.300s] -- Installing: /home/ali-suleiman/first_slam_project/install/turtlebot3_gazebo/share/turtlebot3_gazebo//models/turtlebot3_dqn_world/goal_box
[20.300s] -- Installing: /home/ali-suleiman/first_slam_project/install/turtlebot3_gazebo/share/turtlebot3_gazebo//models/turtlebot3_dqn_world/goal_box/model.config
[20.300s] -- Installing: /home/ali-suleiman/first_slam_project/install/turtlebot3_gazebo/share/turtlebot3_gazebo//models/turtlebot3_dqn_world/goal_box/model.sdf
[20.300s] -- Installing: /home/ali-suleiman/first_slam_project/install/turtlebot3_gazebo/share/turtlebot3_gazebo//models/turtlebot3_dqn_world/obstacle1
[20.300s] -- Installing: /home/ali-suleiman/first_slam_project/install/turtlebot3_gazebo/share/turtlebot3_gazebo//models/turtlebot3_dqn_world/obstacle1/model.config
[20.301s] -- Installing: /home/ali-suleiman/first_slam_project/install/turtlebot3_gazebo/share/turtlebot3_gazebo//models/turtlebot3_dqn_world/obstacle1/model.sdf
[20.301s] -- Installing: /home/ali-suleiman/first_slam_project/install/turtlebot3_gazebo/share/turtlebot3_gazebo//params
[20.301s] -- Installing: /home/ali-suleiman/first_slam_project/install/turtlebot3_gazebo/share/turtlebot3_gazebo//params/turtlebot3_burger_bridge.yaml
[20.301s] -- Installing: /home/ali-suleiman/first_slam_project/install/turtlebot3_gazebo/share/turtlebot3_gazebo//params/turtlebot3_burger_cam_bridge.yaml
[20.301s] -- Installing: /home/ali-suleiman/first_slam_project/install/turtlebot3_gazebo/share/turtlebot3_gazebo//params/turtlebot3_waffle_pi_bridge.yaml
[20.301s] -- Installing: /home/ali-suleiman/first_slam_project/install/turtlebot3_gazebo/share/turtlebot3_gazebo//params/turtlebot3_waffle_bridge.yaml
[20.301s] -- Installing: /home/ali-suleiman/first_slam_project/install/turtlebot3_gazebo/share/turtlebot3_gazebo//rviz
[20.302s] -- Installing: /home/ali-suleiman/first_slam_project/install/turtlebot3_gazebo/share/turtlebot3_gazebo//rviz/tb3_gazebo.rviz
[20.302s] -- Installing: /home/ali-suleiman/first_slam_project/install/turtlebot3_gazebo/share/turtlebot3_gazebo//urdf
[20.302s] -- Installing: /home/ali-suleiman/first_slam_project/install/turtlebot3_gazebo/share/turtlebot3_gazebo//urdf/turtlebot3_burger_cam.urdf
[20.302s] -- Installing: /home/ali-suleiman/first_slam_project/install/turtlebot3_gazebo/share/turtlebot3_gazebo//urdf/turtlebot3_waffle.urdf
[20.302s] -- Installing: /home/ali-suleiman/first_slam_project/install/turtlebot3_gazebo/share/turtlebot3_gazebo//urdf/common_properties.urdf
[20.302s] -- Installing: /home/ali-suleiman/first_slam_project/install/turtlebot3_gazebo/share/turtlebot3_gazebo//urdf/turtlebot3_burger.urdf
[20.302s] -- Installing: /home/ali-suleiman/first_slam_project/install/turtlebot3_gazebo/share/turtlebot3_gazebo//urdf/turtlebot3_waffle_pi.urdf
[20.303s] -- Installing: /home/ali-suleiman/first_slam_project/install/turtlebot3_gazebo/share/turtlebot3_gazebo//worlds
[20.303s] -- Installing: /home/ali-suleiman/first_slam_project/install/turtlebot3_gazebo/share/turtlebot3_gazebo//worlds/turtlebot3_dqn_stage1.world
[20.303s] -- Installing: /home/ali-suleiman/first_slam_project/install/turtlebot3_gazebo/share/turtlebot3_gazebo//worlds/turtlebot3_dqn_stage4.world
[20.303s] -- Installing: /home/ali-suleiman/first_slam_project/install/turtlebot3_gazebo/share/turtlebot3_gazebo//worlds/turtlebot3_dqn_stage3.world
[20.303s] -- Installing: /home/ali-suleiman/first_slam_project/install/turtlebot3_gazebo/share/turtlebot3_gazebo//worlds/turtlebot3_dqn_stage2.world
[20.303s] -- Installing: /home/ali-suleiman/first_slam_project/install/turtlebot3_gazebo/share/turtlebot3_gazebo//worlds/turtlebot3_world.world
[20.303s] -- Installing: /home/ali-suleiman/first_slam_project/install/turtlebot3_gazebo/share/turtlebot3_gazebo//worlds/turtlebot3_autorace_2020.world
[20.303s] -- Installing: /home/ali-suleiman/first_slam_project/install/turtlebot3_gazebo/share/turtlebot3_gazebo//worlds/my_world5.world
[20.304s] -- Installing: /home/ali-suleiman/first_slam_project/install/turtlebot3_gazebo/share/turtlebot3_gazebo//worlds/empty_world.world
[20.304s] -- Installing: /home/ali-suleiman/first_slam_project/install/turtlebot3_gazebo/share/turtlebot3_gazebo//worlds/turtlebot3_house.world
[20.304s] -- Installing: /home/ali-suleiman/first_slam_project/install/turtlebot3_gazebo/include/
[20.304s] -- Installing: /home/ali-suleiman/first_slam_project/install/turtlebot3_gazebo/include//turtlebot3_gazebo
[20.304s] -- Installing: /home/ali-suleiman/first_slam_project/install/turtlebot3_gazebo/include//turtlebot3_gazebo/obstacle2.hpp
[20.304s] -- Installing: /home/ali-suleiman/first_slam_project/install/turtlebot3_gazebo/include//turtlebot3_gazebo/turtlebot3_drive.hpp
[20.304s] -- Installing: /home/ali-suleiman/first_slam_project/install/turtlebot3_gazebo/include//turtlebot3_gazebo/obstacle1.hpp
[20.304s] -- Installing: /home/ali-suleiman/first_slam_project/install/turtlebot3_gazebo/include//turtlebot3_gazebo/traffic_light_plugin.hpp
[20.304s] -- Installing: /home/ali-suleiman/first_slam_project/install/turtlebot3_gazebo/include//turtlebot3_gazebo/traffic_bar_plugin.hpp
[20.305s] -- Installing: /home/ali-suleiman/first_slam_project/install/turtlebot3_gazebo/include//turtlebot3_gazebo/obstacles.hpp
[20.305s] -- Installing: /home/ali-suleiman/first_slam_project/install/turtlebot3_gazebo/share/ament_index/resource_index/package_run_dependencies/turtlebot3_gazebo
[20.305s] -- Installing: /home/ali-suleiman/first_slam_project/install/turtlebot3_gazebo/share/ament_index/resource_index/parent_prefix_path/turtlebot3_gazebo
[20.305s] -- Installing: /home/ali-suleiman/first_slam_project/install/turtlebot3_gazebo/share/turtlebot3_gazebo/environment/ament_prefix_path.sh
[20.305s] -- Installing: /home/ali-suleiman/first_slam_project/install/turtlebot3_gazebo/share/turtlebot3_gazebo/environment/ament_prefix_path.dsv
[20.305s] -- Installing: /home/ali-suleiman/first_slam_project/install/turtlebot3_gazebo/share/turtlebot3_gazebo/environment/path.sh
[20.305s] -- Installing: /home/ali-suleiman/first_slam_project/install/turtlebot3_gazebo/share/turtlebot3_gazebo/environment/path.dsv
[20.305s] -- Installing: /home/ali-suleiman/first_slam_project/install/turtlebot3_gazebo/share/turtlebot3_gazebo/local_setup.bash
[20.306s] -- Installing: /home/ali-suleiman/first_slam_project/install/turtlebot3_gazebo/share/turtlebot3_gazebo/local_setup.sh
[20.306s] -- Installing: /home/ali-suleiman/first_slam_project/install/turtlebot3_gazebo/share/turtlebot3_gazebo/local_setup.zsh
[20.306s] -- Installing: /home/ali-suleiman/first_slam_project/install/turtlebot3_gazebo/share/turtlebot3_gazebo/local_setup.dsv
[20.306s] -- Installing: /home/ali-suleiman/first_slam_project/install/turtlebot3_gazebo/share/turtlebot3_gazebo/package.dsv
[20.306s] -- Installing: /home/ali-suleiman/first_slam_project/install/turtlebot3_gazebo/share/ament_index/resource_index/packages/turtlebot3_gazebo
[20.306s] -- Installing: /home/ali-suleiman/first_slam_project/install/turtlebot3_gazebo/share/turtlebot3_gazebo/cmake/ament_cmake_export_include_directories-extras.cmake
[20.306s] -- Installing: /home/ali-suleiman/first_slam_project/install/turtlebot3_gazebo/share/turtlebot3_gazebo/cmake/ament_cmake_export_dependencies-extras.cmake
[20.306s] -- Installing: /home/ali-suleiman/first_slam_project/install/turtlebot3_gazebo/share/turtlebot3_gazebo/cmake/turtlebot3_gazeboConfig.cmake
[20.306s] -- Installing: /home/ali-suleiman/first_slam_project/install/turtlebot3_gazebo/share/turtlebot3_gazebo/cmake/turtlebot3_gazeboConfig-version.cmake
[20.306s] -- Installing: /home/ali-suleiman/first_slam_project/install/turtlebot3_gazebo/share/turtlebot3_gazebo/package.xml
[20.309s] Invoked command in '/home/ali-suleiman/first_slam_project/build/turtlebot3_gazebo' returned '0': CMAKE_PREFIX_PATH=${CMAKE_PREFIX_PATH}:/opt/ros/jazzy DEBUGINFOD_URLS=https://debuginfod.ubuntu.com /usr/bin/cmake --install /home/ali-suleiman/first_slam_project/build/turtlebot3_gazebo
