[0.019s] Invoking command in '/home/ali-suleiman/first_slam_project/build/turtlebot3_fake_node': CMAKE_PREFIX_PATH=${CMAKE_PREFIX_PATH}:/opt/ros/jazzy DEBUGINFOD_URLS=https://debuginfod.ubuntu.com /usr/bin/cmake /home/ali-suleiman/first_slam_project/src/turtlebot3_fake_node -DCMAKE_INSTALL_PREFIX=/home/ali-suleiman/first_slam_project/install/turtlebot3_fake_node
[0.098s] -- The C compiler identification is GNU 13.3.0
[0.174s] -- The CXX compiler identification is GNU 13.3.0
[0.194s] -- Detecting C compiler ABI info
[0.313s] -- Detecting C compiler ABI info - done
[0.329s] -- Check for working C compiler: /usr/bin/cc - skipped
[0.329s] -- Detecting C compile features
[0.330s] -- Detecting C compile features - done
[0.343s] -- Detecting CXX compiler ABI info
[0.475s] -- Detecting CXX compiler ABI info - done
[0.491s] -- Check for working CXX compiler: /usr/bin/c++ - skipped
[0.491s] -- Detecting CXX compile features
[0.491s] -- Detecting CXX compile features - done
[0.499s] -- Found ament_cmake: 2.5.4 (/opt/ros/jazzy/share/ament_cmake/cmake)
[0.722s] -- Found Python3: /usr/bin/python3 (found version "3.12.3") found components: Interpreter 
[0.922s] -- Found geometry_msgs: 5.3.6 (/opt/ros/jazzy/share/geometry_msgs/cmake)
[1.015s] -- Found rosidl_generator_c: 4.6.6 (/opt/ros/jazzy/share/rosidl_generator_c/cmake)
[1.043s] -- Found rosidl_generator_cpp: 4.6.6 (/opt/ros/jazzy/share/rosidl_generator_cpp/cmake)
[1.075s] -- Using all available rosidl_typesupport_c: rosidl_typesupport_fastrtps_c;rosidl_typesupport_introspection_c
[1.113s] -- Using all available rosidl_typesupport_cpp: rosidl_typesupport_fastrtps_cpp;rosidl_typesupport_introspection_cpp
[1.199s] -- Found nav_msgs: 5.3.6 (/opt/ros/jazzy/share/nav_msgs/cmake)
[1.267s] -- Found rclcpp: 28.1.13 (/opt/ros/jazzy/share/rclcpp/cmake)
[1.355s] -- Found rmw_implementation_cmake: 7.3.2 (/opt/ros/jazzy/share/rmw_implementation_cmake/cmake)
[1.361s] -- Found rmw_cyclonedds_cpp: 2.2.3 (/opt/ros/jazzy/share/rmw_cyclonedds_cpp/cmake)
[1.415s] -- Using RMW implementation 'rmw_cyclonedds_cpp' as default
[1.527s] -- Found sensor_msgs: 5.3.6 (/opt/ros/jazzy/share/sensor_msgs/cmake)
[1.572s] -- Found tf2: 0.36.16 (/opt/ros/jazzy/share/tf2/cmake)
[1.582s] -- Found tf2_msgs: 0.36.16 (/opt/ros/jazzy/share/tf2_msgs/cmake)
[1.696s] -- Found turtlebot3_msgs: 2.4.0 (/opt/ros/jazzy/share/turtlebot3_msgs/cmake)
[1.888s] -- Configuring done (1.9s)
[1.909s] -- Generating done (0.0s)
[1.915s] -- Build files have been written to: /home/ali-suleiman/first_slam_project/build/turtlebot3_fake_node
[1.930s] Invoked command in '/home/ali-suleiman/first_slam_project/build/turtlebot3_fake_node' returned '0': CMAKE_PREFIX_PATH=${CMAKE_PREFIX_PATH}:/opt/ros/jazzy DEBUGINFOD_URLS=https://debuginfod.ubuntu.com /usr/bin/cmake /home/ali-suleiman/first_slam_project/src/turtlebot3_fake_node -DCMAKE_INSTALL_PREFIX=/home/ali-suleiman/first_slam_project/install/turtlebot3_fake_node
[1.932s] Invoking command in '/home/ali-suleiman/first_slam_project/build/turtlebot3_fake_node': CMAKE_PREFIX_PATH=${CMAKE_PREFIX_PATH}:/opt/ros/jazzy DEBUGINFOD_URLS=https://debuginfod.ubuntu.com /usr/bin/cmake --build /home/ali-suleiman/first_slam_project/build/turtlebot3_fake_node -- -j12 -l12
[2.003s] [ 50%] [32mBuilding CXX object CMakeFiles/turtlebot3_fake_node.dir/src/turtlebot3_fake_node.cpp.o[0m
[16.699s] [100%] [32m[1mLinking CXX executable turtlebot3_fake_node[0m
[17.301s] [100%] Built target turtlebot3_fake_node
[17.316s] Invoked command in '/home/ali-suleiman/first_slam_project/build/turtlebot3_fake_node' returned '0': CMAKE_PREFIX_PATH=${CMAKE_PREFIX_PATH}:/opt/ros/jazzy DEBUGINFOD_URLS=https://debuginfod.ubuntu.com /usr/bin/cmake --build /home/ali-suleiman/first_slam_project/build/turtlebot3_fake_node -- -j12 -l12
[17.329s] Invoking command in '/home/ali-suleiman/first_slam_project/build/turtlebot3_fake_node': CMAKE_PREFIX_PATH=${CMAKE_PREFIX_PATH}:/opt/ros/jazzy DEBUGINFOD_URLS=https://debuginfod.ubuntu.com /usr/bin/cmake --install /home/ali-suleiman/first_slam_project/build/turtlebot3_fake_node
[17.340s] -- Install configuration: ""
[17.340s] -- Installing: /home/ali-suleiman/first_slam_project/install/turtlebot3_fake_node/lib/turtlebot3_fake_node/turtlebot3_fake_node
[17.346s] -- Set non-toolchain portion of runtime path of "/home/ali-suleiman/first_slam_project/install/turtlebot3_fake_node/lib/turtlebot3_fake_node/turtlebot3_fake_node" to ""
[17.346s] -- Installing: /home/ali-suleiman/first_slam_project/install/turtlebot3_fake_node/share/turtlebot3_fake_node/launch
[17.346s] -- Installing: /home/ali-suleiman/first_slam_project/install/turtlebot3_fake_node/share/turtlebot3_fake_node/launch/turtlebot3_fake_node.launch.py
[17.346s] -- Installing: /home/ali-suleiman/first_slam_project/install/turtlebot3_fake_node/share/turtlebot3_fake_node/launch/rviz2.launch.py
[17.347s] -- Installing: /home/ali-suleiman/first_slam_project/install/turtlebot3_fake_node/share/turtlebot3_fake_node/param
[17.347s] -- Installing: /home/ali-suleiman/first_slam_project/install/turtlebot3_fake_node/share/turtlebot3_fake_node/param/waffle_pi.yaml
[17.347s] -- Installing: /home/ali-suleiman/first_slam_project/install/turtlebot3_fake_node/share/turtlebot3_fake_node/param/burger.yaml
[17.347s] -- Installing: /home/ali-suleiman/first_slam_project/install/turtlebot3_fake_node/share/turtlebot3_fake_node/param/waffle.yaml
[17.347s] -- Installing: /home/ali-suleiman/first_slam_project/install/turtlebot3_fake_node/include/
[17.347s] -- Installing: /home/ali-suleiman/first_slam_project/install/turtlebot3_fake_node/include//turtlebot3_fake_node
[17.347s] -- Installing: /home/ali-suleiman/first_slam_project/install/turtlebot3_fake_node/include//turtlebot3_fake_node/turtlebot3_fake_node.hpp
[17.347s] -- Installing: /home/ali-suleiman/first_slam_project/install/turtlebot3_fake_node/share/ament_index/resource_index/package_run_dependencies/turtlebot3_fake_node
[17.348s] -- Installing: /home/ali-suleiman/first_slam_project/install/turtlebot3_fake_node/share/ament_index/resource_index/parent_prefix_path/turtlebot3_fake_node
[17.348s] -- Installing: /home/ali-suleiman/first_slam_project/install/turtlebot3_fake_node/share/turtlebot3_fake_node/environment/ament_prefix_path.sh
[17.348s] -- Installing: /home/ali-suleiman/first_slam_project/install/turtlebot3_fake_node/share/turtlebot3_fake_node/environment/ament_prefix_path.dsv
[17.348s] -- Installing: /home/ali-suleiman/first_slam_project/install/turtlebot3_fake_node/share/turtlebot3_fake_node/environment/path.sh
[17.348s] -- Installing: /home/ali-suleiman/first_slam_project/install/turtlebot3_fake_node/share/turtlebot3_fake_node/environment/path.dsv
[17.349s] -- Installing: /home/ali-suleiman/first_slam_project/install/turtlebot3_fake_node/share/turtlebot3_fake_node/local_setup.bash
[17.349s] -- Installing: /home/ali-suleiman/first_slam_project/install/turtlebot3_fake_node/share/turtlebot3_fake_node/local_setup.sh
[17.349s] -- Installing: /home/ali-suleiman/first_slam_project/install/turtlebot3_fake_node/share/turtlebot3_fake_node/local_setup.zsh
[17.349s] -- Installing: /home/ali-suleiman/first_slam_project/install/turtlebot3_fake_node/share/turtlebot3_fake_node/local_setup.dsv
[17.349s] -- Installing: /home/ali-suleiman/first_slam_project/install/turtlebot3_fake_node/share/turtlebot3_fake_node/package.dsv
[17.350s] -- Installing: /home/ali-suleiman/first_slam_project/install/turtlebot3_fake_node/share/ament_index/resource_index/packages/turtlebot3_fake_node
[17.350s] -- Installing: /home/ali-suleiman/first_slam_project/install/turtlebot3_fake_node/share/turtlebot3_fake_node/cmake/ament_cmake_export_include_directories-extras.cmake
[17.350s] -- Installing: /home/ali-suleiman/first_slam_project/install/turtlebot3_fake_node/share/turtlebot3_fake_node/cmake/ament_cmake_export_dependencies-extras.cmake
[17.350s] -- Installing: /home/ali-suleiman/first_slam_project/install/turtlebot3_fake_node/share/turtlebot3_fake_node/cmake/turtlebot3_fake_nodeConfig.cmake
[17.350s] -- Installing: /home/ali-suleiman/first_slam_project/install/turtlebot3_fake_node/share/turtlebot3_fake_node/cmake/turtlebot3_fake_nodeConfig-version.cmake
[17.350s] -- Installing: /home/ali-suleiman/first_slam_project/install/turtlebot3_fake_node/share/turtlebot3_fake_node/package.xml
[17.353s] Invoked command in '/home/ali-suleiman/first_slam_project/build/turtlebot3_fake_node' returned '0': CMAKE_PREFIX_PATH=${CMAKE_PREFIX_PATH}:/opt/ros/jazzy DEBUGINFOD_URLS=https://debuginfod.ubuntu.com /usr/bin/cmake --install /home/ali-suleiman/first_slam_project/build/turtlebot3_fake_node
