[0.013s] Invoking command in '/home/ali-suleiman/first_slam_project/build/turtlebot3_simulations': AMENT_PREFIX_PATH=/home/ali-suleiman/first_slam_project/install/turtlebot3_gazebo:/home/ali-suleiman/first_slam_project/install/turtlebot3_fake_node:${AMENT_PREFIX_PATH} CMAKE_PREFIX_PATH=/home/ali-suleiman/first_slam_project/install/turtlebot3_gazebo:/home/ali-suleiman/first_slam_project/install/turtlebot3_fake_node:/home/ali-suleiman/slam_project/install/turtlebot3_simulations:/home/ali-suleiman/slam_project/install/turtlebot3_gazebo:/home/ali-suleiman/slam_project/install/turtlebot3_fake_node:/opt/ros/jazzy/opt/gz_sim_vendor:/opt/ros/jazzy/opt/gz_sensors_vendor:/opt/ros/jazzy/opt/gz_physics_vendor:/opt/ros/jazzy/opt/sdformat_vendor:/opt/ros/jazzy/opt/gz_gui_vendor:/opt/ros/jazzy/opt/gz_transport_vendor:/opt/ros/jazzy/opt/gz_rendering_vendor:/opt/ros/jazzy/opt/gz_plugin_vendor:/opt/ros/jazzy/opt/gz_fuel_tools_vendor:/opt/ros/jazzy/opt/gz_msgs_vendor:/opt/ros/jazzy/opt/gz_common_vendor:/opt/ros/jazzy/opt/gz_math_vendor:/opt/ros/jazzy/opt/gz_utils_vendor:/opt/ros/jazzy/opt/gz_tools_vendor:/opt/ros/jazzy/opt/gz_ogre_next_vendor:/opt/ros/jazzy/opt/gz_dartsim_vendor:/opt/ros/jazzy/opt/gz_cmake_vendor:/opt/ros/jazzy DEBUGINFOD_URLS=https://debuginfod.ubuntu.com /usr/bin/cmake /home/ali-suleiman/first_slam_project/src/turtlebot3_simulations -DCMAKE_INSTALL_PREFIX=/home/ali-suleiman/first_slam_project/install/turtlebot3_simulations
[0.087s] -- The C compiler identification is GNU 13.3.0
[0.161s] -- The CXX compiler identification is GNU 13.3.0
[0.181s] -- Detecting C compiler ABI info
[0.297s] -- Detecting C compiler ABI info - done
[0.310s] -- Check for working C compiler: /usr/bin/cc - skipped
[0.310s] -- Detecting C compile features
[0.311s] -- Detecting C compile features - done
[0.322s] -- Detecting CXX compiler ABI info
[0.452s] -- Detecting CXX compiler ABI info - done
[0.468s] -- Check for working CXX compiler: /usr/bin/c++ - skipped
[0.468s] -- Detecting CXX compile features
[0.469s] -- Detecting CXX compile features - done
[0.476s] -- Found ament_cmake: 2.5.4 (/opt/ros/jazzy/share/ament_cmake/cmake)
[0.700s] -- Found Python3: /usr/bin/python3 (found version "3.12.3") found components: Interpreter 
[0.996s] -- Configuring done (1.0s)
[1.000s] -- Generating done (0.0s)
[1.002s] -- Build files have been written to: /home/ali-suleiman/first_slam_project/build/turtlebot3_simulations
[1.008s] Invoked command in '/home/ali-suleiman/first_slam_project/build/turtlebot3_simulations' returned '0': AMENT_PREFIX_PATH=/home/ali-suleiman/first_slam_project/install/turtlebot3_gazebo:/home/ali-suleiman/first_slam_project/install/turtlebot3_fake_node:${AMENT_PREFIX_PATH} CMAKE_PREFIX_PATH=/home/ali-suleiman/first_slam_project/install/turtlebot3_gazebo:/home/ali-suleiman/first_slam_project/install/turtlebot3_fake_node:/home/ali-suleiman/slam_project/install/turtlebot3_simulations:/home/ali-suleiman/slam_project/install/turtlebot3_gazebo:/home/ali-suleiman/slam_project/install/turtlebot3_fake_node:/opt/ros/jazzy/opt/gz_sim_vendor:/opt/ros/jazzy/opt/gz_sensors_vendor:/opt/ros/jazzy/opt/gz_physics_vendor:/opt/ros/jazzy/opt/sdformat_vendor:/opt/ros/jazzy/opt/gz_gui_vendor:/opt/ros/jazzy/opt/gz_transport_vendor:/opt/ros/jazzy/opt/gz_rendering_vendor:/opt/ros/jazzy/opt/gz_plugin_vendor:/opt/ros/jazzy/opt/gz_fuel_tools_vendor:/opt/ros/jazzy/opt/gz_msgs_vendor:/opt/ros/jazzy/opt/gz_common_vendor:/opt/ros/jazzy/opt/gz_math_vendor:/opt/ros/jazzy/opt/gz_utils_vendor:/opt/ros/jazzy/opt/gz_tools_vendor:/opt/ros/jazzy/opt/gz_ogre_next_vendor:/opt/ros/jazzy/opt/gz_dartsim_vendor:/opt/ros/jazzy/opt/gz_cmake_vendor:/opt/ros/jazzy DEBUGINFOD_URLS=https://debuginfod.ubuntu.com /usr/bin/cmake /home/ali-suleiman/first_slam_project/src/turtlebot3_simulations -DCMAKE_INSTALL_PREFIX=/home/ali-suleiman/first_slam_project/install/turtlebot3_simulations
[1.009s] Invoking command in '/home/ali-suleiman/first_slam_project/build/turtlebot3_simulations': AMENT_PREFIX_PATH=/home/ali-suleiman/first_slam_project/install/turtlebot3_gazebo:/home/ali-suleiman/first_slam_project/install/turtlebot3_fake_node:${AMENT_PREFIX_PATH} CMAKE_PREFIX_PATH=/home/ali-suleiman/first_slam_project/install/turtlebot3_gazebo:/home/ali-suleiman/first_slam_project/install/turtlebot3_fake_node:/home/ali-suleiman/slam_project/install/turtlebot3_simulations:/home/ali-suleiman/slam_project/install/turtlebot3_gazebo:/home/ali-suleiman/slam_project/install/turtlebot3_fake_node:/opt/ros/jazzy/opt/gz_sim_vendor:/opt/ros/jazzy/opt/gz_sensors_vendor:/opt/ros/jazzy/opt/gz_physics_vendor:/opt/ros/jazzy/opt/sdformat_vendor:/opt/ros/jazzy/opt/gz_gui_vendor:/opt/ros/jazzy/opt/gz_transport_vendor:/opt/ros/jazzy/opt/gz_rendering_vendor:/opt/ros/jazzy/opt/gz_plugin_vendor:/opt/ros/jazzy/opt/gz_fuel_tools_vendor:/opt/ros/jazzy/opt/gz_msgs_vendor:/opt/ros/jazzy/opt/gz_common_vendor:/opt/ros/jazzy/opt/gz_math_vendor:/opt/ros/jazzy/opt/gz_utils_vendor:/opt/ros/jazzy/opt/gz_tools_vendor:/opt/ros/jazzy/opt/gz_ogre_next_vendor:/opt/ros/jazzy/opt/gz_dartsim_vendor:/opt/ros/jazzy/opt/gz_cmake_vendor:/opt/ros/jazzy DEBUGINFOD_URLS=https://debuginfod.ubuntu.com /usr/bin/cmake --build /home/ali-suleiman/first_slam_project/build/turtlebot3_simulations -- -j12 -l12
[1.063s] Invoked command in '/home/ali-suleiman/first_slam_project/build/turtlebot3_simulations' returned '0': AMENT_PREFIX_PATH=/home/ali-suleiman/first_slam_project/install/turtlebot3_gazebo:/home/ali-suleiman/first_slam_project/install/turtlebot3_fake_node:${AMENT_PREFIX_PATH} CMAKE_PREFIX_PATH=/home/ali-suleiman/first_slam_project/install/turtlebot3_gazebo:/home/ali-suleiman/first_slam_project/install/turtlebot3_fake_node:/home/ali-suleiman/slam_project/install/turtlebot3_simulations:/home/ali-suleiman/slam_project/install/turtlebot3_gazebo:/home/ali-suleiman/slam_project/install/turtlebot3_fake_node:/opt/ros/jazzy/opt/gz_sim_vendor:/opt/ros/jazzy/opt/gz_sensors_vendor:/opt/ros/jazzy/opt/gz_physics_vendor:/opt/ros/jazzy/opt/sdformat_vendor:/opt/ros/jazzy/opt/gz_gui_vendor:/opt/ros/jazzy/opt/gz_transport_vendor:/opt/ros/jazzy/opt/gz_rendering_vendor:/opt/ros/jazzy/opt/gz_plugin_vendor:/opt/ros/jazzy/opt/gz_fuel_tools_vendor:/opt/ros/jazzy/opt/gz_msgs_vendor:/opt/ros/jazzy/opt/gz_common_vendor:/opt/ros/jazzy/opt/gz_math_vendor:/opt/ros/jazzy/opt/gz_utils_vendor:/opt/ros/jazzy/opt/gz_tools_vendor:/opt/ros/jazzy/opt/gz_ogre_next_vendor:/opt/ros/jazzy/opt/gz_dartsim_vendor:/opt/ros/jazzy/opt/gz_cmake_vendor:/opt/ros/jazzy DEBUGINFOD_URLS=https://debuginfod.ubuntu.com /usr/bin/cmake --build /home/ali-suleiman/first_slam_project/build/turtlebot3_simulations -- -j12 -l12
[1.064s] Invoking command in '/home/ali-suleiman/first_slam_project/build/turtlebot3_simulations': AMENT_PREFIX_PATH=/home/ali-suleiman/first_slam_project/install/turtlebot3_gazebo:/home/ali-suleiman/first_slam_project/install/turtlebot3_fake_node:${AMENT_PREFIX_PATH} CMAKE_PREFIX_PATH=/home/ali-suleiman/first_slam_project/install/turtlebot3_gazebo:/home/ali-suleiman/first_slam_project/install/turtlebot3_fake_node:/home/ali-suleiman/slam_project/install/turtlebot3_simulations:/home/ali-suleiman/slam_project/install/turtlebot3_gazebo:/home/ali-suleiman/slam_project/install/turtlebot3_fake_node:/opt/ros/jazzy/opt/gz_sim_vendor:/opt/ros/jazzy/opt/gz_sensors_vendor:/opt/ros/jazzy/opt/gz_physics_vendor:/opt/ros/jazzy/opt/sdformat_vendor:/opt/ros/jazzy/opt/gz_gui_vendor:/opt/ros/jazzy/opt/gz_transport_vendor:/opt/ros/jazzy/opt/gz_rendering_vendor:/opt/ros/jazzy/opt/gz_plugin_vendor:/opt/ros/jazzy/opt/gz_fuel_tools_vendor:/opt/ros/jazzy/opt/gz_msgs_vendor:/opt/ros/jazzy/opt/gz_common_vendor:/opt/ros/jazzy/opt/gz_math_vendor:/opt/ros/jazzy/opt/gz_utils_vendor:/opt/ros/jazzy/opt/gz_tools_vendor:/opt/ros/jazzy/opt/gz_ogre_next_vendor:/opt/ros/jazzy/opt/gz_dartsim_vendor:/opt/ros/jazzy/opt/gz_cmake_vendor:/opt/ros/jazzy DEBUGINFOD_URLS=https://debuginfod.ubuntu.com /usr/bin/cmake --install /home/ali-suleiman/first_slam_project/build/turtlebot3_simulations
[1.075s] -- Install configuration: ""
[1.076s] -- Installing: /home/ali-suleiman/first_slam_project/install/turtlebot3_simulations/share/ament_index/resource_index/package_run_dependencies/turtlebot3_simulations
[1.076s] -- Installing: /home/ali-suleiman/first_slam_project/install/turtlebot3_simulations/share/ament_index/resource_index/parent_prefix_path/turtlebot3_simulations
[1.076s] -- Installing: /home/ali-suleiman/first_slam_project/install/turtlebot3_simulations/share/turtlebot3_simulations/environment/ament_prefix_path.sh
[1.076s] -- Installing: /home/ali-suleiman/first_slam_project/install/turtlebot3_simulations/share/turtlebot3_simulations/environment/ament_prefix_path.dsv
[1.076s] -- Installing: /home/ali-suleiman/first_slam_project/install/turtlebot3_simulations/share/turtlebot3_simulations/environment/path.sh
[1.076s] -- Installing: /home/ali-suleiman/first_slam_project/install/turtlebot3_simulations/share/turtlebot3_simulations/environment/path.dsv
[1.077s] -- Installing: /home/ali-suleiman/first_slam_project/install/turtlebot3_simulations/share/turtlebot3_simulations/local_setup.bash
[1.077s] -- Installing: /home/ali-suleiman/first_slam_project/install/turtlebot3_simulations/share/turtlebot3_simulations/local_setup.sh
[1.077s] -- Installing: /home/ali-suleiman/first_slam_project/install/turtlebot3_simulations/share/turtlebot3_simulations/local_setup.zsh
[1.077s] -- Installing: /home/ali-suleiman/first_slam_project/install/turtlebot3_simulations/share/turtlebot3_simulations/local_setup.dsv
[1.077s] -- Installing: /home/ali-suleiman/first_slam_project/install/turtlebot3_simulations/share/turtlebot3_simulations/package.dsv
[1.077s] -- Installing: /home/ali-suleiman/first_slam_project/install/turtlebot3_simulations/share/ament_index/resource_index/packages/turtlebot3_simulations
[1.078s] -- Installing: /home/ali-suleiman/first_slam_project/install/turtlebot3_simulations/share/turtlebot3_simulations/cmake/turtlebot3_simulationsConfig.cmake
[1.078s] -- Installing: /home/ali-suleiman/first_slam_project/install/turtlebot3_simulations/share/turtlebot3_simulations/cmake/turtlebot3_simulationsConfig-version.cmake
[1.078s] -- Installing: /home/ali-suleiman/first_slam_project/install/turtlebot3_simulations/share/turtlebot3_simulations/package.xml
[1.080s] Invoked command in '/home/ali-suleiman/first_slam_project/build/turtlebot3_simulations' returned '0': AMENT_PREFIX_PATH=/home/ali-suleiman/first_slam_project/install/turtlebot3_gazebo:/home/ali-suleiman/first_slam_project/install/turtlebot3_fake_node:${AMENT_PREFIX_PATH} CMAKE_PREFIX_PATH=/home/ali-suleiman/first_slam_project/install/turtlebot3_gazebo:/home/ali-suleiman/first_slam_project/install/turtlebot3_fake_node:/home/ali-suleiman/slam_project/install/turtlebot3_simulations:/home/ali-suleiman/slam_project/install/turtlebot3_gazebo:/home/ali-suleiman/slam_project/install/turtlebot3_fake_node:/opt/ros/jazzy/opt/gz_sim_vendor:/opt/ros/jazzy/opt/gz_sensors_vendor:/opt/ros/jazzy/opt/gz_physics_vendor:/opt/ros/jazzy/opt/sdformat_vendor:/opt/ros/jazzy/opt/gz_gui_vendor:/opt/ros/jazzy/opt/gz_transport_vendor:/opt/ros/jazzy/opt/gz_rendering_vendor:/opt/ros/jazzy/opt/gz_plugin_vendor:/opt/ros/jazzy/opt/gz_fuel_tools_vendor:/opt/ros/jazzy/opt/gz_msgs_vendor:/opt/ros/jazzy/opt/gz_common_vendor:/opt/ros/jazzy/opt/gz_math_vendor:/opt/ros/jazzy/opt/gz_utils_vendor:/opt/ros/jazzy/opt/gz_tools_vendor:/opt/ros/jazzy/opt/gz_ogre_next_vendor:/opt/ros/jazzy/opt/gz_dartsim_vendor:/opt/ros/jazzy/opt/gz_cmake_vendor:/opt/ros/jazzy DEBUGINFOD_URLS=https://debuginfod.ubuntu.com /usr/bin/cmake --install /home/ali-suleiman/first_slam_project/build/turtlebot3_simulations
