[0.224s] DEBUG:colcon:Command line arguments: ['/usr/bin/colcon', 'build']
[0.224s] DEBUG:colcon:Parsed command line arguments: Namespace(log_base=None, log_level=None, verb_name='build', build_base='build', install_base='install', merge_install=False, symlink_install=False, test_result_base=None, continue_on_error=False, executor='parallel', parallel_workers=12, event_handlers=None, ignore_user_meta=False, metas=['./colcon.meta'], base_paths=['.'], packages_ignore=None, packages_ignore_regex=None, paths=None, packages_up_to=None, packages_up_to_regex=None, packages_above=None, packages_above_and_dependencies=None, packages_above_depth=None, packages_select_by_dep=None, packages_skip_by_dep=None, packages_skip_up_to=None, packages_select_build_failed=False, packages_skip_build_finished=False, packages_select_test_failures=False, packages_skip_test_passed=False, packages_select=None, packages_skip=None, packages_select_regex=None, packages_skip_regex=None, packages_start=None, packages_end=None, allow_overriding=[], cmake_args=None, cmake_target=None, cmake_target_skip_unavailable=False, cmake_clean_cache=False, cmake_clean_first=False, cmake_force_configure=False, ament_cmake_args=None, catkin_cmake_args=None, catkin_skip_building_tests=False, mixin_files=None, mixin=None, verb_parser=<colcon_mixin.mixin.mixin_argument.MixinArgumentDecorator object at 0x71d4610d30e0>, verb_extension=<colcon_core.verb.build.BuildVerb object at 0x71d4610d2f90>, main=<bound method BuildVerb.main of <colcon_core.verb.build.BuildVerb object at 0x71d4610d2f90>>, mixin_verb=('build',))
[0.292s] Level 1:colcon.colcon_core.package_discovery:discover_packages(colcon_meta) check parameters
[0.292s] Level 1:colcon.colcon_core.package_discovery:discover_packages(recursive) check parameters
[0.292s] Level 1:colcon.colcon_core.package_discovery:discover_packages(ignore) check parameters
[0.292s] Level 1:colcon.colcon_core.package_discovery:discover_packages(path) check parameters
[0.292s] Level 1:colcon.colcon_core.package_discovery:discover_packages(colcon_meta) discover
[0.292s] Level 1:colcon.colcon_core.package_discovery:discover_packages(recursive) discover
[0.292s] INFO:colcon.colcon_core.package_discovery:Crawling recursively for packages in '/home/ali-suleiman/first_slam_project'
[0.293s] Level 1:colcon.colcon_core.package_identification:_identify(.) by extensions ['ignore', 'ignore_ament_install']
[0.293s] Level 1:colcon.colcon_core.package_identification:_identify(.) by extension 'ignore'
[0.293s] Level 1:colcon.colcon_core.package_identification:_identify(.) by extension 'ignore_ament_install'
[0.293s] Level 1:colcon.colcon_core.package_identification:_identify(.) by extensions ['colcon_pkg']
[0.293s] Level 1:colcon.colcon_core.package_identification:_identify(.) by extension 'colcon_pkg'
[0.293s] Level 1:colcon.colcon_core.package_identification:_identify(.) by extensions ['colcon_meta']
[0.293s] Level 1:colcon.colcon_core.package_identification:_identify(.) by extension 'colcon_meta'
[0.293s] Level 1:colcon.colcon_core.package_identification:_identify(.) by extensions ['ros']
[0.293s] Level 1:colcon.colcon_core.package_identification:_identify(.) by extension 'ros'
[0.336s] Level 1:colcon.colcon_core.package_identification:_identify(.) by extensions ['cmake', 'python']
[0.336s] Level 1:colcon.colcon_core.package_identification:_identify(.) by extension 'cmake'
[0.336s] Level 1:colcon.colcon_core.package_identification:_identify(.) by extension 'python'
[0.336s] Level 1:colcon.colcon_core.package_identification:_identify(.) by extensions ['python_setup_py']
[0.336s] Level 1:colcon.colcon_core.package_identification:_identify(.) by extension 'python_setup_py'
[0.336s] Level 1:colcon.colcon_core.package_identification:_identify(build) by extensions ['ignore', 'ignore_ament_install']
[0.336s] Level 1:colcon.colcon_core.package_identification:_identify(build) by extension 'ignore'
[0.336s] Level 1:colcon.colcon_core.package_identification:_identify(build) ignored
[0.336s] Level 1:colcon.colcon_core.package_identification:_identify(install) by extensions ['ignore', 'ignore_ament_install']
[0.337s] Level 1:colcon.colcon_core.package_identification:_identify(install) by extension 'ignore'
[0.337s] Level 1:colcon.colcon_core.package_identification:_identify(install) ignored
[0.337s] Level 1:colcon.colcon_core.package_identification:_identify(log) by extensions ['ignore', 'ignore_ament_install']
[0.337s] Level 1:colcon.colcon_core.package_identification:_identify(log) by extension 'ignore'
[0.337s] Level 1:colcon.colcon_core.package_identification:_identify(log) ignored
[0.337s] Level 1:colcon.colcon_core.package_identification:_identify(src) by extensions ['ignore', 'ignore_ament_install']
[0.337s] Level 1:colcon.colcon_core.package_identification:_identify(src) by extension 'ignore'
[0.337s] Level 1:colcon.colcon_core.package_identification:_identify(src) by extension 'ignore_ament_install'
[0.337s] Level 1:colcon.colcon_core.package_identification:_identify(src) by extensions ['colcon_pkg']
[0.337s] Level 1:colcon.colcon_core.package_identification:_identify(src) by extension 'colcon_pkg'
[0.337s] Level 1:colcon.colcon_core.package_identification:_identify(src) by extensions ['colcon_meta']
[0.337s] Level 1:colcon.colcon_core.package_identification:_identify(src) by extension 'colcon_meta'
[0.338s] Level 1:colcon.colcon_core.package_identification:_identify(src) by extensions ['ros']
[0.338s] Level 1:colcon.colcon_core.package_identification:_identify(src) by extension 'ros'
[0.338s] Level 1:colcon.colcon_core.package_identification:_identify(src) by extensions ['cmake', 'python']
[0.338s] Level 1:colcon.colcon_core.package_identification:_identify(src) by extension 'cmake'
[0.338s] Level 1:colcon.colcon_core.package_identification:_identify(src) by extension 'python'
[0.338s] Level 1:colcon.colcon_core.package_identification:_identify(src) by extensions ['python_setup_py']
[0.338s] Level 1:colcon.colcon_core.package_identification:_identify(src) by extension 'python_setup_py'
[0.338s] Level 1:colcon.colcon_core.package_identification:_identify(src/turtlebot3_fake_node) by extensions ['ignore', 'ignore_ament_install']
[0.338s] Level 1:colcon.colcon_core.package_identification:_identify(src/turtlebot3_fake_node) by extension 'ignore'
[0.338s] Level 1:colcon.colcon_core.package_identification:_identify(src/turtlebot3_fake_node) by extension 'ignore_ament_install'
[0.339s] Level 1:colcon.colcon_core.package_identification:_identify(src/turtlebot3_fake_node) by extensions ['colcon_pkg']
[0.339s] Level 1:colcon.colcon_core.package_identification:_identify(src/turtlebot3_fake_node) by extension 'colcon_pkg'
[0.339s] Level 1:colcon.colcon_core.package_identification:_identify(src/turtlebot3_fake_node) by extensions ['colcon_meta']
[0.339s] Level 1:colcon.colcon_core.package_identification:_identify(src/turtlebot3_fake_node) by extension 'colcon_meta'
[0.339s] Level 1:colcon.colcon_core.package_identification:_identify(src/turtlebot3_fake_node) by extensions ['ros']
[0.339s] Level 1:colcon.colcon_core.package_identification:_identify(src/turtlebot3_fake_node) by extension 'ros'
[0.343s] DEBUG:colcon.colcon_core.package_identification:Package 'src/turtlebot3_fake_node' with type 'ros.ament_cmake' and name 'turtlebot3_fake_node'
[0.343s] Level 1:colcon.colcon_core.package_identification:_identify(src/turtlebot3_gazebo) by extensions ['ignore', 'ignore_ament_install']
[0.343s] Level 1:colcon.colcon_core.package_identification:_identify(src/turtlebot3_gazebo) by extension 'ignore'
[0.343s] Level 1:colcon.colcon_core.package_identification:_identify(src/turtlebot3_gazebo) by extension 'ignore_ament_install'
[0.343s] Level 1:colcon.colcon_core.package_identification:_identify(src/turtlebot3_gazebo) by extensions ['colcon_pkg']
[0.343s] Level 1:colcon.colcon_core.package_identification:_identify(src/turtlebot3_gazebo) by extension 'colcon_pkg'
[0.344s] Level 1:colcon.colcon_core.package_identification:_identify(src/turtlebot3_gazebo) by extensions ['colcon_meta']
[0.344s] Level 1:colcon.colcon_core.package_identification:_identify(src/turtlebot3_gazebo) by extension 'colcon_meta'
[0.344s] Level 1:colcon.colcon_core.package_identification:_identify(src/turtlebot3_gazebo) by extensions ['ros']
[0.344s] Level 1:colcon.colcon_core.package_identification:_identify(src/turtlebot3_gazebo) by extension 'ros'
[0.345s] DEBUG:colcon.colcon_core.package_identification:Package 'src/turtlebot3_gazebo' with type 'ros.ament_cmake' and name 'turtlebot3_gazebo'
[0.345s] Level 1:colcon.colcon_core.package_identification:_identify(src/turtlebot3_simulations) by extensions ['ignore', 'ignore_ament_install']
[0.346s] Level 1:colcon.colcon_core.package_identification:_identify(src/turtlebot3_simulations) by extension 'ignore'
[0.346s] Level 1:colcon.colcon_core.package_identification:_identify(src/turtlebot3_simulations) by extension 'ignore_ament_install'
[0.346s] Level 1:colcon.colcon_core.package_identification:_identify(src/turtlebot3_simulations) by extensions ['colcon_pkg']
[0.346s] Level 1:colcon.colcon_core.package_identification:_identify(src/turtlebot3_simulations) by extension 'colcon_pkg'
[0.346s] Level 1:colcon.colcon_core.package_identification:_identify(src/turtlebot3_simulations) by extensions ['colcon_meta']
[0.346s] Level 1:colcon.colcon_core.package_identification:_identify(src/turtlebot3_simulations) by extension 'colcon_meta'
[0.346s] Level 1:colcon.colcon_core.package_identification:_identify(src/turtlebot3_simulations) by extensions ['ros']
[0.346s] Level 1:colcon.colcon_core.package_identification:_identify(src/turtlebot3_simulations) by extension 'ros'
[0.347s] DEBUG:colcon.colcon_core.package_identification:Package 'src/turtlebot3_simulations' with type 'ros.ament_cmake' and name 'turtlebot3_simulations'
[0.347s] Level 1:colcon.colcon_core.package_discovery:discover_packages(recursive) using defaults
[0.347s] Level 1:colcon.colcon_core.package_discovery:discover_packages(ignore) discover
[0.347s] Level 1:colcon.colcon_core.package_discovery:discover_packages(ignore) using defaults
[0.347s] Level 1:colcon.colcon_core.package_discovery:discover_packages(path) discover
[0.347s] Level 1:colcon.colcon_core.package_discovery:discover_packages(path) using defaults
[0.378s] Level 1:colcon.colcon_core.package_discovery:discover_packages(prefix_path) check parameters
[0.378s] Level 1:colcon.colcon_core.package_discovery:discover_packages(prefix_path) discover
[0.379s] WARNING:colcon.colcon_core.prefix_path.colcon:The path '/home/ali-suleiman/slam_project/install' in the environment variable COLCON_PREFIX_PATH doesn't exist
[0.379s] WARNING:colcon.colcon_ros.prefix_path.ament:The path '/home/ali-suleiman/slam_project/install/turtlebot3_simulations' in the environment variable AMENT_PREFIX_PATH doesn't exist
[0.379s] WARNING:colcon.colcon_ros.prefix_path.ament:The path '/home/ali-suleiman/slam_project/install/turtlebot3_gazebo' in the environment variable AMENT_PREFIX_PATH doesn't exist
[0.379s] WARNING:colcon.colcon_ros.prefix_path.ament:The path '/home/ali-suleiman/slam_project/install/turtlebot3_fake_node' in the environment variable AMENT_PREFIX_PATH doesn't exist
[0.380s] WARNING:colcon.colcon_ros.prefix_path.catkin:The path '/home/ali-suleiman/slam_project/install/turtlebot3_simulations' in the environment variable CMAKE_PREFIX_PATH doesn't exist
[0.380s] WARNING:colcon.colcon_ros.prefix_path.catkin:The path '/home/ali-suleiman/slam_project/install/turtlebot3_gazebo' in the environment variable CMAKE_PREFIX_PATH doesn't exist
[0.380s] WARNING:colcon.colcon_ros.prefix_path.catkin:The path '/home/ali-suleiman/slam_project/install/turtlebot3_fake_node' in the environment variable CMAKE_PREFIX_PATH doesn't exist
[0.385s] DEBUG:colcon.colcon_installed_package_information.package_discovery:Found 503 installed packages in /opt/ros/jazzy
[0.387s] Level 1:colcon.colcon_core.package_discovery:discover_packages(prefix_path) using defaults
[0.543s] Level 5:colcon.colcon_core.verb:set package 'turtlebot3_fake_node' build argument 'cmake_args' from command line to 'None'
[0.543s] Level 5:colcon.colcon_core.verb:set package 'turtlebot3_fake_node' build argument 'cmake_target' from command line to 'None'
[0.543s] Level 5:colcon.colcon_core.verb:set package 'turtlebot3_fake_node' build argument 'cmake_target_skip_unavailable' from command line to 'False'
[0.543s] Level 5:colcon.colcon_core.verb:set package 'turtlebot3_fake_node' build argument 'cmake_clean_cache' from command line to 'False'
[0.543s] Level 5:colcon.colcon_core.verb:set package 'turtlebot3_fake_node' build argument 'cmake_clean_first' from command line to 'False'
[0.543s] Level 5:colcon.colcon_core.verb:set package 'turtlebot3_fake_node' build argument 'cmake_force_configure' from command line to 'False'
[0.543s] Level 5:colcon.colcon_core.verb:set package 'turtlebot3_fake_node' build argument 'ament_cmake_args' from command line to 'None'
[0.543s] Level 5:colcon.colcon_core.verb:set package 'turtlebot3_fake_node' build argument 'catkin_cmake_args' from command line to 'None'
[0.543s] Level 5:colcon.colcon_core.verb:set package 'turtlebot3_fake_node' build argument 'catkin_skip_building_tests' from command line to 'False'
[0.543s] DEBUG:colcon.colcon_core.verb:Building package 'turtlebot3_fake_node' with the following arguments: {'ament_cmake_args': None, 'build_base': '/home/ali-suleiman/first_slam_project/build/turtlebot3_fake_node', 'catkin_cmake_args': None, 'catkin_skip_building_tests': False, 'cmake_args': None, 'cmake_clean_cache': False, 'cmake_clean_first': False, 'cmake_force_configure': False, 'cmake_target': None, 'cmake_target_skip_unavailable': False, 'install_base': '/home/ali-suleiman/first_slam_project/install/turtlebot3_fake_node', 'merge_install': False, 'path': '/home/ali-suleiman/first_slam_project/src/turtlebot3_fake_node', 'symlink_install': False, 'test_result_base': None}
[0.544s] Level 5:colcon.colcon_core.verb:set package 'turtlebot3_gazebo' build argument 'cmake_args' from command line to 'None'
[0.544s] Level 5:colcon.colcon_core.verb:set package 'turtlebot3_gazebo' build argument 'cmake_target' from command line to 'None'
[0.544s] Level 5:colcon.colcon_core.verb:set package 'turtlebot3_gazebo' build argument 'cmake_target_skip_unavailable' from command line to 'False'
[0.544s] Level 5:colcon.colcon_core.verb:set package 'turtlebot3_gazebo' build argument 'cmake_clean_cache' from command line to 'False'
[0.544s] Level 5:colcon.colcon_core.verb:set package 'turtlebot3_gazebo' build argument 'cmake_clean_first' from command line to 'False'
[0.544s] Level 5:colcon.colcon_core.verb:set package 'turtlebot3_gazebo' build argument 'cmake_force_configure' from command line to 'False'
[0.544s] Level 5:colcon.colcon_core.verb:set package 'turtlebot3_gazebo' build argument 'ament_cmake_args' from command line to 'None'
[0.544s] Level 5:colcon.colcon_core.verb:set package 'turtlebot3_gazebo' build argument 'catkin_cmake_args' from command line to 'None'
[0.544s] Level 5:colcon.colcon_core.verb:set package 'turtlebot3_gazebo' build argument 'catkin_skip_building_tests' from command line to 'False'
[0.544s] DEBUG:colcon.colcon_core.verb:Building package 'turtlebot3_gazebo' with the following arguments: {'ament_cmake_args': None, 'build_base': '/home/ali-suleiman/first_slam_project/build/turtlebot3_gazebo', 'catkin_cmake_args': None, 'catkin_skip_building_tests': False, 'cmake_args': None, 'cmake_clean_cache': False, 'cmake_clean_first': False, 'cmake_force_configure': False, 'cmake_target': None, 'cmake_target_skip_unavailable': False, 'install_base': '/home/ali-suleiman/first_slam_project/install/turtlebot3_gazebo', 'merge_install': False, 'path': '/home/ali-suleiman/first_slam_project/src/turtlebot3_gazebo', 'symlink_install': False, 'test_result_base': None}
[0.544s] Level 5:colcon.colcon_core.verb:set package 'turtlebot3_simulations' build argument 'cmake_args' from command line to 'None'
[0.544s] Level 5:colcon.colcon_core.verb:set package 'turtlebot3_simulations' build argument 'cmake_target' from command line to 'None'
[0.544s] Level 5:colcon.colcon_core.verb:set package 'turtlebot3_simulations' build argument 'cmake_target_skip_unavailable' from command line to 'False'
[0.544s] Level 5:colcon.colcon_core.verb:set package 'turtlebot3_simulations' build argument 'cmake_clean_cache' from command line to 'False'
[0.544s] Level 5:colcon.colcon_core.verb:set package 'turtlebot3_simulations' build argument 'cmake_clean_first' from command line to 'False'
[0.544s] Level 5:colcon.colcon_core.verb:set package 'turtlebot3_simulations' build argument 'cmake_force_configure' from command line to 'False'
[0.544s] Level 5:colcon.colcon_core.verb:set package 'turtlebot3_simulations' build argument 'ament_cmake_args' from command line to 'None'
[0.544s] Level 5:colcon.colcon_core.verb:set package 'turtlebot3_simulations' build argument 'catkin_cmake_args' from command line to 'None'
[0.545s] Level 5:colcon.colcon_core.verb:set package 'turtlebot3_simulations' build argument 'catkin_skip_building_tests' from command line to 'False'
[0.545s] DEBUG:colcon.colcon_core.verb:Building package 'turtlebot3_simulations' with the following arguments: {'ament_cmake_args': None, 'build_base': '/home/ali-suleiman/first_slam_project/build/turtlebot3_simulations', 'catkin_cmake_args': None, 'catkin_skip_building_tests': False, 'cmake_args': None, 'cmake_clean_cache': False, 'cmake_clean_first': False, 'cmake_force_configure': False, 'cmake_target': None, 'cmake_target_skip_unavailable': False, 'install_base': '/home/ali-suleiman/first_slam_project/install/turtlebot3_simulations', 'merge_install': False, 'path': '/home/ali-suleiman/first_slam_project/src/turtlebot3_simulations', 'symlink_install': False, 'test_result_base': None}
[0.545s] INFO:colcon.colcon_core.executor:Executing jobs using 'parallel' executor
[0.546s] DEBUG:colcon.colcon_parallel_executor.executor.parallel:run_until_complete
[0.546s] INFO:colcon.colcon_ros.task.ament_cmake.build:Building ROS package in '/home/ali-suleiman/first_slam_project/src/turtlebot3_fake_node' with build type 'ament_cmake'
[0.546s] INFO:colcon.colcon_cmake.task.cmake.build:Building CMake package in '/home/ali-suleiman/first_slam_project/src/turtlebot3_fake_node'
[0.550s] INFO:colcon.colcon_core.plugin_system:Skipping extension 'colcon_core.shell.bat': Not used on non-Windows systems
[0.550s] INFO:colcon.colcon_core.shell:Skip shell extension 'powershell' for command environment: Not usable outside of PowerShell
[0.550s] DEBUG:colcon.colcon_core.shell:Skip shell extension 'dsv' for command environment
[0.556s] INFO:colcon.colcon_ros.task.ament_cmake.build:Building ROS package in '/home/ali-suleiman/first_slam_project/src/turtlebot3_gazebo' with build type 'ament_cmake'
[0.556s] INFO:colcon.colcon_cmake.task.cmake.build:Building CMake package in '/home/ali-suleiman/first_slam_project/src/turtlebot3_gazebo'
[0.556s] INFO:colcon.colcon_core.shell:Skip shell extension 'powershell' for command environment: Not usable outside of PowerShell
[0.556s] DEBUG:colcon.colcon_core.shell:Skip shell extension 'dsv' for command environment
[0.565s] DEBUG:colcon.colcon_core.event_handler.log_command:Invoking command in '/home/ali-suleiman/first_slam_project/build/turtlebot3_fake_node': CMAKE_PREFIX_PATH=${CMAKE_PREFIX_PATH}:/opt/ros/jazzy DEBUGINFOD_URLS=https://debuginfod.ubuntu.com /usr/bin/cmake /home/ali-suleiman/first_slam_project/src/turtlebot3_fake_node -DCMAKE_INSTALL_PREFIX=/home/ali-suleiman/first_slam_project/install/turtlebot3_fake_node
[0.570s] DEBUG:colcon.colcon_core.event_handler.log_command:Invoking command in '/home/ali-suleiman/first_slam_project/build/turtlebot3_gazebo': CMAKE_PREFIX_PATH=${CMAKE_PREFIX_PATH}:/opt/ros/jazzy DEBUGINFOD_URLS=https://debuginfod.ubuntu.com /usr/bin/cmake /home/ali-suleiman/first_slam_project/src/turtlebot3_gazebo -DCMAKE_INSTALL_PREFIX=/home/ali-suleiman/first_slam_project/install/turtlebot3_gazebo
[2.477s] DEBUG:colcon.colcon_core.event_handler.log_command:Invoked command in '/home/ali-suleiman/first_slam_project/build/turtlebot3_fake_node' returned '0': CMAKE_PREFIX_PATH=${CMAKE_PREFIX_PATH}:/opt/ros/jazzy DEBUGINFOD_URLS=https://debuginfod.ubuntu.com /usr/bin/cmake /home/ali-suleiman/first_slam_project/src/turtlebot3_fake_node -DCMAKE_INSTALL_PREFIX=/home/ali-suleiman/first_slam_project/install/turtlebot3_fake_node
[2.479s] DEBUG:colcon.colcon_core.event_handler.log_command:Invoking command in '/home/ali-suleiman/first_slam_project/build/turtlebot3_fake_node': CMAKE_PREFIX_PATH=${CMAKE_PREFIX_PATH}:/opt/ros/jazzy DEBUGINFOD_URLS=https://debuginfod.ubuntu.com /usr/bin/cmake --build /home/ali-suleiman/first_slam_project/build/turtlebot3_fake_node -- -j12 -l12
[4.637s] DEBUG:colcon.colcon_core.event_handler.log_command:Invoked command in '/home/ali-suleiman/first_slam_project/build/turtlebot3_gazebo' returned '0': CMAKE_PREFIX_PATH=${CMAKE_PREFIX_PATH}:/opt/ros/jazzy DEBUGINFOD_URLS=https://debuginfod.ubuntu.com /usr/bin/cmake /home/ali-suleiman/first_slam_project/src/turtlebot3_gazebo -DCMAKE_INSTALL_PREFIX=/home/ali-suleiman/first_slam_project/install/turtlebot3_gazebo
[4.639s] DEBUG:colcon.colcon_core.event_handler.log_command:Invoking command in '/home/ali-suleiman/first_slam_project/build/turtlebot3_gazebo': CMAKE_PREFIX_PATH=${CMAKE_PREFIX_PATH}:/opt/ros/jazzy DEBUGINFOD_URLS=https://debuginfod.ubuntu.com /usr/bin/cmake --build /home/ali-suleiman/first_slam_project/build/turtlebot3_gazebo -- -j12 -l12
[17.863s] DEBUG:colcon.colcon_core.event_handler.log_command:Invoked command in '/home/ali-suleiman/first_slam_project/build/turtlebot3_fake_node' returned '0': CMAKE_PREFIX_PATH=${CMAKE_PREFIX_PATH}:/opt/ros/jazzy DEBUGINFOD_URLS=https://debuginfod.ubuntu.com /usr/bin/cmake --build /home/ali-suleiman/first_slam_project/build/turtlebot3_fake_node -- -j12 -l12
[17.876s] DEBUG:colcon.colcon_core.event_handler.log_command:Invoking command in '/home/ali-suleiman/first_slam_project/build/turtlebot3_fake_node': CMAKE_PREFIX_PATH=${CMAKE_PREFIX_PATH}:/opt/ros/jazzy DEBUGINFOD_URLS=https://debuginfod.ubuntu.com /usr/bin/cmake --install /home/ali-suleiman/first_slam_project/build/turtlebot3_fake_node
[17.899s] Level 1:colcon.colcon_core.environment:create_environment_scripts_only(turtlebot3_fake_node)
[17.899s] DEBUG:colcon.colcon_core.event_handler.log_command:Invoked command in '/home/ali-suleiman/first_slam_project/build/turtlebot3_fake_node' returned '0': CMAKE_PREFIX_PATH=${CMAKE_PREFIX_PATH}:/opt/ros/jazzy DEBUGINFOD_URLS=https://debuginfod.ubuntu.com /usr/bin/cmake --install /home/ali-suleiman/first_slam_project/build/turtlebot3_fake_node
[17.904s] Level 1:colcon.colcon_core.environment:checking '/home/ali-suleiman/first_slam_project/install/turtlebot3_fake_node' for CMake module files
[17.906s] Level 1:colcon.colcon_core.environment:checking '/home/ali-suleiman/first_slam_project/install/turtlebot3_fake_node' for CMake config files
[17.906s] Level 1:colcon.colcon_core.shell:create_environment_hook('turtlebot3_fake_node', 'cmake_prefix_path')
[17.907s] INFO:colcon.colcon_core.shell:Creating environment hook '/home/ali-suleiman/first_slam_project/install/turtlebot3_fake_node/share/turtlebot3_fake_node/hook/cmake_prefix_path.ps1'
[17.908s] INFO:colcon.colcon_core.shell:Creating environment descriptor '/home/ali-suleiman/first_slam_project/install/turtlebot3_fake_node/share/turtlebot3_fake_node/hook/cmake_prefix_path.dsv'
[17.908s] INFO:colcon.colcon_core.shell:Creating environment hook '/home/ali-suleiman/first_slam_project/install/turtlebot3_fake_node/share/turtlebot3_fake_node/hook/cmake_prefix_path.sh'
[17.910s] Level 1:colcon.colcon_core.environment:checking '/home/ali-suleiman/first_slam_project/install/turtlebot3_fake_node/lib'
[17.910s] Level 1:colcon.colcon_core.environment:checking '/home/ali-suleiman/first_slam_project/install/turtlebot3_fake_node/bin'
[17.910s] Level 1:colcon.colcon_core.environment:checking '/home/ali-suleiman/first_slam_project/install/turtlebot3_fake_node/lib/pkgconfig/turtlebot3_fake_node.pc'
[17.910s] Level 1:colcon.colcon_core.environment:checking '/home/ali-suleiman/first_slam_project/install/turtlebot3_fake_node/lib/python3.12/site-packages'
[17.911s] Level 1:colcon.colcon_core.environment:checking '/home/ali-suleiman/first_slam_project/install/turtlebot3_fake_node/bin'
[17.911s] INFO:colcon.colcon_core.shell:Creating package script '/home/ali-suleiman/first_slam_project/install/turtlebot3_fake_node/share/turtlebot3_fake_node/package.ps1'
[17.912s] INFO:colcon.colcon_core.shell:Creating package descriptor '/home/ali-suleiman/first_slam_project/install/turtlebot3_fake_node/share/turtlebot3_fake_node/package.dsv'
[17.913s] INFO:colcon.colcon_core.shell:Creating package script '/home/ali-suleiman/first_slam_project/install/turtlebot3_fake_node/share/turtlebot3_fake_node/package.sh'
[17.914s] INFO:colcon.colcon_core.shell:Creating package script '/home/ali-suleiman/first_slam_project/install/turtlebot3_fake_node/share/turtlebot3_fake_node/package.bash'
[17.914s] INFO:colcon.colcon_core.shell:Creating package script '/home/ali-suleiman/first_slam_project/install/turtlebot3_fake_node/share/turtlebot3_fake_node/package.zsh'
[17.915s] Level 1:colcon.colcon_core.environment:create_file_with_runtime_dependencies(/home/ali-suleiman/first_slam_project/install/turtlebot3_fake_node/share/colcon-core/packages/turtlebot3_fake_node)
[17.916s] Level 1:colcon.colcon_core.environment:create_environment_scripts_only(turtlebot3_fake_node)
[17.916s] Level 1:colcon.colcon_core.environment:checking '/home/ali-suleiman/first_slam_project/install/turtlebot3_fake_node' for CMake module files
[17.917s] Level 1:colcon.colcon_core.environment:checking '/home/ali-suleiman/first_slam_project/install/turtlebot3_fake_node' for CMake config files
[17.917s] Level 1:colcon.colcon_core.shell:create_environment_hook('turtlebot3_fake_node', 'cmake_prefix_path')
[17.917s] INFO:colcon.colcon_core.shell:Creating environment hook '/home/ali-suleiman/first_slam_project/install/turtlebot3_fake_node/share/turtlebot3_fake_node/hook/cmake_prefix_path.ps1'
[17.918s] INFO:colcon.colcon_core.shell:Creating environment descriptor '/home/ali-suleiman/first_slam_project/install/turtlebot3_fake_node/share/turtlebot3_fake_node/hook/cmake_prefix_path.dsv'
[17.918s] INFO:colcon.colcon_core.shell:Creating environment hook '/home/ali-suleiman/first_slam_project/install/turtlebot3_fake_node/share/turtlebot3_fake_node/hook/cmake_prefix_path.sh'
[17.919s] Level 1:colcon.colcon_core.environment:checking '/home/ali-suleiman/first_slam_project/install/turtlebot3_fake_node/lib'
[17.919s] Level 1:colcon.colcon_core.environment:checking '/home/ali-suleiman/first_slam_project/install/turtlebot3_fake_node/bin'
[17.919s] Level 1:colcon.colcon_core.environment:checking '/home/ali-suleiman/first_slam_project/install/turtlebot3_fake_node/lib/pkgconfig/turtlebot3_fake_node.pc'
[17.919s] Level 1:colcon.colcon_core.environment:checking '/home/ali-suleiman/first_slam_project/install/turtlebot3_fake_node/lib/python3.12/site-packages'
[17.920s] Level 1:colcon.colcon_core.environment:checking '/home/ali-suleiman/first_slam_project/install/turtlebot3_fake_node/bin'
[17.920s] INFO:colcon.colcon_core.shell:Creating package script '/home/ali-suleiman/first_slam_project/install/turtlebot3_fake_node/share/turtlebot3_fake_node/package.ps1'
[17.921s] INFO:colcon.colcon_core.shell:Creating package descriptor '/home/ali-suleiman/first_slam_project/install/turtlebot3_fake_node/share/turtlebot3_fake_node/package.dsv'
[17.922s] INFO:colcon.colcon_core.shell:Creating package script '/home/ali-suleiman/first_slam_project/install/turtlebot3_fake_node/share/turtlebot3_fake_node/package.sh'
[17.923s] INFO:colcon.colcon_core.shell:Creating package script '/home/ali-suleiman/first_slam_project/install/turtlebot3_fake_node/share/turtlebot3_fake_node/package.bash'
[17.924s] INFO:colcon.colcon_core.shell:Creating package script '/home/ali-suleiman/first_slam_project/install/turtlebot3_fake_node/share/turtlebot3_fake_node/package.zsh'
[17.925s] Level 1:colcon.colcon_core.environment:create_file_with_runtime_dependencies(/home/ali-suleiman/first_slam_project/install/turtlebot3_fake_node/share/colcon-core/packages/turtlebot3_fake_node)
[20.779s] DEBUG:colcon.colcon_core.event_handler.log_command:Invoked command in '/home/ali-suleiman/first_slam_project/build/turtlebot3_gazebo' returned '0': CMAKE_PREFIX_PATH=${CMAKE_PREFIX_PATH}:/opt/ros/jazzy DEBUGINFOD_URLS=https://debuginfod.ubuntu.com /usr/bin/cmake --build /home/ali-suleiman/first_slam_project/build/turtlebot3_gazebo -- -j12 -l12
[20.781s] DEBUG:colcon.colcon_core.event_handler.log_command:Invoking command in '/home/ali-suleiman/first_slam_project/build/turtlebot3_gazebo': CMAKE_PREFIX_PATH=${CMAKE_PREFIX_PATH}:/opt/ros/jazzy DEBUGINFOD_URLS=https://debuginfod.ubuntu.com /usr/bin/cmake --install /home/ali-suleiman/first_slam_project/build/turtlebot3_gazebo
[20.864s] Level 1:colcon.colcon_core.environment:create_environment_scripts_only(turtlebot3_gazebo)
[20.865s] Level 1:colcon.colcon_core.environment:checking '/home/ali-suleiman/first_slam_project/install/turtlebot3_gazebo' for CMake module files
[20.865s] DEBUG:colcon.colcon_core.event_handler.log_command:Invoked command in '/home/ali-suleiman/first_slam_project/build/turtlebot3_gazebo' returned '0': CMAKE_PREFIX_PATH=${CMAKE_PREFIX_PATH}:/opt/ros/jazzy DEBUGINFOD_URLS=https://debuginfod.ubuntu.com /usr/bin/cmake --install /home/ali-suleiman/first_slam_project/build/turtlebot3_gazebo
[20.866s] Level 1:colcon.colcon_core.environment:checking '/home/ali-suleiman/first_slam_project/install/turtlebot3_gazebo' for CMake config files
[20.866s] Level 1:colcon.colcon_core.shell:create_environment_hook('turtlebot3_gazebo', 'cmake_prefix_path')
[20.866s] INFO:colcon.colcon_core.shell:Creating environment hook '/home/ali-suleiman/first_slam_project/install/turtlebot3_gazebo/share/turtlebot3_gazebo/hook/cmake_prefix_path.ps1'
[20.867s] INFO:colcon.colcon_core.shell:Creating environment descriptor '/home/ali-suleiman/first_slam_project/install/turtlebot3_gazebo/share/turtlebot3_gazebo/hook/cmake_prefix_path.dsv'
[20.867s] INFO:colcon.colcon_core.shell:Creating environment hook '/home/ali-suleiman/first_slam_project/install/turtlebot3_gazebo/share/turtlebot3_gazebo/hook/cmake_prefix_path.sh'
[20.868s] Level 1:colcon.colcon_core.environment:checking '/home/ali-suleiman/first_slam_project/install/turtlebot3_gazebo/lib'
[20.868s] Level 1:colcon.colcon_core.environment:checking '/home/ali-suleiman/first_slam_project/install/turtlebot3_gazebo/bin'
[20.868s] Level 1:colcon.colcon_core.environment:checking '/home/ali-suleiman/first_slam_project/install/turtlebot3_gazebo/lib/pkgconfig/turtlebot3_gazebo.pc'
[20.868s] Level 1:colcon.colcon_core.environment:checking '/home/ali-suleiman/first_slam_project/install/turtlebot3_gazebo/lib/python3.12/site-packages'
[20.869s] Level 1:colcon.colcon_core.environment:checking '/home/ali-suleiman/first_slam_project/install/turtlebot3_gazebo/bin'
[20.869s] INFO:colcon.colcon_core.shell:Creating package script '/home/ali-suleiman/first_slam_project/install/turtlebot3_gazebo/share/turtlebot3_gazebo/package.ps1'
[20.870s] INFO:colcon.colcon_core.shell:Creating package descriptor '/home/ali-suleiman/first_slam_project/install/turtlebot3_gazebo/share/turtlebot3_gazebo/package.dsv'
[20.870s] INFO:colcon.colcon_core.shell:Creating package script '/home/ali-suleiman/first_slam_project/install/turtlebot3_gazebo/share/turtlebot3_gazebo/package.sh'
[20.871s] INFO:colcon.colcon_core.shell:Creating package script '/home/ali-suleiman/first_slam_project/install/turtlebot3_gazebo/share/turtlebot3_gazebo/package.bash'
[20.871s] INFO:colcon.colcon_core.shell:Creating package script '/home/ali-suleiman/first_slam_project/install/turtlebot3_gazebo/share/turtlebot3_gazebo/package.zsh'
[20.872s] Level 1:colcon.colcon_core.environment:create_file_with_runtime_dependencies(/home/ali-suleiman/first_slam_project/install/turtlebot3_gazebo/share/colcon-core/packages/turtlebot3_gazebo)
[20.872s] Level 1:colcon.colcon_core.environment:create_environment_scripts_only(turtlebot3_gazebo)
[20.873s] Level 1:colcon.colcon_core.environment:checking '/home/ali-suleiman/first_slam_project/install/turtlebot3_gazebo' for CMake module files
[20.873s] Level 1:colcon.colcon_core.environment:checking '/home/ali-suleiman/first_slam_project/install/turtlebot3_gazebo' for CMake config files
[20.874s] Level 1:colcon.colcon_core.shell:create_environment_hook('turtlebot3_gazebo', 'cmake_prefix_path')
[20.874s] INFO:colcon.colcon_core.shell:Creating environment hook '/home/ali-suleiman/first_slam_project/install/turtlebot3_gazebo/share/turtlebot3_gazebo/hook/cmake_prefix_path.ps1'
[20.874s] INFO:colcon.colcon_core.shell:Creating environment descriptor '/home/ali-suleiman/first_slam_project/install/turtlebot3_gazebo/share/turtlebot3_gazebo/hook/cmake_prefix_path.dsv'
[20.875s] INFO:colcon.colcon_core.shell:Creating environment hook '/home/ali-suleiman/first_slam_project/install/turtlebot3_gazebo/share/turtlebot3_gazebo/hook/cmake_prefix_path.sh'
[20.876s] Level 1:colcon.colcon_core.environment:checking '/home/ali-suleiman/first_slam_project/install/turtlebot3_gazebo/lib'
[20.876s] Level 1:colcon.colcon_core.environment:checking '/home/ali-suleiman/first_slam_project/install/turtlebot3_gazebo/bin'
[20.876s] Level 1:colcon.colcon_core.environment:checking '/home/ali-suleiman/first_slam_project/install/turtlebot3_gazebo/lib/pkgconfig/turtlebot3_gazebo.pc'
[20.876s] Level 1:colcon.colcon_core.environment:checking '/home/ali-suleiman/first_slam_project/install/turtlebot3_gazebo/lib/python3.12/site-packages'
[20.876s] Level 1:colcon.colcon_core.environment:checking '/home/ali-suleiman/first_slam_project/install/turtlebot3_gazebo/bin'
[20.877s] INFO:colcon.colcon_core.shell:Creating package script '/home/ali-suleiman/first_slam_project/install/turtlebot3_gazebo/share/turtlebot3_gazebo/package.ps1'
[20.877s] INFO:colcon.colcon_core.shell:Creating package descriptor '/home/ali-suleiman/first_slam_project/install/turtlebot3_gazebo/share/turtlebot3_gazebo/package.dsv'
[20.878s] INFO:colcon.colcon_core.shell:Creating package script '/home/ali-suleiman/first_slam_project/install/turtlebot3_gazebo/share/turtlebot3_gazebo/package.sh'
[20.879s] INFO:colcon.colcon_core.shell:Creating package script '/home/ali-suleiman/first_slam_project/install/turtlebot3_gazebo/share/turtlebot3_gazebo/package.bash'
[20.879s] INFO:colcon.colcon_core.shell:Creating package script '/home/ali-suleiman/first_slam_project/install/turtlebot3_gazebo/share/turtlebot3_gazebo/package.zsh'
[20.880s] Level 1:colcon.colcon_core.environment:create_file_with_runtime_dependencies(/home/ali-suleiman/first_slam_project/install/turtlebot3_gazebo/share/colcon-core/packages/turtlebot3_gazebo)
[20.880s] INFO:colcon.colcon_ros.task.ament_cmake.build:Building ROS package in '/home/ali-suleiman/first_slam_project/src/turtlebot3_simulations' with build type 'ament_cmake'
[20.880s] INFO:colcon.colcon_cmake.task.cmake.build:Building CMake package in '/home/ali-suleiman/first_slam_project/src/turtlebot3_simulations'
[20.880s] INFO:colcon.colcon_core.shell:Skip shell extension 'powershell' for command environment: Not usable outside of PowerShell
[20.880s] DEBUG:colcon.colcon_core.shell:Skip shell extension 'dsv' for command environment
[20.895s] DEBUG:colcon.colcon_core.event_handler.log_command:Invoking command in '/home/ali-suleiman/first_slam_project/build/turtlebot3_simulations': AMENT_PREFIX_PATH=/home/ali-suleiman/first_slam_project/install/turtlebot3_gazebo:/home/ali-suleiman/first_slam_project/install/turtlebot3_fake_node:${AMENT_PREFIX_PATH} CMAKE_PREFIX_PATH=/home/ali-suleiman/first_slam_project/install/turtlebot3_gazebo:/home/ali-suleiman/first_slam_project/install/turtlebot3_fake_node:/home/ali-suleiman/slam_project/install/turtlebot3_simulations:/home/ali-suleiman/slam_project/install/turtlebot3_gazebo:/home/ali-suleiman/slam_project/install/turtlebot3_fake_node:/opt/ros/jazzy/opt/gz_sim_vendor:/opt/ros/jazzy/opt/gz_sensors_vendor:/opt/ros/jazzy/opt/gz_physics_vendor:/opt/ros/jazzy/opt/sdformat_vendor:/opt/ros/jazzy/opt/gz_gui_vendor:/opt/ros/jazzy/opt/gz_transport_vendor:/opt/ros/jazzy/opt/gz_rendering_vendor:/opt/ros/jazzy/opt/gz_plugin_vendor:/opt/ros/jazzy/opt/gz_fuel_tools_vendor:/opt/ros/jazzy/opt/gz_msgs_vendor:/opt/ros/jazzy/opt/gz_common_vendor:/opt/ros/jazzy/opt/gz_math_vendor:/opt/ros/jazzy/opt/gz_utils_vendor:/opt/ros/jazzy/opt/gz_tools_vendor:/opt/ros/jazzy/opt/gz_ogre_next_vendor:/opt/ros/jazzy/opt/gz_dartsim_vendor:/opt/ros/jazzy/opt/gz_cmake_vendor:/opt/ros/jazzy DEBUGINFOD_URLS=https://debuginfod.ubuntu.com /usr/bin/cmake /home/ali-suleiman/first_slam_project/src/turtlebot3_simulations -DCMAKE_INSTALL_PREFIX=/home/ali-suleiman/first_slam_project/install/turtlebot3_simulations
[21.889s] DEBUG:colcon.colcon_core.event_handler.log_command:Invoked command in '/home/ali-suleiman/first_slam_project/build/turtlebot3_simulations' returned '0': AMENT_PREFIX_PATH=/home/ali-suleiman/first_slam_project/install/turtlebot3_gazebo:/home/ali-suleiman/first_slam_project/install/turtlebot3_fake_node:${AMENT_PREFIX_PATH} CMAKE_PREFIX_PATH=/home/ali-suleiman/first_slam_project/install/turtlebot3_gazebo:/home/ali-suleiman/first_slam_project/install/turtlebot3_fake_node:/home/ali-suleiman/slam_project/install/turtlebot3_simulations:/home/ali-suleiman/slam_project/install/turtlebot3_gazebo:/home/ali-suleiman/slam_project/install/turtlebot3_fake_node:/opt/ros/jazzy/opt/gz_sim_vendor:/opt/ros/jazzy/opt/gz_sensors_vendor:/opt/ros/jazzy/opt/gz_physics_vendor:/opt/ros/jazzy/opt/sdformat_vendor:/opt/ros/jazzy/opt/gz_gui_vendor:/opt/ros/jazzy/opt/gz_transport_vendor:/opt/ros/jazzy/opt/gz_rendering_vendor:/opt/ros/jazzy/opt/gz_plugin_vendor:/opt/ros/jazzy/opt/gz_fuel_tools_vendor:/opt/ros/jazzy/opt/gz_msgs_vendor:/opt/ros/jazzy/opt/gz_common_vendor:/opt/ros/jazzy/opt/gz_math_vendor:/opt/ros/jazzy/opt/gz_utils_vendor:/opt/ros/jazzy/opt/gz_tools_vendor:/opt/ros/jazzy/opt/gz_ogre_next_vendor:/opt/ros/jazzy/opt/gz_dartsim_vendor:/opt/ros/jazzy/opt/gz_cmake_vendor:/opt/ros/jazzy DEBUGINFOD_URLS=https://debuginfod.ubuntu.com /usr/bin/cmake /home/ali-suleiman/first_slam_project/src/turtlebot3_simulations -DCMAKE_INSTALL_PREFIX=/home/ali-suleiman/first_slam_project/install/turtlebot3_simulations
[21.890s] DEBUG:colcon.colcon_core.event_handler.log_command:Invoking command in '/home/ali-suleiman/first_slam_project/build/turtlebot3_simulations': AMENT_PREFIX_PATH=/home/ali-suleiman/first_slam_project/install/turtlebot3_gazebo:/home/ali-suleiman/first_slam_project/install/turtlebot3_fake_node:${AMENT_PREFIX_PATH} CMAKE_PREFIX_PATH=/home/ali-suleiman/first_slam_project/install/turtlebot3_gazebo:/home/ali-suleiman/first_slam_project/install/turtlebot3_fake_node:/home/ali-suleiman/slam_project/install/turtlebot3_simulations:/home/ali-suleiman/slam_project/install/turtlebot3_gazebo:/home/ali-suleiman/slam_project/install/turtlebot3_fake_node:/opt/ros/jazzy/opt/gz_sim_vendor:/opt/ros/jazzy/opt/gz_sensors_vendor:/opt/ros/jazzy/opt/gz_physics_vendor:/opt/ros/jazzy/opt/sdformat_vendor:/opt/ros/jazzy/opt/gz_gui_vendor:/opt/ros/jazzy/opt/gz_transport_vendor:/opt/ros/jazzy/opt/gz_rendering_vendor:/opt/ros/jazzy/opt/gz_plugin_vendor:/opt/ros/jazzy/opt/gz_fuel_tools_vendor:/opt/ros/jazzy/opt/gz_msgs_vendor:/opt/ros/jazzy/opt/gz_common_vendor:/opt/ros/jazzy/opt/gz_math_vendor:/opt/ros/jazzy/opt/gz_utils_vendor:/opt/ros/jazzy/opt/gz_tools_vendor:/opt/ros/jazzy/opt/gz_ogre_next_vendor:/opt/ros/jazzy/opt/gz_dartsim_vendor:/opt/ros/jazzy/opt/gz_cmake_vendor:/opt/ros/jazzy DEBUGINFOD_URLS=https://debuginfod.ubuntu.com /usr/bin/cmake --build /home/ali-suleiman/first_slam_project/build/turtlebot3_simulations -- -j12 -l12
[21.945s] DEBUG:colcon.colcon_core.event_handler.log_command:Invoked command in '/home/ali-suleiman/first_slam_project/build/turtlebot3_simulations' returned '0': AMENT_PREFIX_PATH=/home/ali-suleiman/first_slam_project/install/turtlebot3_gazebo:/home/ali-suleiman/first_slam_project/install/turtlebot3_fake_node:${AMENT_PREFIX_PATH} CMAKE_PREFIX_PATH=/home/ali-suleiman/first_slam_project/install/turtlebot3_gazebo:/home/ali-suleiman/first_slam_project/install/turtlebot3_fake_node:/home/ali-suleiman/slam_project/install/turtlebot3_simulations:/home/ali-suleiman/slam_project/install/turtlebot3_gazebo:/home/ali-suleiman/slam_project/install/turtlebot3_fake_node:/opt/ros/jazzy/opt/gz_sim_vendor:/opt/ros/jazzy/opt/gz_sensors_vendor:/opt/ros/jazzy/opt/gz_physics_vendor:/opt/ros/jazzy/opt/sdformat_vendor:/opt/ros/jazzy/opt/gz_gui_vendor:/opt/ros/jazzy/opt/gz_transport_vendor:/opt/ros/jazzy/opt/gz_rendering_vendor:/opt/ros/jazzy/opt/gz_plugin_vendor:/opt/ros/jazzy/opt/gz_fuel_tools_vendor:/opt/ros/jazzy/opt/gz_msgs_vendor:/opt/ros/jazzy/opt/gz_common_vendor:/opt/ros/jazzy/opt/gz_math_vendor:/opt/ros/jazzy/opt/gz_utils_vendor:/opt/ros/jazzy/opt/gz_tools_vendor:/opt/ros/jazzy/opt/gz_ogre_next_vendor:/opt/ros/jazzy/opt/gz_dartsim_vendor:/opt/ros/jazzy/opt/gz_cmake_vendor:/opt/ros/jazzy DEBUGINFOD_URLS=https://debuginfod.ubuntu.com /usr/bin/cmake --build /home/ali-suleiman/first_slam_project/build/turtlebot3_simulations -- -j12 -l12
[21.946s] DEBUG:colcon.colcon_core.event_handler.log_command:Invoking command in '/home/ali-suleiman/first_slam_project/build/turtlebot3_simulations': AMENT_PREFIX_PATH=/home/ali-suleiman/first_slam_project/install/turtlebot3_gazebo:/home/ali-suleiman/first_slam_project/install/turtlebot3_fake_node:${AMENT_PREFIX_PATH} CMAKE_PREFIX_PATH=/home/ali-suleiman/first_slam_project/install/turtlebot3_gazebo:/home/ali-suleiman/first_slam_project/install/turtlebot3_fake_node:/home/ali-suleiman/slam_project/install/turtlebot3_simulations:/home/ali-suleiman/slam_project/install/turtlebot3_gazebo:/home/ali-suleiman/slam_project/install/turtlebot3_fake_node:/opt/ros/jazzy/opt/gz_sim_vendor:/opt/ros/jazzy/opt/gz_sensors_vendor:/opt/ros/jazzy/opt/gz_physics_vendor:/opt/ros/jazzy/opt/sdformat_vendor:/opt/ros/jazzy/opt/gz_gui_vendor:/opt/ros/jazzy/opt/gz_transport_vendor:/opt/ros/jazzy/opt/gz_rendering_vendor:/opt/ros/jazzy/opt/gz_plugin_vendor:/opt/ros/jazzy/opt/gz_fuel_tools_vendor:/opt/ros/jazzy/opt/gz_msgs_vendor:/opt/ros/jazzy/opt/gz_common_vendor:/opt/ros/jazzy/opt/gz_math_vendor:/opt/ros/jazzy/opt/gz_utils_vendor:/opt/ros/jazzy/opt/gz_tools_vendor:/opt/ros/jazzy/opt/gz_ogre_next_vendor:/opt/ros/jazzy/opt/gz_dartsim_vendor:/opt/ros/jazzy/opt/gz_cmake_vendor:/opt/ros/jazzy DEBUGINFOD_URLS=https://debuginfod.ubuntu.com /usr/bin/cmake --install /home/ali-suleiman/first_slam_project/build/turtlebot3_simulations
[21.961s] Level 1:colcon.colcon_core.environment:create_environment_scripts_only(turtlebot3_simulations)
[21.961s] Level 1:colcon.colcon_core.environment:checking '/home/ali-suleiman/first_slam_project/install/turtlebot3_simulations' for CMake module files
[21.962s] DEBUG:colcon.colcon_core.event_handler.log_command:Invoked command in '/home/ali-suleiman/first_slam_project/build/turtlebot3_simulations' returned '0': AMENT_PREFIX_PATH=/home/ali-suleiman/first_slam_project/install/turtlebot3_gazebo:/home/ali-suleiman/first_slam_project/install/turtlebot3_fake_node:${AMENT_PREFIX_PATH} CMAKE_PREFIX_PATH=/home/ali-suleiman/first_slam_project/install/turtlebot3_gazebo:/home/ali-suleiman/first_slam_project/install/turtlebot3_fake_node:/home/ali-suleiman/slam_project/install/turtlebot3_simulations:/home/ali-suleiman/slam_project/install/turtlebot3_gazebo:/home/ali-suleiman/slam_project/install/turtlebot3_fake_node:/opt/ros/jazzy/opt/gz_sim_vendor:/opt/ros/jazzy/opt/gz_sensors_vendor:/opt/ros/jazzy/opt/gz_physics_vendor:/opt/ros/jazzy/opt/sdformat_vendor:/opt/ros/jazzy/opt/gz_gui_vendor:/opt/ros/jazzy/opt/gz_transport_vendor:/opt/ros/jazzy/opt/gz_rendering_vendor:/opt/ros/jazzy/opt/gz_plugin_vendor:/opt/ros/jazzy/opt/gz_fuel_tools_vendor:/opt/ros/jazzy/opt/gz_msgs_vendor:/opt/ros/jazzy/opt/gz_common_vendor:/opt/ros/jazzy/opt/gz_math_vendor:/opt/ros/jazzy/opt/gz_utils_vendor:/opt/ros/jazzy/opt/gz_tools_vendor:/opt/ros/jazzy/opt/gz_ogre_next_vendor:/opt/ros/jazzy/opt/gz_dartsim_vendor:/opt/ros/jazzy/opt/gz_cmake_vendor:/opt/ros/jazzy DEBUGINFOD_URLS=https://debuginfod.ubuntu.com /usr/bin/cmake --install /home/ali-suleiman/first_slam_project/build/turtlebot3_simulations
[21.962s] Level 1:colcon.colcon_core.environment:checking '/home/ali-suleiman/first_slam_project/install/turtlebot3_simulations' for CMake config files
[21.962s] Level 1:colcon.colcon_core.shell:create_environment_hook('turtlebot3_simulations', 'cmake_prefix_path')
[21.963s] INFO:colcon.colcon_core.shell:Creating environment hook '/home/ali-suleiman/first_slam_project/install/turtlebot3_simulations/share/turtlebot3_simulations/hook/cmake_prefix_path.ps1'
[21.963s] INFO:colcon.colcon_core.shell:Creating environment descriptor '/home/ali-suleiman/first_slam_project/install/turtlebot3_simulations/share/turtlebot3_simulations/hook/cmake_prefix_path.dsv'
[21.964s] INFO:colcon.colcon_core.shell:Creating environment hook '/home/ali-suleiman/first_slam_project/install/turtlebot3_simulations/share/turtlebot3_simulations/hook/cmake_prefix_path.sh'
[21.964s] Level 1:colcon.colcon_core.environment:checking '/home/ali-suleiman/first_slam_project/install/turtlebot3_simulations/bin'
[21.964s] Level 1:colcon.colcon_core.environment:checking '/home/ali-suleiman/first_slam_project/install/turtlebot3_simulations/lib/pkgconfig/turtlebot3_simulations.pc'
[21.965s] Level 1:colcon.colcon_core.environment:checking '/home/ali-suleiman/first_slam_project/install/turtlebot3_simulations/lib/python3.12/site-packages'
[21.965s] Level 1:colcon.colcon_core.environment:checking '/home/ali-suleiman/first_slam_project/install/turtlebot3_simulations/bin'
[21.965s] INFO:colcon.colcon_core.shell:Creating package script '/home/ali-suleiman/first_slam_project/install/turtlebot3_simulations/share/turtlebot3_simulations/package.ps1'
[21.966s] INFO:colcon.colcon_core.shell:Creating package descriptor '/home/ali-suleiman/first_slam_project/install/turtlebot3_simulations/share/turtlebot3_simulations/package.dsv'
[21.966s] INFO:colcon.colcon_core.shell:Creating package script '/home/ali-suleiman/first_slam_project/install/turtlebot3_simulations/share/turtlebot3_simulations/package.sh'
[21.967s] INFO:colcon.colcon_core.shell:Creating package script '/home/ali-suleiman/first_slam_project/install/turtlebot3_simulations/share/turtlebot3_simulations/package.bash'
[21.967s] INFO:colcon.colcon_core.shell:Creating package script '/home/ali-suleiman/first_slam_project/install/turtlebot3_simulations/share/turtlebot3_simulations/package.zsh'
[21.968s] Level 1:colcon.colcon_core.environment:create_file_with_runtime_dependencies(/home/ali-suleiman/first_slam_project/install/turtlebot3_simulations/share/colcon-core/packages/turtlebot3_simulations)
[21.968s] Level 1:colcon.colcon_core.environment:create_environment_scripts_only(turtlebot3_simulations)
[21.969s] Level 1:colcon.colcon_core.environment:checking '/home/ali-suleiman/first_slam_project/install/turtlebot3_simulations' for CMake module files
[21.969s] Level 1:colcon.colcon_core.environment:checking '/home/ali-suleiman/first_slam_project/install/turtlebot3_simulations' for CMake config files
[21.969s] Level 1:colcon.colcon_core.shell:create_environment_hook('turtlebot3_simulations', 'cmake_prefix_path')
[21.970s] INFO:colcon.colcon_core.shell:Creating environment hook '/home/ali-suleiman/first_slam_project/install/turtlebot3_simulations/share/turtlebot3_simulations/hook/cmake_prefix_path.ps1'
[21.970s] INFO:colcon.colcon_core.shell:Creating environment descriptor '/home/ali-suleiman/first_slam_project/install/turtlebot3_simulations/share/turtlebot3_simulations/hook/cmake_prefix_path.dsv'
[21.971s] INFO:colcon.colcon_core.shell:Creating environment hook '/home/ali-suleiman/first_slam_project/install/turtlebot3_simulations/share/turtlebot3_simulations/hook/cmake_prefix_path.sh'
[21.971s] Level 1:colcon.colcon_core.environment:checking '/home/ali-suleiman/first_slam_project/install/turtlebot3_simulations/bin'
[21.971s] Level 1:colcon.colcon_core.environment:checking '/home/ali-suleiman/first_slam_project/install/turtlebot3_simulations/lib/pkgconfig/turtlebot3_simulations.pc'
[21.972s] Level 1:colcon.colcon_core.environment:checking '/home/ali-suleiman/first_slam_project/install/turtlebot3_simulations/lib/python3.12/site-packages'
[21.972s] Level 1:colcon.colcon_core.environment:checking '/home/ali-suleiman/first_slam_project/install/turtlebot3_simulations/bin'
[21.973s] INFO:colcon.colcon_core.shell:Creating package script '/home/ali-suleiman/first_slam_project/install/turtlebot3_simulations/share/turtlebot3_simulations/package.ps1'
[21.974s] INFO:colcon.colcon_core.shell:Creating package descriptor '/home/ali-suleiman/first_slam_project/install/turtlebot3_simulations/share/turtlebot3_simulations/package.dsv'
[21.975s] INFO:colcon.colcon_core.shell:Creating package script '/home/ali-suleiman/first_slam_project/install/turtlebot3_simulations/share/turtlebot3_simulations/package.sh'
[21.975s] INFO:colcon.colcon_core.shell:Creating package script '/home/ali-suleiman/first_slam_project/install/turtlebot3_simulations/share/turtlebot3_simulations/package.bash'
[21.976s] INFO:colcon.colcon_core.shell:Creating package script '/home/ali-suleiman/first_slam_project/install/turtlebot3_simulations/share/turtlebot3_simulations/package.zsh'
[21.977s] Level 1:colcon.colcon_core.environment:create_file_with_runtime_dependencies(/home/ali-suleiman/first_slam_project/install/turtlebot3_simulations/share/colcon-core/packages/turtlebot3_simulations)
[21.977s] DEBUG:colcon.colcon_parallel_executor.executor.parallel:closing loop
[21.978s] DEBUG:colcon.colcon_parallel_executor.executor.parallel:loop closed
[21.978s] DEBUG:colcon.colcon_parallel_executor.executor.parallel:run_until_complete finished with '0'
[21.978s] DEBUG:colcon.colcon_core.event_reactor:joining thread
[21.985s] INFO:colcon.colcon_core.plugin_system:Skipping extension 'colcon_notification.desktop_notification.terminal_notifier': Not used on non-Darwin systems
[21.986s] INFO:colcon.colcon_core.plugin_system:Skipping extension 'colcon_notification.desktop_notification.win32': Not used on non-Windows systems
[21.986s] INFO:colcon.colcon_notification.desktop_notification:Sending desktop notification using 'notify2'
[22.008s] DEBUG:colcon.colcon_core.event_reactor:joined thread
[22.009s] INFO:colcon.colcon_core.shell:Creating prefix script '/home/ali-suleiman/first_slam_project/install/local_setup.ps1'
[22.010s] INFO:colcon.colcon_core.shell:Creating prefix util module '/home/ali-suleiman/first_slam_project/install/_local_setup_util_ps1.py'
[22.011s] INFO:colcon.colcon_core.shell:Creating prefix chain script '/home/ali-suleiman/first_slam_project/install/setup.ps1'
[22.012s] INFO:colcon.colcon_core.shell:Creating prefix script '/home/ali-suleiman/first_slam_project/install/local_setup.sh'
[22.013s] INFO:colcon.colcon_core.shell:Creating prefix util module '/home/ali-suleiman/first_slam_project/install/_local_setup_util_sh.py'
[22.014s] INFO:colcon.colcon_core.shell:Creating prefix chain script '/home/ali-suleiman/first_slam_project/install/setup.sh'
[22.015s] INFO:colcon.colcon_core.shell:Creating prefix script '/home/ali-suleiman/first_slam_project/install/local_setup.bash'
[22.016s] INFO:colcon.colcon_core.shell:Creating prefix chain script '/home/ali-suleiman/first_slam_project/install/setup.bash'
[22.017s] INFO:colcon.colcon_core.shell:Creating prefix script '/home/ali-suleiman/first_slam_project/install/local_setup.zsh'
[22.017s] INFO:colcon.colcon_core.shell:Creating prefix chain script '/home/ali-suleiman/first_slam_project/install/setup.zsh'
