[0.022s] Invoking command in '/home/ali-suleiman/first_slam_project/build/turtlebot3_fake_node': CMAKE_PREFIX_PATH=${CMAKE_PREFIX_PATH}:/opt/ros/jazzy DEBUGINFOD_URLS=https://debuginfod.ubuntu.com /usr/bin/cmake --build /home/ali-suleiman/first_slam_project/build/turtlebot3_fake_node -- -j12 -l12
[0.106s] [100%] Built target turtlebot3_fake_node
[0.122s] Invoked command in '/home/ali-suleiman/first_slam_project/build/turtlebot3_fake_node' returned '0': CMAKE_PREFIX_PATH=${CMAKE_PREFIX_PATH}:/opt/ros/jazzy DEBUGINFOD_URLS=https://debuginfod.ubuntu.com /usr/bin/cmake --build /home/ali-suleiman/first_slam_project/build/turtlebot3_fake_node -- -j12 -l12
[0.136s] Invoking command in '/home/ali-suleiman/first_slam_project/build/turtlebot3_fake_node': CMAKE_PREFIX_PATH=${CMAKE_PREFIX_PATH}:/opt/ros/jazzy DEBUGINFOD_URLS=https://debuginfod.ubuntu.com /usr/bin/cmake --install /home/ali-suleiman/first_slam_project/build/turtlebot3_fake_node
[0.146s] -- Install configuration: ""
[0.147s] -- Up-to-date: /home/ali-suleiman/first_slam_project/install/turtlebot3_fake_node/lib/turtlebot3_fake_node/turtlebot3_fake_node
[0.147s] -- Up-to-date: /home/ali-suleiman/first_slam_project/install/turtlebot3_fake_node/share/turtlebot3_fake_node/launch
[0.147s] -- Up-to-date: /home/ali-suleiman/first_slam_project/install/turtlebot3_fake_node/share/turtlebot3_fake_node/launch/turtlebot3_fake_node.launch.py
[0.147s] -- Up-to-date: /home/ali-suleiman/first_slam_project/install/turtlebot3_fake_node/share/turtlebot3_fake_node/launch/rviz2.launch.py
[0.147s] -- Up-to-date: /home/ali-suleiman/first_slam_project/install/turtlebot3_fake_node/share/turtlebot3_fake_node/param
[0.147s] -- Up-to-date: /home/ali-suleiman/first_slam_project/install/turtlebot3_fake_node/share/turtlebot3_fake_node/param/waffle_pi.yaml
[0.148s] -- Up-to-date: /home/ali-suleiman/first_slam_project/install/turtlebot3_fake_node/share/turtlebot3_fake_node/param/burger.yaml
[0.148s] -- Up-to-date: /home/ali-suleiman/first_slam_project/install/turtlebot3_fake_node/share/turtlebot3_fake_node/param/waffle.yaml
[0.148s] -- Up-to-date: /home/ali-suleiman/first_slam_project/install/turtlebot3_fake_node/include/
[0.148s] -- Up-to-date: /home/ali-suleiman/first_slam_project/install/turtlebot3_fake_node/include//turtlebot3_fake_node
[0.148s] -- Up-to-date: /home/ali-suleiman/first_slam_project/install/turtlebot3_fake_node/include//turtlebot3_fake_node/turtlebot3_fake_node.hpp
[0.148s] -- Up-to-date: /home/ali-suleiman/first_slam_project/install/turtlebot3_fake_node/share/ament_index/resource_index/package_run_dependencies/turtlebot3_fake_node
[0.149s] -- Up-to-date: /home/ali-suleiman/first_slam_project/install/turtlebot3_fake_node/share/ament_index/resource_index/parent_prefix_path/turtlebot3_fake_node
[0.149s] -- Up-to-date: /home/ali-suleiman/first_slam_project/install/turtlebot3_fake_node/share/turtlebot3_fake_node/environment/ament_prefix_path.sh
[0.149s] -- Up-to-date: /home/ali-suleiman/first_slam_project/install/turtlebot3_fake_node/share/turtlebot3_fake_node/environment/ament_prefix_path.dsv
[0.149s] -- Up-to-date: /home/ali-suleiman/first_slam_project/install/turtlebot3_fake_node/share/turtlebot3_fake_node/environment/path.sh
[0.149s] -- Up-to-date: /home/ali-suleiman/first_slam_project/install/turtlebot3_fake_node/share/turtlebot3_fake_node/environment/path.dsv
[0.149s] -- Up-to-date: /home/ali-suleiman/first_slam_project/install/turtlebot3_fake_node/share/turtlebot3_fake_node/local_setup.bash
[0.149s] -- Up-to-date: /home/ali-suleiman/first_slam_project/install/turtlebot3_fake_node/share/turtlebot3_fake_node/local_setup.sh
[0.149s] -- Up-to-date: /home/ali-suleiman/first_slam_project/install/turtlebot3_fake_node/share/turtlebot3_fake_node/local_setup.zsh
[0.150s] -- Up-to-date: /home/ali-suleiman/first_slam_project/install/turtlebot3_fake_node/share/turtlebot3_fake_node/local_setup.dsv
[0.150s] -- Installing: /home/ali-suleiman/first_slam_project/install/turtlebot3_fake_node/share/turtlebot3_fake_node/package.dsv
[0.150s] -- Up-to-date: /home/ali-suleiman/first_slam_project/install/turtlebot3_fake_node/share/ament_index/resource_index/packages/turtlebot3_fake_node
[0.150s] -- Up-to-date: /home/ali-suleiman/first_slam_project/install/turtlebot3_fake_node/share/turtlebot3_fake_node/cmake/ament_cmake_export_include_directories-extras.cmake
[0.150s] -- Up-to-date: /home/ali-suleiman/first_slam_project/install/turtlebot3_fake_node/share/turtlebot3_fake_node/cmake/ament_cmake_export_dependencies-extras.cmake
[0.151s] -- Up-to-date: /home/ali-suleiman/first_slam_project/install/turtlebot3_fake_node/share/turtlebot3_fake_node/cmake/turtlebot3_fake_nodeConfig.cmake
[0.151s] -- Up-to-date: /home/ali-suleiman/first_slam_project/install/turtlebot3_fake_node/share/turtlebot3_fake_node/cmake/turtlebot3_fake_nodeConfig-version.cmake
[0.151s] -- Up-to-date: /home/ali-suleiman/first_slam_project/install/turtlebot3_fake_node/share/turtlebot3_fake_node/package.xml
[0.168s] Invoked command in '/home/ali-suleiman/first_slam_project/build/turtlebot3_fake_node' returned '0': CMAKE_PREFIX_PATH=${CMAKE_PREFIX_PATH}:/opt/ros/jazzy DEBUGINFOD_URLS=https://debuginfod.ubuntu.com /usr/bin/cmake --install /home/ali-suleiman/first_slam_project/build/turtlebot3_fake_node
