[0.187s] DEBUG:colcon:Command line arguments: ['/usr/bin/colcon', 'build']
[0.187s] DEBUG:colcon:Parsed command line arguments: Namespace(log_base=None, log_level=None, verb_name='build', build_base='build', install_base='install', merge_install=False, symlink_install=False, test_result_base=None, continue_on_error=False, executor='parallel', parallel_workers=12, event_handlers=None, ignore_user_meta=False, metas=['./colcon.meta'], base_paths=['.'], packages_ignore=None, packages_ignore_regex=None, paths=None, packages_up_to=None, packages_up_to_regex=None, packages_above=None, packages_above_and_dependencies=None, packages_above_depth=None, packages_select_by_dep=None, packages_skip_by_dep=None, packages_skip_up_to=None, packages_select_build_failed=False, packages_skip_build_finished=False, packages_select_test_failures=False, packages_skip_test_passed=False, packages_select=None, packages_skip=None, packages_select_regex=None, packages_skip_regex=None, packages_start=None, packages_end=None, allow_overriding=[], cmake_args=None, cmake_target=None, cmake_target_skip_unavailable=False, cmake_clean_cache=False, cmake_clean_first=False, cmake_force_configure=False, ament_cmake_args=None, catkin_cmake_args=None, catkin_skip_building_tests=False, mixin_files=None, mixin=None, verb_parser=<colcon_mixin.mixin.mixin_argument.MixinArgumentDecorator object at 0x72a1d46d3530>, verb_extension=<colcon_core.verb.build.BuildVerb object at 0x72a1d46d3140>, main=<bound method BuildVerb.main of <colcon_core.verb.build.BuildVerb object at 0x72a1d46d3140>>, mixin_verb=('build',))
[0.250s] Level 1:colcon.colcon_core.package_discovery:discover_packages(colcon_meta) check parameters
[0.250s] Level 1:colcon.colcon_core.package_discovery:discover_packages(recursive) check parameters
[0.250s] Level 1:colcon.colcon_core.package_discovery:discover_packages(ignore) check parameters
[0.250s] Level 1:colcon.colcon_core.package_discovery:discover_packages(path) check parameters
[0.250s] Level 1:colcon.colcon_core.package_discovery:discover_packages(colcon_meta) discover
[0.250s] Level 1:colcon.colcon_core.package_discovery:discover_packages(recursive) discover
[0.251s] INFO:colcon.colcon_core.package_discovery:Crawling recursively for packages in '/home/ali-suleiman/first_slam_project'
[0.251s] Level 1:colcon.colcon_core.package_identification:_identify(.) by extensions ['ignore', 'ignore_ament_install']
[0.251s] Level 1:colcon.colcon_core.package_identification:_identify(.) by extension 'ignore'
[0.251s] Level 1:colcon.colcon_core.package_identification:_identify(.) by extension 'ignore_ament_install'
[0.251s] Level 1:colcon.colcon_core.package_identification:_identify(.) by extensions ['colcon_pkg']
[0.251s] Level 1:colcon.colcon_core.package_identification:_identify(.) by extension 'colcon_pkg'
[0.251s] Level 1:colcon.colcon_core.package_identification:_identify(.) by extensions ['colcon_meta']
[0.251s] Level 1:colcon.colcon_core.package_identification:_identify(.) by extension 'colcon_meta'
[0.251s] Level 1:colcon.colcon_core.package_identification:_identify(.) by extensions ['ros']
[0.251s] Level 1:colcon.colcon_core.package_identification:_identify(.) by extension 'ros'
[0.289s] Level 1:colcon.colcon_core.package_identification:_identify(.) by extensions ['cmake', 'python']
[0.289s] Level 1:colcon.colcon_core.package_identification:_identify(.) by extension 'cmake'
[0.290s] Level 1:colcon.colcon_core.package_identification:_identify(.) by extension 'python'
[0.290s] Level 1:colcon.colcon_core.package_identification:_identify(.) by extensions ['python_setup_py']
[0.290s] Level 1:colcon.colcon_core.package_identification:_identify(.) by extension 'python_setup_py'
[0.290s] Level 1:colcon.colcon_core.package_identification:_identify(build) by extensions ['ignore', 'ignore_ament_install']
[0.290s] Level 1:colcon.colcon_core.package_identification:_identify(build) by extension 'ignore'
[0.290s] Level 1:colcon.colcon_core.package_identification:_identify(build) ignored
[0.290s] Level 1:colcon.colcon_core.package_identification:_identify(install) by extensions ['ignore', 'ignore_ament_install']
[0.290s] Level 1:colcon.colcon_core.package_identification:_identify(install) by extension 'ignore'
[0.290s] Level 1:colcon.colcon_core.package_identification:_identify(install) ignored
[0.291s] Level 1:colcon.colcon_core.package_identification:_identify(log) by extensions ['ignore', 'ignore_ament_install']
[0.291s] Level 1:colcon.colcon_core.package_identification:_identify(log) by extension 'ignore'
[0.291s] Level 1:colcon.colcon_core.package_identification:_identify(log) ignored
[0.291s] Level 1:colcon.colcon_core.package_identification:_identify(src) by extensions ['ignore', 'ignore_ament_install']
[0.291s] Level 1:colcon.colcon_core.package_identification:_identify(src) by extension 'ignore'
[0.291s] Level 1:colcon.colcon_core.package_identification:_identify(src) by extension 'ignore_ament_install'
[0.291s] Level 1:colcon.colcon_core.package_identification:_identify(src) by extensions ['colcon_pkg']
[0.291s] Level 1:colcon.colcon_core.package_identification:_identify(src) by extension 'colcon_pkg'
[0.291s] Level 1:colcon.colcon_core.package_identification:_identify(src) by extensions ['colcon_meta']
[0.291s] Level 1:colcon.colcon_core.package_identification:_identify(src) by extension 'colcon_meta'
[0.291s] Level 1:colcon.colcon_core.package_identification:_identify(src) by extensions ['ros']
[0.291s] Level 1:colcon.colcon_core.package_identification:_identify(src) by extension 'ros'
[0.291s] Level 1:colcon.colcon_core.package_identification:_identify(src) by extensions ['cmake', 'python']
[0.291s] Level 1:colcon.colcon_core.package_identification:_identify(src) by extension 'cmake'
[0.292s] Level 1:colcon.colcon_core.package_identification:_identify(src) by extension 'python'
[0.292s] Level 1:colcon.colcon_core.package_identification:_identify(src) by extensions ['python_setup_py']
[0.292s] Level 1:colcon.colcon_core.package_identification:_identify(src) by extension 'python_setup_py'
[0.292s] Level 1:colcon.colcon_core.package_identification:_identify(src/turtlebot3_fake_node) by extensions ['ignore', 'ignore_ament_install']
[0.292s] Level 1:colcon.colcon_core.package_identification:_identify(src/turtlebot3_fake_node) by extension 'ignore'
[0.292s] Level 1:colcon.colcon_core.package_identification:_identify(src/turtlebot3_fake_node) by extension 'ignore_ament_install'
[0.292s] Level 1:colcon.colcon_core.package_identification:_identify(src/turtlebot3_fake_node) by extensions ['colcon_pkg']
[0.292s] Level 1:colcon.colcon_core.package_identification:_identify(src/turtlebot3_fake_node) by extension 'colcon_pkg'
[0.292s] Level 1:colcon.colcon_core.package_identification:_identify(src/turtlebot3_fake_node) by extensions ['colcon_meta']
[0.292s] Level 1:colcon.colcon_core.package_identification:_identify(src/turtlebot3_fake_node) by extension 'colcon_meta'
[0.292s] Level 1:colcon.colcon_core.package_identification:_identify(src/turtlebot3_fake_node) by extensions ['ros']
[0.292s] Level 1:colcon.colcon_core.package_identification:_identify(src/turtlebot3_fake_node) by extension 'ros'
[0.296s] DEBUG:colcon.colcon_core.package_identification:Package 'src/turtlebot3_fake_node' with type 'ros.ament_cmake' and name 'turtlebot3_fake_node'
[0.296s] Level 1:colcon.colcon_core.package_identification:_identify(src/turtlebot3_gazebo) by extensions ['ignore', 'ignore_ament_install']
[0.297s] Level 1:colcon.colcon_core.package_identification:_identify(src/turtlebot3_gazebo) by extension 'ignore'
[0.297s] Level 1:colcon.colcon_core.package_identification:_identify(src/turtlebot3_gazebo) by extension 'ignore_ament_install'
[0.297s] Level 1:colcon.colcon_core.package_identification:_identify(src/turtlebot3_gazebo) by extensions ['colcon_pkg']
[0.297s] Level 1:colcon.colcon_core.package_identification:_identify(src/turtlebot3_gazebo) by extension 'colcon_pkg'
[0.297s] Level 1:colcon.colcon_core.package_identification:_identify(src/turtlebot3_gazebo) by extensions ['colcon_meta']
[0.297s] Level 1:colcon.colcon_core.package_identification:_identify(src/turtlebot3_gazebo) by extension 'colcon_meta'
[0.297s] Level 1:colcon.colcon_core.package_identification:_identify(src/turtlebot3_gazebo) by extensions ['ros']
[0.297s] Level 1:colcon.colcon_core.package_identification:_identify(src/turtlebot3_gazebo) by extension 'ros'
[0.299s] DEBUG:colcon.colcon_core.package_identification:Package 'src/turtlebot3_gazebo' with type 'ros.ament_cmake' and name 'turtlebot3_gazebo'
[0.299s] Level 1:colcon.colcon_core.package_identification:_identify(src/turtlebot3_simulations) by extensions ['ignore', 'ignore_ament_install']
[0.299s] Level 1:colcon.colcon_core.package_identification:_identify(src/turtlebot3_simulations) by extension 'ignore'
[0.299s] Level 1:colcon.colcon_core.package_identification:_identify(src/turtlebot3_simulations) by extension 'ignore_ament_install'
[0.299s] Level 1:colcon.colcon_core.package_identification:_identify(src/turtlebot3_simulations) by extensions ['colcon_pkg']
[0.299s] Level 1:colcon.colcon_core.package_identification:_identify(src/turtlebot3_simulations) by extension 'colcon_pkg'
[0.299s] Level 1:colcon.colcon_core.package_identification:_identify(src/turtlebot3_simulations) by extensions ['colcon_meta']
[0.299s] Level 1:colcon.colcon_core.package_identification:_identify(src/turtlebot3_simulations) by extension 'colcon_meta'
[0.299s] Level 1:colcon.colcon_core.package_identification:_identify(src/turtlebot3_simulations) by extensions ['ros']
[0.299s] Level 1:colcon.colcon_core.package_identification:_identify(src/turtlebot3_simulations) by extension 'ros'
[0.300s] DEBUG:colcon.colcon_core.package_identification:Package 'src/turtlebot3_simulations' with type 'ros.ament_cmake' and name 'turtlebot3_simulations'
[0.300s] Level 1:colcon.colcon_core.package_discovery:discover_packages(recursive) using defaults
[0.300s] Level 1:colcon.colcon_core.package_discovery:discover_packages(ignore) discover
[0.300s] Level 1:colcon.colcon_core.package_discovery:discover_packages(ignore) using defaults
[0.300s] Level 1:colcon.colcon_core.package_discovery:discover_packages(path) discover
[0.300s] Level 1:colcon.colcon_core.package_discovery:discover_packages(path) using defaults
[0.327s] Level 1:colcon.colcon_core.package_discovery:discover_packages(prefix_path) check parameters
[0.327s] Level 1:colcon.colcon_core.package_discovery:discover_packages(prefix_path) discover
[0.328s] WARNING:colcon.colcon_core.prefix_path.colcon:The path '/home/ali-suleiman/slam_project/install' in the environment variable COLCON_PREFIX_PATH doesn't exist
[0.328s] WARNING:colcon.colcon_ros.prefix_path.ament:The path '/home/ali-suleiman/slam_project/install/turtlebot3_simulations' in the environment variable AMENT_PREFIX_PATH doesn't exist
[0.328s] WARNING:colcon.colcon_ros.prefix_path.ament:The path '/home/ali-suleiman/slam_project/install/turtlebot3_gazebo' in the environment variable AMENT_PREFIX_PATH doesn't exist
[0.328s] WARNING:colcon.colcon_ros.prefix_path.ament:The path '/home/ali-suleiman/slam_project/install/turtlebot3_fake_node' in the environment variable AMENT_PREFIX_PATH doesn't exist
[0.328s] WARNING:colcon.colcon_ros.prefix_path.catkin:The path '/home/ali-suleiman/slam_project/install/turtlebot3_simulations' in the environment variable CMAKE_PREFIX_PATH doesn't exist
[0.328s] WARNING:colcon.colcon_ros.prefix_path.catkin:The path '/home/ali-suleiman/slam_project/install/turtlebot3_gazebo' in the environment variable CMAKE_PREFIX_PATH doesn't exist
[0.328s] WARNING:colcon.colcon_ros.prefix_path.catkin:The path '/home/ali-suleiman/slam_project/install/turtlebot3_fake_node' in the environment variable CMAKE_PREFIX_PATH doesn't exist
[0.332s] DEBUG:colcon.colcon_installed_package_information.package_discovery:Found 503 installed packages in /opt/ros/jazzy
[0.335s] Level 1:colcon.colcon_core.package_discovery:discover_packages(prefix_path) using defaults
[0.460s] Level 5:colcon.colcon_core.verb:set package 'turtlebot3_fake_node' build argument 'cmake_args' from command line to 'None'
[0.460s] Level 5:colcon.colcon_core.verb:set package 'turtlebot3_fake_node' build argument 'cmake_target' from command line to 'None'
[0.460s] Level 5:colcon.colcon_core.verb:set package 'turtlebot3_fake_node' build argument 'cmake_target_skip_unavailable' from command line to 'False'
[0.460s] Level 5:colcon.colcon_core.verb:set package 'turtlebot3_fake_node' build argument 'cmake_clean_cache' from command line to 'False'
[0.460s] Level 5:colcon.colcon_core.verb:set package 'turtlebot3_fake_node' build argument 'cmake_clean_first' from command line to 'False'
[0.460s] Level 5:colcon.colcon_core.verb:set package 'turtlebot3_fake_node' build argument 'cmake_force_configure' from command line to 'False'
[0.460s] Level 5:colcon.colcon_core.verb:set package 'turtlebot3_fake_node' build argument 'ament_cmake_args' from command line to 'None'
[0.460s] Level 5:colcon.colcon_core.verb:set package 'turtlebot3_fake_node' build argument 'catkin_cmake_args' from command line to 'None'
[0.460s] Level 5:colcon.colcon_core.verb:set package 'turtlebot3_fake_node' build argument 'catkin_skip_building_tests' from command line to 'False'
[0.460s] DEBUG:colcon.colcon_core.verb:Building package 'turtlebot3_fake_node' with the following arguments: {'ament_cmake_args': None, 'build_base': '/home/ali-suleiman/first_slam_project/build/turtlebot3_fake_node', 'catkin_cmake_args': None, 'catkin_skip_building_tests': False, 'cmake_args': None, 'cmake_clean_cache': False, 'cmake_clean_first': False, 'cmake_force_configure': False, 'cmake_target': None, 'cmake_target_skip_unavailable': False, 'install_base': '/home/ali-suleiman/first_slam_project/install/turtlebot3_fake_node', 'merge_install': False, 'path': '/home/ali-suleiman/first_slam_project/src/turtlebot3_fake_node', 'symlink_install': False, 'test_result_base': None}
[0.460s] Level 5:colcon.colcon_core.verb:set package 'turtlebot3_gazebo' build argument 'cmake_args' from command line to 'None'
[0.460s] Level 5:colcon.colcon_core.verb:set package 'turtlebot3_gazebo' build argument 'cmake_target' from command line to 'None'
[0.461s] Level 5:colcon.colcon_core.verb:set package 'turtlebot3_gazebo' build argument 'cmake_target_skip_unavailable' from command line to 'False'
[0.461s] Level 5:colcon.colcon_core.verb:set package 'turtlebot3_gazebo' build argument 'cmake_clean_cache' from command line to 'False'
[0.461s] Level 5:colcon.colcon_core.verb:set package 'turtlebot3_gazebo' build argument 'cmake_clean_first' from command line to 'False'
[0.461s] Level 5:colcon.colcon_core.verb:set package 'turtlebot3_gazebo' build argument 'cmake_force_configure' from command line to 'False'
[0.461s] Level 5:colcon.colcon_core.verb:set package 'turtlebot3_gazebo' build argument 'ament_cmake_args' from command line to 'None'
[0.461s] Level 5:colcon.colcon_core.verb:set package 'turtlebot3_gazebo' build argument 'catkin_cmake_args' from command line to 'None'
[0.461s] Level 5:colcon.colcon_core.verb:set package 'turtlebot3_gazebo' build argument 'catkin_skip_building_tests' from command line to 'False'
[0.461s] DEBUG:colcon.colcon_core.verb:Building package 'turtlebot3_gazebo' with the following arguments: {'ament_cmake_args': None, 'build_base': '/home/ali-suleiman/first_slam_project/build/turtlebot3_gazebo', 'catkin_cmake_args': None, 'catkin_skip_building_tests': False, 'cmake_args': None, 'cmake_clean_cache': False, 'cmake_clean_first': False, 'cmake_force_configure': False, 'cmake_target': None, 'cmake_target_skip_unavailable': False, 'install_base': '/home/ali-suleiman/first_slam_project/install/turtlebot3_gazebo', 'merge_install': False, 'path': '/home/ali-suleiman/first_slam_project/src/turtlebot3_gazebo', 'symlink_install': False, 'test_result_base': None}
[0.461s] Level 5:colcon.colcon_core.verb:set package 'turtlebot3_simulations' build argument 'cmake_args' from command line to 'None'
[0.461s] Level 5:colcon.colcon_core.verb:set package 'turtlebot3_simulations' build argument 'cmake_target' from command line to 'None'
[0.461s] Level 5:colcon.colcon_core.verb:set package 'turtlebot3_simulations' build argument 'cmake_target_skip_unavailable' from command line to 'False'
[0.461s] Level 5:colcon.colcon_core.verb:set package 'turtlebot3_simulations' build argument 'cmake_clean_cache' from command line to 'False'
[0.461s] Level 5:colcon.colcon_core.verb:set package 'turtlebot3_simulations' build argument 'cmake_clean_first' from command line to 'False'
[0.461s] Level 5:colcon.colcon_core.verb:set package 'turtlebot3_simulations' build argument 'cmake_force_configure' from command line to 'False'
[0.461s] Level 5:colcon.colcon_core.verb:set package 'turtlebot3_simulations' build argument 'ament_cmake_args' from command line to 'None'
[0.461s] Level 5:colcon.colcon_core.verb:set package 'turtlebot3_simulations' build argument 'catkin_cmake_args' from command line to 'None'
[0.461s] Level 5:colcon.colcon_core.verb:set package 'turtlebot3_simulations' build argument 'catkin_skip_building_tests' from command line to 'False'
[0.461s] DEBUG:colcon.colcon_core.verb:Building package 'turtlebot3_simulations' with the following arguments: {'ament_cmake_args': None, 'build_base': '/home/ali-suleiman/first_slam_project/build/turtlebot3_simulations', 'catkin_cmake_args': None, 'catkin_skip_building_tests': False, 'cmake_args': None, 'cmake_clean_cache': False, 'cmake_clean_first': False, 'cmake_force_configure': False, 'cmake_target': None, 'cmake_target_skip_unavailable': False, 'install_base': '/home/ali-suleiman/first_slam_project/install/turtlebot3_simulations', 'merge_install': False, 'path': '/home/ali-suleiman/first_slam_project/src/turtlebot3_simulations', 'symlink_install': False, 'test_result_base': None}
[0.462s] INFO:colcon.colcon_core.executor:Executing jobs using 'parallel' executor
[0.463s] DEBUG:colcon.colcon_parallel_executor.executor.parallel:run_until_complete
[0.463s] INFO:colcon.colcon_ros.task.ament_cmake.build:Building ROS package in '/home/ali-suleiman/first_slam_project/src/turtlebot3_fake_node' with build type 'ament_cmake'
[0.464s] INFO:colcon.colcon_cmake.task.cmake.build:Building CMake package in '/home/ali-suleiman/first_slam_project/src/turtlebot3_fake_node'
[0.467s] INFO:colcon.colcon_core.plugin_system:Skipping extension 'colcon_core.shell.bat': Not used on non-Windows systems
[0.467s] INFO:colcon.colcon_core.shell:Skip shell extension 'powershell' for command environment: Not usable outside of PowerShell
[0.468s] DEBUG:colcon.colcon_core.shell:Skip shell extension 'dsv' for command environment
[0.474s] INFO:colcon.colcon_ros.task.ament_cmake.build:Building ROS package in '/home/ali-suleiman/first_slam_project/src/turtlebot3_gazebo' with build type 'ament_cmake'
[0.474s] INFO:colcon.colcon_cmake.task.cmake.build:Building CMake package in '/home/ali-suleiman/first_slam_project/src/turtlebot3_gazebo'
[0.474s] INFO:colcon.colcon_core.shell:Skip shell extension 'powershell' for command environment: Not usable outside of PowerShell
[0.474s] DEBUG:colcon.colcon_core.shell:Skip shell extension 'dsv' for command environment
[0.486s] DEBUG:colcon.colcon_core.event_handler.log_command:Invoking command in '/home/ali-suleiman/first_slam_project/build/turtlebot3_fake_node': CMAKE_PREFIX_PATH=${CMAKE_PREFIX_PATH}:/opt/ros/jazzy DEBUGINFOD_URLS=https://debuginfod.ubuntu.com /usr/bin/cmake --build /home/ali-suleiman/first_slam_project/build/turtlebot3_fake_node -- -j12 -l12
[0.492s] DEBUG:colcon.colcon_core.event_handler.log_command:Invoking command in '/home/ali-suleiman/first_slam_project/build/turtlebot3_gazebo': CMAKE_PREFIX_PATH=${CMAKE_PREFIX_PATH}:/opt/ros/jazzy DEBUGINFOD_URLS=https://debuginfod.ubuntu.com /usr/bin/cmake --build /home/ali-suleiman/first_slam_project/build/turtlebot3_gazebo -- -j12 -l12
[0.586s] DEBUG:colcon.colcon_core.event_handler.log_command:Invoked command in '/home/ali-suleiman/first_slam_project/build/turtlebot3_fake_node' returned '0': CMAKE_PREFIX_PATH=${CMAKE_PREFIX_PATH}:/opt/ros/jazzy DEBUGINFOD_URLS=https://debuginfod.ubuntu.com /usr/bin/cmake --build /home/ali-suleiman/first_slam_project/build/turtlebot3_fake_node -- -j12 -l12
[0.600s] DEBUG:colcon.colcon_core.event_handler.log_command:Invoking command in '/home/ali-suleiman/first_slam_project/build/turtlebot3_fake_node': CMAKE_PREFIX_PATH=${CMAKE_PREFIX_PATH}:/opt/ros/jazzy DEBUGINFOD_URLS=https://debuginfod.ubuntu.com /usr/bin/cmake --install /home/ali-suleiman/first_slam_project/build/turtlebot3_fake_node
[0.601s] DEBUG:colcon.colcon_core.event_handler.log_command:Invoked command in '/home/ali-suleiman/first_slam_project/build/turtlebot3_gazebo' returned '0': CMAKE_PREFIX_PATH=${CMAKE_PREFIX_PATH}:/opt/ros/jazzy DEBUGINFOD_URLS=https://debuginfod.ubuntu.com /usr/bin/cmake --build /home/ali-suleiman/first_slam_project/build/turtlebot3_gazebo -- -j12 -l12
[0.603s] DEBUG:colcon.colcon_core.event_handler.log_command:Invoking command in '/home/ali-suleiman/first_slam_project/build/turtlebot3_gazebo': CMAKE_PREFIX_PATH=${CMAKE_PREFIX_PATH}:/opt/ros/jazzy DEBUGINFOD_URLS=https://debuginfod.ubuntu.com /usr/bin/cmake --install /home/ali-suleiman/first_slam_project/build/turtlebot3_gazebo
[0.618s] Level 1:colcon.colcon_core.environment:create_environment_scripts_only(turtlebot3_fake_node)
[0.632s] DEBUG:colcon.colcon_core.event_handler.log_command:Invoked command in '/home/ali-suleiman/first_slam_project/build/turtlebot3_fake_node' returned '0': CMAKE_PREFIX_PATH=${CMAKE_PREFIX_PATH}:/opt/ros/jazzy DEBUGINFOD_URLS=https://debuginfod.ubuntu.com /usr/bin/cmake --install /home/ali-suleiman/first_slam_project/build/turtlebot3_fake_node
[0.641s] Level 1:colcon.colcon_core.environment:checking '/home/ali-suleiman/first_slam_project/install/turtlebot3_fake_node' for CMake module files
[0.641s] Level 1:colcon.colcon_core.environment:checking '/home/ali-suleiman/first_slam_project/install/turtlebot3_fake_node' for CMake config files
[0.642s] Level 1:colcon.colcon_core.shell:create_environment_hook('turtlebot3_fake_node', 'cmake_prefix_path')
[0.642s] INFO:colcon.colcon_core.shell:Creating environment hook '/home/ali-suleiman/first_slam_project/install/turtlebot3_fake_node/share/turtlebot3_fake_node/hook/cmake_prefix_path.ps1'
[0.643s] INFO:colcon.colcon_core.shell:Creating environment descriptor '/home/ali-suleiman/first_slam_project/install/turtlebot3_fake_node/share/turtlebot3_fake_node/hook/cmake_prefix_path.dsv'
[0.643s] INFO:colcon.colcon_core.shell:Creating environment hook '/home/ali-suleiman/first_slam_project/install/turtlebot3_fake_node/share/turtlebot3_fake_node/hook/cmake_prefix_path.sh'
[0.644s] Level 1:colcon.colcon_core.environment:checking '/home/ali-suleiman/first_slam_project/install/turtlebot3_fake_node/lib'
[0.644s] Level 1:colcon.colcon_core.environment:checking '/home/ali-suleiman/first_slam_project/install/turtlebot3_fake_node/bin'
[0.645s] Level 1:colcon.colcon_core.environment:checking '/home/ali-suleiman/first_slam_project/install/turtlebot3_fake_node/lib/pkgconfig/turtlebot3_fake_node.pc'
[0.645s] Level 1:colcon.colcon_core.environment:checking '/home/ali-suleiman/first_slam_project/install/turtlebot3_fake_node/lib/python3.12/site-packages'
[0.645s] Level 1:colcon.colcon_core.environment:checking '/home/ali-suleiman/first_slam_project/install/turtlebot3_fake_node/bin'
[0.646s] INFO:colcon.colcon_core.shell:Creating package script '/home/ali-suleiman/first_slam_project/install/turtlebot3_fake_node/share/turtlebot3_fake_node/package.ps1'
[0.647s] INFO:colcon.colcon_core.shell:Creating package descriptor '/home/ali-suleiman/first_slam_project/install/turtlebot3_fake_node/share/turtlebot3_fake_node/package.dsv'
[0.648s] INFO:colcon.colcon_core.shell:Creating package script '/home/ali-suleiman/first_slam_project/install/turtlebot3_fake_node/share/turtlebot3_fake_node/package.sh'
[0.648s] INFO:colcon.colcon_core.shell:Creating package script '/home/ali-suleiman/first_slam_project/install/turtlebot3_fake_node/share/turtlebot3_fake_node/package.bash'
[0.649s] INFO:colcon.colcon_core.shell:Creating package script '/home/ali-suleiman/first_slam_project/install/turtlebot3_fake_node/share/turtlebot3_fake_node/package.zsh'
[0.650s] Level 1:colcon.colcon_core.environment:create_file_with_runtime_dependencies(/home/ali-suleiman/first_slam_project/install/turtlebot3_fake_node/share/colcon-core/packages/turtlebot3_fake_node)
[0.651s] Level 1:colcon.colcon_core.environment:create_environment_scripts_only(turtlebot3_fake_node)
[0.651s] Level 1:colcon.colcon_core.environment:checking '/home/ali-suleiman/first_slam_project/install/turtlebot3_fake_node' for CMake module files
[0.652s] Level 1:colcon.colcon_core.environment:checking '/home/ali-suleiman/first_slam_project/install/turtlebot3_fake_node' for CMake config files
[0.652s] Level 1:colcon.colcon_core.shell:create_environment_hook('turtlebot3_fake_node', 'cmake_prefix_path')
[0.652s] INFO:colcon.colcon_core.shell:Creating environment hook '/home/ali-suleiman/first_slam_project/install/turtlebot3_fake_node/share/turtlebot3_fake_node/hook/cmake_prefix_path.ps1'
[0.653s] INFO:colcon.colcon_core.shell:Creating environment descriptor '/home/ali-suleiman/first_slam_project/install/turtlebot3_fake_node/share/turtlebot3_fake_node/hook/cmake_prefix_path.dsv'
[0.653s] INFO:colcon.colcon_core.shell:Creating environment hook '/home/ali-suleiman/first_slam_project/install/turtlebot3_fake_node/share/turtlebot3_fake_node/hook/cmake_prefix_path.sh'
[0.654s] Level 1:colcon.colcon_core.environment:checking '/home/ali-suleiman/first_slam_project/install/turtlebot3_fake_node/lib'
[0.654s] Level 1:colcon.colcon_core.environment:checking '/home/ali-suleiman/first_slam_project/install/turtlebot3_fake_node/bin'
[0.654s] Level 1:colcon.colcon_core.environment:checking '/home/ali-suleiman/first_slam_project/install/turtlebot3_fake_node/lib/pkgconfig/turtlebot3_fake_node.pc'
[0.655s] Level 1:colcon.colcon_core.environment:checking '/home/ali-suleiman/first_slam_project/install/turtlebot3_fake_node/lib/python3.12/site-packages'
[0.655s] Level 1:colcon.colcon_core.environment:checking '/home/ali-suleiman/first_slam_project/install/turtlebot3_fake_node/bin'
[0.656s] INFO:colcon.colcon_core.shell:Creating package script '/home/ali-suleiman/first_slam_project/install/turtlebot3_fake_node/share/turtlebot3_fake_node/package.ps1'
[0.656s] INFO:colcon.colcon_core.shell:Creating package descriptor '/home/ali-suleiman/first_slam_project/install/turtlebot3_fake_node/share/turtlebot3_fake_node/package.dsv'
[0.657s] INFO:colcon.colcon_core.shell:Creating package script '/home/ali-suleiman/first_slam_project/install/turtlebot3_fake_node/share/turtlebot3_fake_node/package.sh'
[0.657s] INFO:colcon.colcon_core.shell:Creating package script '/home/ali-suleiman/first_slam_project/install/turtlebot3_fake_node/share/turtlebot3_fake_node/package.bash'
[0.658s] INFO:colcon.colcon_core.shell:Creating package script '/home/ali-suleiman/first_slam_project/install/turtlebot3_fake_node/share/turtlebot3_fake_node/package.zsh'
[0.658s] Level 1:colcon.colcon_core.environment:create_file_with_runtime_dependencies(/home/ali-suleiman/first_slam_project/install/turtlebot3_fake_node/share/colcon-core/packages/turtlebot3_fake_node)
[0.659s] Level 1:colcon.colcon_core.environment:create_environment_scripts_only(turtlebot3_gazebo)
[0.660s] Level 1:colcon.colcon_core.environment:checking '/home/ali-suleiman/first_slam_project/install/turtlebot3_gazebo' for CMake module files
[0.661s] DEBUG:colcon.colcon_core.event_handler.log_command:Invoked command in '/home/ali-suleiman/first_slam_project/build/turtlebot3_gazebo' returned '0': CMAKE_PREFIX_PATH=${CMAKE_PREFIX_PATH}:/opt/ros/jazzy DEBUGINFOD_URLS=https://debuginfod.ubuntu.com /usr/bin/cmake --install /home/ali-suleiman/first_slam_project/build/turtlebot3_gazebo
[0.661s] Level 1:colcon.colcon_core.environment:checking '/home/ali-suleiman/first_slam_project/install/turtlebot3_gazebo' for CMake config files
[0.661s] Level 1:colcon.colcon_core.shell:create_environment_hook('turtlebot3_gazebo', 'cmake_prefix_path')
[0.662s] INFO:colcon.colcon_core.shell:Creating environment hook '/home/ali-suleiman/first_slam_project/install/turtlebot3_gazebo/share/turtlebot3_gazebo/hook/cmake_prefix_path.ps1'
[0.663s] INFO:colcon.colcon_core.shell:Creating environment descriptor '/home/ali-suleiman/first_slam_project/install/turtlebot3_gazebo/share/turtlebot3_gazebo/hook/cmake_prefix_path.dsv'
[0.663s] INFO:colcon.colcon_core.shell:Creating environment hook '/home/ali-suleiman/first_slam_project/install/turtlebot3_gazebo/share/turtlebot3_gazebo/hook/cmake_prefix_path.sh'
[0.664s] Level 1:colcon.colcon_core.environment:checking '/home/ali-suleiman/first_slam_project/install/turtlebot3_gazebo/lib'
[0.664s] Level 1:colcon.colcon_core.environment:checking '/home/ali-suleiman/first_slam_project/install/turtlebot3_gazebo/bin'
[0.664s] Level 1:colcon.colcon_core.environment:checking '/home/ali-suleiman/first_slam_project/install/turtlebot3_gazebo/lib/pkgconfig/turtlebot3_gazebo.pc'
[0.665s] Level 1:colcon.colcon_core.environment:checking '/home/ali-suleiman/first_slam_project/install/turtlebot3_gazebo/lib/python3.12/site-packages'
[0.665s] Level 1:colcon.colcon_core.environment:checking '/home/ali-suleiman/first_slam_project/install/turtlebot3_gazebo/bin'
[0.666s] INFO:colcon.colcon_core.shell:Creating package script '/home/ali-suleiman/first_slam_project/install/turtlebot3_gazebo/share/turtlebot3_gazebo/package.ps1'
[0.666s] INFO:colcon.colcon_core.shell:Creating package descriptor '/home/ali-suleiman/first_slam_project/install/turtlebot3_gazebo/share/turtlebot3_gazebo/package.dsv'
[0.667s] INFO:colcon.colcon_core.shell:Creating package script '/home/ali-suleiman/first_slam_project/install/turtlebot3_gazebo/share/turtlebot3_gazebo/package.sh'
[0.668s] INFO:colcon.colcon_core.shell:Creating package script '/home/ali-suleiman/first_slam_project/install/turtlebot3_gazebo/share/turtlebot3_gazebo/package.bash'
[0.668s] INFO:colcon.colcon_core.shell:Creating package script '/home/ali-suleiman/first_slam_project/install/turtlebot3_gazebo/share/turtlebot3_gazebo/package.zsh'
[0.668s] Level 1:colcon.colcon_core.environment:create_file_with_runtime_dependencies(/home/ali-suleiman/first_slam_project/install/turtlebot3_gazebo/share/colcon-core/packages/turtlebot3_gazebo)
[0.669s] Level 1:colcon.colcon_core.environment:create_environment_scripts_only(turtlebot3_gazebo)
[0.669s] Level 1:colcon.colcon_core.environment:checking '/home/ali-suleiman/first_slam_project/install/turtlebot3_gazebo' for CMake module files
[0.670s] Level 1:colcon.colcon_core.environment:checking '/home/ali-suleiman/first_slam_project/install/turtlebot3_gazebo' for CMake config files
[0.670s] Level 1:colcon.colcon_core.shell:create_environment_hook('turtlebot3_gazebo', 'cmake_prefix_path')
[0.670s] INFO:colcon.colcon_core.shell:Creating environment hook '/home/ali-suleiman/first_slam_project/install/turtlebot3_gazebo/share/turtlebot3_gazebo/hook/cmake_prefix_path.ps1'
[0.671s] INFO:colcon.colcon_core.shell:Creating environment descriptor '/home/ali-suleiman/first_slam_project/install/turtlebot3_gazebo/share/turtlebot3_gazebo/hook/cmake_prefix_path.dsv'
[0.671s] INFO:colcon.colcon_core.shell:Creating environment hook '/home/ali-suleiman/first_slam_project/install/turtlebot3_gazebo/share/turtlebot3_gazebo/hook/cmake_prefix_path.sh'
[0.672s] Level 1:colcon.colcon_core.environment:checking '/home/ali-suleiman/first_slam_project/install/turtlebot3_gazebo/lib'
[0.672s] Level 1:colcon.colcon_core.environment:checking '/home/ali-suleiman/first_slam_project/install/turtlebot3_gazebo/bin'
[0.672s] Level 1:colcon.colcon_core.environment:checking '/home/ali-suleiman/first_slam_project/install/turtlebot3_gazebo/lib/pkgconfig/turtlebot3_gazebo.pc'
[0.672s] Level 1:colcon.colcon_core.environment:checking '/home/ali-suleiman/first_slam_project/install/turtlebot3_gazebo/lib/python3.12/site-packages'
[0.673s] Level 1:colcon.colcon_core.environment:checking '/home/ali-suleiman/first_slam_project/install/turtlebot3_gazebo/bin'
[0.673s] INFO:colcon.colcon_core.shell:Creating package script '/home/ali-suleiman/first_slam_project/install/turtlebot3_gazebo/share/turtlebot3_gazebo/package.ps1'
[0.674s] INFO:colcon.colcon_core.shell:Creating package descriptor '/home/ali-suleiman/first_slam_project/install/turtlebot3_gazebo/share/turtlebot3_gazebo/package.dsv'
[0.674s] INFO:colcon.colcon_core.shell:Creating package script '/home/ali-suleiman/first_slam_project/install/turtlebot3_gazebo/share/turtlebot3_gazebo/package.sh'
[0.675s] INFO:colcon.colcon_core.shell:Creating package script '/home/ali-suleiman/first_slam_project/install/turtlebot3_gazebo/share/turtlebot3_gazebo/package.bash'
[0.675s] INFO:colcon.colcon_core.shell:Creating package script '/home/ali-suleiman/first_slam_project/install/turtlebot3_gazebo/share/turtlebot3_gazebo/package.zsh'
[0.676s] Level 1:colcon.colcon_core.environment:create_file_with_runtime_dependencies(/home/ali-suleiman/first_slam_project/install/turtlebot3_gazebo/share/colcon-core/packages/turtlebot3_gazebo)
[0.676s] INFO:colcon.colcon_ros.task.ament_cmake.build:Building ROS package in '/home/ali-suleiman/first_slam_project/src/turtlebot3_simulations' with build type 'ament_cmake'
[0.676s] INFO:colcon.colcon_cmake.task.cmake.build:Building CMake package in '/home/ali-suleiman/first_slam_project/src/turtlebot3_simulations'
[0.677s] INFO:colcon.colcon_core.shell:Skip shell extension 'powershell' for command environment: Not usable outside of PowerShell
[0.677s] DEBUG:colcon.colcon_core.shell:Skip shell extension 'dsv' for command environment
[0.691s] DEBUG:colcon.colcon_core.event_handler.log_command:Invoking command in '/home/ali-suleiman/first_slam_project/build/turtlebot3_simulations': AMENT_PREFIX_PATH=/home/ali-suleiman/first_slam_project/install/turtlebot3_gazebo:/home/ali-suleiman/first_slam_project/install/turtlebot3_fake_node:${AMENT_PREFIX_PATH} CMAKE_PREFIX_PATH=/home/ali-suleiman/first_slam_project/install/turtlebot3_gazebo:/home/ali-suleiman/first_slam_project/install/turtlebot3_fake_node:/home/ali-suleiman/slam_project/install/turtlebot3_simulations:/home/ali-suleiman/slam_project/install/turtlebot3_gazebo:/home/ali-suleiman/slam_project/install/turtlebot3_fake_node:/opt/ros/jazzy/opt/gz_sim_vendor:/opt/ros/jazzy/opt/gz_sensors_vendor:/opt/ros/jazzy/opt/gz_physics_vendor:/opt/ros/jazzy/opt/sdformat_vendor:/opt/ros/jazzy/opt/gz_gui_vendor:/opt/ros/jazzy/opt/gz_transport_vendor:/opt/ros/jazzy/opt/gz_rendering_vendor:/opt/ros/jazzy/opt/gz_plugin_vendor:/opt/ros/jazzy/opt/gz_fuel_tools_vendor:/opt/ros/jazzy/opt/gz_msgs_vendor:/opt/ros/jazzy/opt/gz_common_vendor:/opt/ros/jazzy/opt/gz_math_vendor:/opt/ros/jazzy/opt/gz_utils_vendor:/opt/ros/jazzy/opt/gz_tools_vendor:/opt/ros/jazzy/opt/gz_ogre_next_vendor:/opt/ros/jazzy/opt/gz_dartsim_vendor:/opt/ros/jazzy/opt/gz_cmake_vendor:/opt/ros/jazzy DEBUGINFOD_URLS=https://debuginfod.ubuntu.com /usr/bin/cmake --build /home/ali-suleiman/first_slam_project/build/turtlebot3_simulations -- -j12 -l12
[0.743s] DEBUG:colcon.colcon_core.event_handler.log_command:Invoked command in '/home/ali-suleiman/first_slam_project/build/turtlebot3_simulations' returned '0': AMENT_PREFIX_PATH=/home/ali-suleiman/first_slam_project/install/turtlebot3_gazebo:/home/ali-suleiman/first_slam_project/install/turtlebot3_fake_node:${AMENT_PREFIX_PATH} CMAKE_PREFIX_PATH=/home/ali-suleiman/first_slam_project/install/turtlebot3_gazebo:/home/ali-suleiman/first_slam_project/install/turtlebot3_fake_node:/home/ali-suleiman/slam_project/install/turtlebot3_simulations:/home/ali-suleiman/slam_project/install/turtlebot3_gazebo:/home/ali-suleiman/slam_project/install/turtlebot3_fake_node:/opt/ros/jazzy/opt/gz_sim_vendor:/opt/ros/jazzy/opt/gz_sensors_vendor:/opt/ros/jazzy/opt/gz_physics_vendor:/opt/ros/jazzy/opt/sdformat_vendor:/opt/ros/jazzy/opt/gz_gui_vendor:/opt/ros/jazzy/opt/gz_transport_vendor:/opt/ros/jazzy/opt/gz_rendering_vendor:/opt/ros/jazzy/opt/gz_plugin_vendor:/opt/ros/jazzy/opt/gz_fuel_tools_vendor:/opt/ros/jazzy/opt/gz_msgs_vendor:/opt/ros/jazzy/opt/gz_common_vendor:/opt/ros/jazzy/opt/gz_math_vendor:/opt/ros/jazzy/opt/gz_utils_vendor:/opt/ros/jazzy/opt/gz_tools_vendor:/opt/ros/jazzy/opt/gz_ogre_next_vendor:/opt/ros/jazzy/opt/gz_dartsim_vendor:/opt/ros/jazzy/opt/gz_cmake_vendor:/opt/ros/jazzy DEBUGINFOD_URLS=https://debuginfod.ubuntu.com /usr/bin/cmake --build /home/ali-suleiman/first_slam_project/build/turtlebot3_simulations -- -j12 -l12
[0.745s] DEBUG:colcon.colcon_core.event_handler.log_command:Invoking command in '/home/ali-suleiman/first_slam_project/build/turtlebot3_simulations': AMENT_PREFIX_PATH=/home/ali-suleiman/first_slam_project/install/turtlebot3_gazebo:/home/ali-suleiman/first_slam_project/install/turtlebot3_fake_node:${AMENT_PREFIX_PATH} CMAKE_PREFIX_PATH=/home/ali-suleiman/first_slam_project/install/turtlebot3_gazebo:/home/ali-suleiman/first_slam_project/install/turtlebot3_fake_node:/home/ali-suleiman/slam_project/install/turtlebot3_simulations:/home/ali-suleiman/slam_project/install/turtlebot3_gazebo:/home/ali-suleiman/slam_project/install/turtlebot3_fake_node:/opt/ros/jazzy/opt/gz_sim_vendor:/opt/ros/jazzy/opt/gz_sensors_vendor:/opt/ros/jazzy/opt/gz_physics_vendor:/opt/ros/jazzy/opt/sdformat_vendor:/opt/ros/jazzy/opt/gz_gui_vendor:/opt/ros/jazzy/opt/gz_transport_vendor:/opt/ros/jazzy/opt/gz_rendering_vendor:/opt/ros/jazzy/opt/gz_plugin_vendor:/opt/ros/jazzy/opt/gz_fuel_tools_vendor:/opt/ros/jazzy/opt/gz_msgs_vendor:/opt/ros/jazzy/opt/gz_common_vendor:/opt/ros/jazzy/opt/gz_math_vendor:/opt/ros/jazzy/opt/gz_utils_vendor:/opt/ros/jazzy/opt/gz_tools_vendor:/opt/ros/jazzy/opt/gz_ogre_next_vendor:/opt/ros/jazzy/opt/gz_dartsim_vendor:/opt/ros/jazzy/opt/gz_cmake_vendor:/opt/ros/jazzy DEBUGINFOD_URLS=https://debuginfod.ubuntu.com /usr/bin/cmake --install /home/ali-suleiman/first_slam_project/build/turtlebot3_simulations
[0.757s] Level 1:colcon.colcon_core.environment:create_environment_scripts_only(turtlebot3_simulations)
[0.758s] DEBUG:colcon.colcon_core.event_handler.log_command:Invoked command in '/home/ali-suleiman/first_slam_project/build/turtlebot3_simulations' returned '0': AMENT_PREFIX_PATH=/home/ali-suleiman/first_slam_project/install/turtlebot3_gazebo:/home/ali-suleiman/first_slam_project/install/turtlebot3_fake_node:${AMENT_PREFIX_PATH} CMAKE_PREFIX_PATH=/home/ali-suleiman/first_slam_project/install/turtlebot3_gazebo:/home/ali-suleiman/first_slam_project/install/turtlebot3_fake_node:/home/ali-suleiman/slam_project/install/turtlebot3_simulations:/home/ali-suleiman/slam_project/install/turtlebot3_gazebo:/home/ali-suleiman/slam_project/install/turtlebot3_fake_node:/opt/ros/jazzy/opt/gz_sim_vendor:/opt/ros/jazzy/opt/gz_sensors_vendor:/opt/ros/jazzy/opt/gz_physics_vendor:/opt/ros/jazzy/opt/sdformat_vendor:/opt/ros/jazzy/opt/gz_gui_vendor:/opt/ros/jazzy/opt/gz_transport_vendor:/opt/ros/jazzy/opt/gz_rendering_vendor:/opt/ros/jazzy/opt/gz_plugin_vendor:/opt/ros/jazzy/opt/gz_fuel_tools_vendor:/opt/ros/jazzy/opt/gz_msgs_vendor:/opt/ros/jazzy/opt/gz_common_vendor:/opt/ros/jazzy/opt/gz_math_vendor:/opt/ros/jazzy/opt/gz_utils_vendor:/opt/ros/jazzy/opt/gz_tools_vendor:/opt/ros/jazzy/opt/gz_ogre_next_vendor:/opt/ros/jazzy/opt/gz_dartsim_vendor:/opt/ros/jazzy/opt/gz_cmake_vendor:/opt/ros/jazzy DEBUGINFOD_URLS=https://debuginfod.ubuntu.com /usr/bin/cmake --install /home/ali-suleiman/first_slam_project/build/turtlebot3_simulations
[0.758s] Level 1:colcon.colcon_core.environment:checking '/home/ali-suleiman/first_slam_project/install/turtlebot3_simulations' for CMake module files
[0.759s] Level 1:colcon.colcon_core.environment:checking '/home/ali-suleiman/first_slam_project/install/turtlebot3_simulations' for CMake config files
[0.759s] Level 1:colcon.colcon_core.shell:create_environment_hook('turtlebot3_simulations', 'cmake_prefix_path')
[0.759s] INFO:colcon.colcon_core.shell:Creating environment hook '/home/ali-suleiman/first_slam_project/install/turtlebot3_simulations/share/turtlebot3_simulations/hook/cmake_prefix_path.ps1'
[0.760s] INFO:colcon.colcon_core.shell:Creating environment descriptor '/home/ali-suleiman/first_slam_project/install/turtlebot3_simulations/share/turtlebot3_simulations/hook/cmake_prefix_path.dsv'
[0.760s] INFO:colcon.colcon_core.shell:Creating environment hook '/home/ali-suleiman/first_slam_project/install/turtlebot3_simulations/share/turtlebot3_simulations/hook/cmake_prefix_path.sh'
[0.761s] Level 1:colcon.colcon_core.environment:checking '/home/ali-suleiman/first_slam_project/install/turtlebot3_simulations/bin'
[0.761s] Level 1:colcon.colcon_core.environment:checking '/home/ali-suleiman/first_slam_project/install/turtlebot3_simulations/lib/pkgconfig/turtlebot3_simulations.pc'
[0.761s] Level 1:colcon.colcon_core.environment:checking '/home/ali-suleiman/first_slam_project/install/turtlebot3_simulations/lib/python3.12/site-packages'
[0.762s] Level 1:colcon.colcon_core.environment:checking '/home/ali-suleiman/first_slam_project/install/turtlebot3_simulations/bin'
[0.762s] INFO:colcon.colcon_core.shell:Creating package script '/home/ali-suleiman/first_slam_project/install/turtlebot3_simulations/share/turtlebot3_simulations/package.ps1'
[0.763s] INFO:colcon.colcon_core.shell:Creating package descriptor '/home/ali-suleiman/first_slam_project/install/turtlebot3_simulations/share/turtlebot3_simulations/package.dsv'
[0.763s] INFO:colcon.colcon_core.shell:Creating package script '/home/ali-suleiman/first_slam_project/install/turtlebot3_simulations/share/turtlebot3_simulations/package.sh'
[0.764s] INFO:colcon.colcon_core.shell:Creating package script '/home/ali-suleiman/first_slam_project/install/turtlebot3_simulations/share/turtlebot3_simulations/package.bash'
[0.764s] INFO:colcon.colcon_core.shell:Creating package script '/home/ali-suleiman/first_slam_project/install/turtlebot3_simulations/share/turtlebot3_simulations/package.zsh'
[0.765s] Level 1:colcon.colcon_core.environment:create_file_with_runtime_dependencies(/home/ali-suleiman/first_slam_project/install/turtlebot3_simulations/share/colcon-core/packages/turtlebot3_simulations)
[0.765s] Level 1:colcon.colcon_core.environment:create_environment_scripts_only(turtlebot3_simulations)
[0.765s] Level 1:colcon.colcon_core.environment:checking '/home/ali-suleiman/first_slam_project/install/turtlebot3_simulations' for CMake module files
[0.766s] Level 1:colcon.colcon_core.environment:checking '/home/ali-suleiman/first_slam_project/install/turtlebot3_simulations' for CMake config files
[0.766s] Level 1:colcon.colcon_core.shell:create_environment_hook('turtlebot3_simulations', 'cmake_prefix_path')
[0.767s] INFO:colcon.colcon_core.shell:Creating environment hook '/home/ali-suleiman/first_slam_project/install/turtlebot3_simulations/share/turtlebot3_simulations/hook/cmake_prefix_path.ps1'
[0.768s] INFO:colcon.colcon_core.shell:Creating environment descriptor '/home/ali-suleiman/first_slam_project/install/turtlebot3_simulations/share/turtlebot3_simulations/hook/cmake_prefix_path.dsv'
[0.768s] INFO:colcon.colcon_core.shell:Creating environment hook '/home/ali-suleiman/first_slam_project/install/turtlebot3_simulations/share/turtlebot3_simulations/hook/cmake_prefix_path.sh'
[0.769s] Level 1:colcon.colcon_core.environment:checking '/home/ali-suleiman/first_slam_project/install/turtlebot3_simulations/bin'
[0.770s] Level 1:colcon.colcon_core.environment:checking '/home/ali-suleiman/first_slam_project/install/turtlebot3_simulations/lib/pkgconfig/turtlebot3_simulations.pc'
[0.770s] Level 1:colcon.colcon_core.environment:checking '/home/ali-suleiman/first_slam_project/install/turtlebot3_simulations/lib/python3.12/site-packages'
[0.770s] Level 1:colcon.colcon_core.environment:checking '/home/ali-suleiman/first_slam_project/install/turtlebot3_simulations/bin'
[0.771s] INFO:colcon.colcon_core.shell:Creating package script '/home/ali-suleiman/first_slam_project/install/turtlebot3_simulations/share/turtlebot3_simulations/package.ps1'
[0.771s] INFO:colcon.colcon_core.shell:Creating package descriptor '/home/ali-suleiman/first_slam_project/install/turtlebot3_simulations/share/turtlebot3_simulations/package.dsv'
[0.772s] INFO:colcon.colcon_core.shell:Creating package script '/home/ali-suleiman/first_slam_project/install/turtlebot3_simulations/share/turtlebot3_simulations/package.sh'
[0.772s] INFO:colcon.colcon_core.shell:Creating package script '/home/ali-suleiman/first_slam_project/install/turtlebot3_simulations/share/turtlebot3_simulations/package.bash'
[0.773s] INFO:colcon.colcon_core.shell:Creating package script '/home/ali-suleiman/first_slam_project/install/turtlebot3_simulations/share/turtlebot3_simulations/package.zsh'
[0.773s] Level 1:colcon.colcon_core.environment:create_file_with_runtime_dependencies(/home/ali-suleiman/first_slam_project/install/turtlebot3_simulations/share/colcon-core/packages/turtlebot3_simulations)
[0.774s] DEBUG:colcon.colcon_parallel_executor.executor.parallel:closing loop
[0.774s] DEBUG:colcon.colcon_parallel_executor.executor.parallel:loop closed
[0.774s] DEBUG:colcon.colcon_parallel_executor.executor.parallel:run_until_complete finished with '0'
[0.774s] DEBUG:colcon.colcon_core.event_reactor:joining thread
[0.782s] INFO:colcon.colcon_core.plugin_system:Skipping extension 'colcon_notification.desktop_notification.terminal_notifier': Not used on non-Darwin systems
[0.782s] INFO:colcon.colcon_core.plugin_system:Skipping extension 'colcon_notification.desktop_notification.win32': Not used on non-Windows systems
[0.782s] INFO:colcon.colcon_notification.desktop_notification:Sending desktop notification using 'notify2'
[0.801s] DEBUG:colcon.colcon_core.event_reactor:joined thread
[0.801s] INFO:colcon.colcon_core.shell:Creating prefix script '/home/ali-suleiman/first_slam_project/install/local_setup.ps1'
[0.803s] INFO:colcon.colcon_core.shell:Creating prefix util module '/home/ali-suleiman/first_slam_project/install/_local_setup_util_ps1.py'
[0.804s] INFO:colcon.colcon_core.shell:Creating prefix chain script '/home/ali-suleiman/first_slam_project/install/setup.ps1'
[0.805s] INFO:colcon.colcon_core.shell:Creating prefix script '/home/ali-suleiman/first_slam_project/install/local_setup.sh'
[0.806s] INFO:colcon.colcon_core.shell:Creating prefix util module '/home/ali-suleiman/first_slam_project/install/_local_setup_util_sh.py'
[0.807s] INFO:colcon.colcon_core.shell:Creating prefix chain script '/home/ali-suleiman/first_slam_project/install/setup.sh'
[0.808s] INFO:colcon.colcon_core.shell:Creating prefix script '/home/ali-suleiman/first_slam_project/install/local_setup.bash'
[0.808s] INFO:colcon.colcon_core.shell:Creating prefix chain script '/home/ali-suleiman/first_slam_project/install/setup.bash'
[0.809s] INFO:colcon.colcon_core.shell:Creating prefix script '/home/ali-suleiman/first_slam_project/install/local_setup.zsh'
[0.810s] INFO:colcon.colcon_core.shell:Creating prefix chain script '/home/ali-suleiman/first_slam_project/install/setup.zsh'
